Archive member included to satisfy reference by file (symbol)

D:/ST/STM32CubeIDE_1.16.1/STM32CubeIDE/plugins/com.st.stm32cube.ide.mcu.externaltools.gnu-tools-for-stm32.12.3.rel1.win32_1.0.200.202406191623/tools/bin/../lib/gcc/arm-none-eabi/12.3.1/../../../../arm-none-eabi/lib/thumb/v8-m.main+fp/hard\libc_nano.a(libc_a-exit.o)
                              D:/ST/STM32CubeIDE_1.16.1/STM32CubeIDE/plugins/com.st.stm32cube.ide.mcu.externaltools.gnu-tools-for-stm32.12.3.rel1.win32_1.0.200.202406191623/tools/bin/../lib/gcc/arm-none-eabi/12.3.1/../../../../arm-none-eabi/lib/thumb/v8-m.main+fp/hard/crt0.o (exit)
D:/ST/STM32CubeIDE_1.16.1/STM32CubeIDE/plugins/com.st.stm32cube.ide.mcu.externaltools.gnu-tools-for-stm32.12.3.rel1.win32_1.0.200.202406191623/tools/bin/../lib/gcc/arm-none-eabi/12.3.1/../../../../arm-none-eabi/lib/thumb/v8-m.main+fp/hard\libc_nano.a(libc_a-nano-vfprintf_float.o)
                              (_printf_float)
D:/ST/STM32CubeIDE_1.16.1/STM32CubeIDE/plugins/com.st.stm32cube.ide.mcu.externaltools.gnu-tools-for-stm32.12.3.rel1.win32_1.0.200.202406191623/tools/bin/../lib/gcc/arm-none-eabi/12.3.1/../../../../arm-none-eabi/lib/thumb/v8-m.main+fp/hard\libc_nano.a(libc_a-nano-vfprintf_i.o)
                              D:/ST/STM32CubeIDE_1.16.1/STM32CubeIDE/plugins/com.st.stm32cube.ide.mcu.externaltools.gnu-tools-for-stm32.12.3.rel1.win32_1.0.200.202406191623/tools/bin/../lib/gcc/arm-none-eabi/12.3.1/../../../../arm-none-eabi/lib/thumb/v8-m.main+fp/hard\libc_nano.a(libc_a-nano-vfprintf_float.o) (_printf_common)
D:/ST/STM32CubeIDE_1.16.1/STM32CubeIDE/plugins/com.st.stm32cube.ide.mcu.externaltools.gnu-tools-for-stm32.12.3.rel1.win32_1.0.200.202406191623/tools/bin/../lib/gcc/arm-none-eabi/12.3.1/../../../../arm-none-eabi/lib/thumb/v8-m.main+fp/hard\libc_nano.a(libc_a-findfp.o)
                              D:/ST/STM32CubeIDE_1.16.1/STM32CubeIDE/plugins/com.st.stm32cube.ide.mcu.externaltools.gnu-tools-for-stm32.12.3.rel1.win32_1.0.200.202406191623/tools/bin/../lib/gcc/arm-none-eabi/12.3.1/../../../../arm-none-eabi/lib/thumb/v8-m.main+fp/hard\libc_nano.a(libc_a-exit.o) (__stdio_exit_handler)
D:/ST/STM32CubeIDE_1.16.1/STM32CubeIDE/plugins/com.st.stm32cube.ide.mcu.externaltools.gnu-tools-for-stm32.12.3.rel1.win32_1.0.200.202406191623/tools/bin/../lib/gcc/arm-none-eabi/12.3.1/../../../../arm-none-eabi/lib/thumb/v8-m.main+fp/hard\libc_nano.a(libc_a-fwalk.o)
                              D:/ST/STM32CubeIDE_1.16.1/STM32CubeIDE/plugins/com.st.stm32cube.ide.mcu.externaltools.gnu-tools-for-stm32.12.3.rel1.win32_1.0.200.202406191623/tools/bin/../lib/gcc/arm-none-eabi/12.3.1/../../../../arm-none-eabi/lib/thumb/v8-m.main+fp/hard\libc_nano.a(libc_a-findfp.o) (_fwalk_sglue)
D:/ST/STM32CubeIDE_1.16.1/STM32CubeIDE/plugins/com.st.stm32cube.ide.mcu.externaltools.gnu-tools-for-stm32.12.3.rel1.win32_1.0.200.202406191623/tools/bin/../lib/gcc/arm-none-eabi/12.3.1/../../../../arm-none-eabi/lib/thumb/v8-m.main+fp/hard\libc_nano.a(libc_a-sprintf.o)
                              ./Application/User/Core/app_freertos.o (sprintf)
D:/ST/STM32CubeIDE_1.16.1/STM32CubeIDE/plugins/com.st.stm32cube.ide.mcu.externaltools.gnu-tools-for-stm32.12.3.rel1.win32_1.0.200.202406191623/tools/bin/../lib/gcc/arm-none-eabi/12.3.1/../../../../arm-none-eabi/lib/thumb/v8-m.main+fp/hard\libc_nano.a(libc_a-stdio.o)
                              D:/ST/STM32CubeIDE_1.16.1/STM32CubeIDE/plugins/com.st.stm32cube.ide.mcu.externaltools.gnu-tools-for-stm32.12.3.rel1.win32_1.0.200.202406191623/tools/bin/../lib/gcc/arm-none-eabi/12.3.1/../../../../arm-none-eabi/lib/thumb/v8-m.main+fp/hard\libc_nano.a(libc_a-findfp.o) (__sread)
D:/ST/STM32CubeIDE_1.16.1/STM32CubeIDE/plugins/com.st.stm32cube.ide.mcu.externaltools.gnu-tools-for-stm32.12.3.rel1.win32_1.0.200.202406191623/tools/bin/../lib/gcc/arm-none-eabi/12.3.1/../../../../arm-none-eabi/lib/thumb/v8-m.main+fp/hard\libc_nano.a(libc_a-memset.o)
                              D:/ST/STM32CubeIDE_1.16.1/STM32CubeIDE/plugins/com.st.stm32cube.ide.mcu.externaltools.gnu-tools-for-stm32.12.3.rel1.win32_1.0.200.202406191623/tools/bin/../lib/gcc/arm-none-eabi/12.3.1/../../../../arm-none-eabi/lib/thumb/v8-m.main+fp/hard/crt0.o (memset)
D:/ST/STM32CubeIDE_1.16.1/STM32CubeIDE/plugins/com.st.stm32cube.ide.mcu.externaltools.gnu-tools-for-stm32.12.3.rel1.win32_1.0.200.202406191623/tools/bin/../lib/gcc/arm-none-eabi/12.3.1/../../../../arm-none-eabi/lib/thumb/v8-m.main+fp/hard\libc_nano.a(libc_a-strstr.o)
                              ./Drivers/Device_Driver/Main_CPU_Comm.o (strstr)
D:/ST/STM32CubeIDE_1.16.1/STM32CubeIDE/plugins/com.st.stm32cube.ide.mcu.externaltools.gnu-tools-for-stm32.12.3.rel1.win32_1.0.200.202406191623/tools/bin/../lib/gcc/arm-none-eabi/12.3.1/../../../../arm-none-eabi/lib/thumb/v8-m.main+fp/hard\libc_nano.a(libc_a-localeconv.o)
[...]
Memory Configuration

Name             Origin             Length             Attributes
RAM              0x20000000         0x000a0000         xrw
FLASH            0x08000000         0x00200000         xr
*default*        0x00000000         0xffffffff

Linker script and memory map

LOAD D:/ST/STM32CubeIDE_1.16.1/STM32CubeIDE/plugins/com.st.stm32cube.ide.mcu.externaltools.gnu-tools-for-stm32.12.3.rel1.win32_1.0.200.202406191623/tools/bin/../lib/gcc/arm-none-eabi/12.3.1/thumb/v8-m.main+fp/hard/crti.o
LOAD D:/ST/STM32CubeIDE_1.16.1/STM32CubeIDE/plugins/com.st.stm32cube.ide.mcu.externaltools.gnu-tools-for-stm32.12.3.rel1.win32_1.0.200.202406191623/tools/bin/../lib/gcc/arm-none-eabi/12.3.1/thumb/v8-m.main+fp/hard/crtbegin.o
LOAD D:/ST/STM32CubeIDE_1.16.1/STM32CubeIDE/plugins/com.st.stm32cube.ide.mcu.externaltools.gnu-tools-for-stm32.12.3.rel1.win32_1.0.200.202406191623/tools/bin/../lib/gcc/arm-none-eabi/12.3.1/../../../../arm-none-eabi/lib/thumb/v8-m.main+fp/hard/crt0.o
LOAD ./Application/User/Core/app_freertos.o
LOAD ./Application/User/Core/main.o
LOAD ./Application/User/Core/stm32h5xx_it.o
LOAD ./Application/User/Core/syscalls.o
LOAD ./Application/User/Core/sysmem.o
LOAD ./Application/User/Startup/startup_stm32h573rivx.o
LOAD ./Application/User/Table_Tester/Common_CONST_VAR.o
LOAD ./Application/User/Table_Tester/Table_Tester_App.o
LOAD ./Drivers/CMSIS/system_stm32h5xx.o
LOAD ./Drivers/Device_Driver/GUI.o
LOAD ./Drivers/Device_Driver/Main_CPU_Comm.o
LOAD ./Drivers/Device_Driver/RS485.o
LOAD ./Drivers/Device_Driver/SPI.o
LOAD ./Drivers/Device_Driver/delay.o
LOAD ./Drivers/Device_Driver/lcd.o
LOAD ./Drivers/Device_Driver/xpt2046.o
LOAD ./Drivers/STM32H5xx_HAL_Driver/stm32h5xx_ll_crc.o
LOAD ./Drivers/STM32H5xx_HAL_Driver/stm32h5xx_ll_dma.o
LOAD ./Drivers/STM32H5xx_HAL_Driver/stm32h5xx_ll_exti.o
LOAD ./Drivers/STM32H5xx_HAL_Driver/stm32h5xx_ll_gpio.o
LOAD ./Drivers/STM32H5xx_HAL_Driver/stm32h5xx_ll_lpuart.o
LOAD ./Drivers/STM32H5xx_HAL_Driver/stm32h5xx_ll_pwr.o
LOAD ./Drivers/STM32H5xx_HAL_Driver/stm32h5xx_ll_rcc.o
LOAD ./Drivers/STM32H5xx_HAL_Driver/stm32h5xx_ll_spi.o
LOAD ./Drivers/STM32H5xx_HAL_Driver/stm32h5xx_ll_usart.o
LOAD ./Drivers/STM32H5xx_HAL_Driver/stm32h5xx_ll_utils.o
LOAD ./Middlewares/RTOS2/CMSIS/RTOS2/Core/TZ_Non_Supported/cmsis_os2.o
LOAD ./Middlewares/RTOS2/CMSIS/RTOS2/Core/TZ_Non_Supported/croutine.o
LOAD ./Middlewares/RTOS2/CMSIS/RTOS2/Core/TZ_Non_Supported/event_groups.o
LOAD ./Middlewares/RTOS2/CMSIS/RTOS2/Core/TZ_Non_Supported/list.o
LOAD ./Middlewares/RTOS2/CMSIS/RTOS2/Core/TZ_Non_Supported/port.o
LOAD ./Middlewares/RTOS2/CMSIS/RTOS2/Core/TZ_Non_Supported/portasm.o
LOAD ./Middlewares/RTOS2/CMSIS/RTOS2/Core/TZ_Non_Supported/queue.o
LOAD ./Middlewares/RTOS2/CMSIS/RTOS2/Core/TZ_Non_Supported/stream_buffer.o
LOAD ./Middlewares/RTOS2/CMSIS/RTOS2/Core/TZ_Non_Supported/tasks.o
LOAD ./Middlewares/RTOS2/CMSIS/RTOS2/Core/TZ_Non_Supported/timers.o
LOAD ./Middlewares/RTOS2/CMSIS/RTOS2/Heap/Heap_4/heap_4.o
START GROUP
LOAD D:/ST/STM32CubeIDE_1.16.1/STM32CubeIDE/plugins/com.st.stm32cube.ide.mcu.externaltools.gnu-tools-for-stm32.12.3.rel1.win32_1.0.200.202406191623/tools/bin/../lib/gcc/arm-none-eabi/12.3.1/../../../../arm-none-eabi/lib/thumb/v8-m.main+fp/hard\libc_nano.a
LOAD D:/ST/STM32CubeIDE_1.16.1/STM32CubeIDE/plugins/com.st.stm32cube.ide.mcu.externaltools.gnu-tools-for-stm32.12.3.rel1.win32_1.0.200.202406191623/tools/bin/../lib/gcc/arm-none-eabi/12.3.1/../../../../arm-none-eabi/lib/thumb/v8-m.main+fp/hard\libm.a
END GROUP
START GROUP
LOAD D:/ST/STM32CubeIDE_1.16.1/STM32CubeIDE/plugins/com.st.stm32cube.ide.mcu.externaltools.gnu-tools-for-stm32.12.3.rel1.win32_1.0.200.202406191623/tools/bin/../lib/gcc/arm-none-eabi/12.3.1/thumb/v8-m.main+fp/hard\libgcc.a
LOAD D:/ST/STM32CubeIDE_1.16.1/STM32CubeIDE/plugins/com.st.stm32cube.ide.mcu.externaltools.gnu-tools-for-stm32.12.3.rel1.win32_1.0.200.202406191623/tools/bin/../lib/gcc/arm-none-eabi/12.3.1/../../../../arm-none-eabi/lib/thumb/v8-m.main+fp/hard\libc_nano.a
END GROUP
START GROUP
LOAD D:/ST/STM32CubeIDE_1.16.1/STM32CubeIDE/plugins/com.st.stm32cube.ide.mcu.externaltools.gnu-tools-for-stm32.12.3.rel1.win32_1.0.200.202406191623/tools/bin/../lib/gcc/arm-none-eabi/12.3.1/thumb/v8-m.main+fp/hard\libgcc.a
LOAD D:/ST/STM32CubeIDE_1.16.1/STM32CubeIDE/plugins/com.st.stm32cube.ide.mcu.externaltools.gnu-tools-for-stm32.12.3.rel1.win32_1.0.200.202406191623/tools/bin/../lib/gcc/arm-none-eabi/12.3.1/../../../../arm-none-eabi/lib/thumb/v8-m.main+fp/hard\libc_nano.a
LOAD D:/ST/STM32CubeIDE_1.16.1/STM32CubeIDE/plugins/com.st.stm32cube.ide.mcu.externaltools.gnu-tools-for-stm32.12.3.rel1.win32_1.0.200.202406191623/tools/bin/../lib/gcc/arm-none-eabi/12.3.1/../../../../arm-none-eabi/lib/thumb/v8-m.main+fp/hard\libnosys.a
END GROUP
START GROUP
LOAD D:/ST/STM32CubeIDE_1.16.1/STM32CubeIDE/plugins/com.st.stm32cube.ide.mcu.externaltools.gnu-tools-for-stm32.12.3.rel1.win32_1.0.200.202406191623/tools/bin/../lib/gcc/arm-none-eabi/12.3.1/thumb/v8-m.main+fp/hard\libgcc.a
LOAD D:/ST/STM32CubeIDE_1.16.1/STM32CubeIDE/plugins/com.st.stm32cube.ide.mcu.externaltools.gnu-tools-for-stm32.12.3.rel1.win32_1.0.200.202406191623/tools/bin/../lib/gcc/arm-none-eabi/12.3.1/../../../../arm-none-eabi/lib/thumb/v8-m.main+fp/hard\libc_nano.a
LOAD D:/ST/STM32CubeIDE_1.16.1/STM32CubeIDE/plugins/com.st.stm32cube.ide.mcu.externaltools.gnu-tools-for-stm32.12.3.rel1.win32_1.0.200.202406191623/tools/bin/../lib/gcc/arm-none-eabi/12.3.1/../../../../arm-none-eabi/lib/thumb/v8-m.main+fp/hard\libnosys.a
END GROUP
LOAD D:/ST/STM32CubeIDE_1.16.1/STM32CubeIDE/plugins/com.st.stm32cube.ide.mcu.externaltools.gnu-tools-for-stm32.12.3.rel1.win32_1.0.200.202406191623/tools/bin/../lib/gcc/arm-none-eabi/12.3.1/thumb/v8-m.main+fp/hard/crtend.o
LOAD D:/ST/STM32CubeIDE_1.16.1/STM32CubeIDE/plugins/com.st.stm32cube.ide.mcu.externaltools.gnu-tools-for-stm32.12.3.rel1.win32_1.0.200.202406191623/tools/bin/../lib/gcc/arm-none-eabi/12.3.1/thumb/v8-m.main+fp/hard/crtn.o
                0x200a0000                        _estack = (ORIGIN (RAM) + LENGTH (RAM))
                0x00000200                        _Min_Heap_Size = 0x200
                0x00000400                        _Min_Stack_Size = 0x400

.isr_vector     0x08000000      0x24c
                0x08000000                        . = ALIGN (0x4)
 *(.isr_vector)
 .isr_vector    0x08000000      0x24c ./Application/User/Startup/startup_stm32h573rivx.o
                0x08000000                g_pfnVectors
                0x0800024c                        . = ALIGN (0x4)

.text           0x08000250     0xf620
                0x08000250                        . = ALIGN (0x4)
 *(.text)
 .text          0x08000250       0x40 D:/ST/STM32CubeIDE_1.16.1/STM32CubeIDE/plugins/com.st.stm32cube.ide.mcu.externaltools.gnu-tools-for-stm32.12.3.rel1.win32_1.0.200.202406191623/tools/bin/../lib/gcc/arm-none-eabi/12.3.1/thumb/v8-m.main+fp/hard/crtbegin.o
 .text          0x08000290       0x10 D:/ST/STM32CubeIDE_1.16.1/STM32CubeIDE/plugins/com.st.stm32cube.ide.mcu.externaltools.gnu-tools-for-stm32.12.3.rel1.win32_1.0.200.202406191623/tools/bin/../lib/gcc/arm-none-eabi/12.3.1/../../../../arm-none-eabi/lib/thumb/v8-m.main+fp/hard\libc_nano.a(libc_a-strlen.o)
                0x08000290                strlen
 .text          0x080002a0      0x378 D:/ST/STM32CubeIDE_1.16.1/STM32CubeIDE/plugins/com.st.stm32cube.ide.mcu.externaltools.gnu-tools-for-stm32.12.3.rel1.win32_1.0.200.202406191623/tools/bin/../lib/gcc/arm-none-eabi/12.3.1/thumb/v8-m.main+fp/hard\libgcc.a(_arm_addsubdf3.o)
                0x080002a0                __aeabi_drsub
                0x080002a8                __aeabi_dsub
                0x080002a8                __subdf3
                0x080002ac                __aeabi_dadd
                0x080002ac                __adddf3
                0x08000524                __floatunsidf
                0x08000524                __aeabi_ui2d
                0x08000544                __floatsidf
                0x08000544                __aeabi_i2d
                0x08000568                __aeabi_f2d
                0x08000568                __extendsfdf2
                0x080005ac                __floatundidf
                0x080005ac                __aeabi_ul2d
                0x080005bc                __floatdidf
                0x080005bc                __aeabi_l2d
 .text          0x08000618      0x424 D:/ST/STM32CubeIDE_1.16.1/STM32CubeIDE/plugins/com.st.stm32cube.ide.mcu.externaltools.gnu-tools-for-stm32.12.3.rel1.win32_1.0.200.202406191623/tools/bin/../lib/gcc/arm-none-eabi/12.3.1/thumb/v8-m.main+fp/hard\libgcc.a(_arm_muldivdf3.o)
                0x08000618                __aeabi_dmul
                0x08000618                __muldf3
                0x0800086c                __divdf3
                0x0800086c                __aeabi_ddiv
 .text          0x08000a3c      0x110 D:/ST/STM32CubeIDE_1.16.1/STM32CubeIDE/plugins/com.st.stm32cube.ide.mcu.externaltools.gnu-tools-for-stm32.12.3.rel1.win32_1.0.200.202406191623/tools/bin/../lib/gcc/arm-none-eabi/12.3.1/thumb/v8-m.main+fp/hard\libgcc.a(_arm_cmpdf2.o)
                0x08000a3c                __gtdf2
                0x08000a3c                __gedf2
                0x08000a44                __ltdf2
                0x08000a44                __ledf2
                0x08000a4c                __nedf2
                0x08000a4c                __eqdf2
                0x08000a4c                __cmpdf2
                0x08000ac8                __aeabi_cdrcmple
                0x08000ad8                __aeabi_cdcmpeq
                0x08000ad8                __aeabi_cdcmple
                0x08000ae8                __aeabi_dcmpeq
                0x08000afc                __aeabi_dcmplt
                0x08000b10                __aeabi_dcmple
                0x08000b24                __aeabi_dcmpge
                0x08000b38                __aeabi_dcmpgt
 .text          0x08000b4c       0x2c D:/ST/STM32CubeIDE_1.16.1/STM32CubeIDE/plugins/com.st.stm32cube.ide.mcu.externaltools.gnu-tools-for-stm32.12.3.rel1.win32_1.0.200.202406191623/tools/bin/../lib/gcc/arm-none-eabi/12.3.1/thumb/v8-m.main+fp/hard\libgcc.a(_arm_unorddf2.o)
                0x08000b4c                __unorddf2
                0x08000b4c                __aeabi_dcmpun
 .text          0x08000b78       0x50 D:/ST/STM32CubeIDE_1.16.1/STM32CubeIDE/plugins/com.st.stm32cube.ide.mcu.externaltools.gnu-tools-for-stm32.12.3.rel1.win32_1.0.200.202406191623/tools/bin/../lib/gcc/arm-none-eabi/12.3.1/thumb/v8-m.main+fp/hard\libgcc.a(_arm_fixdfsi.o)
                0x08000b78                __aeabi_d2iz
                0x08000b78                __fixdfsi
 .text          0x08000bc8       0x30 D:/ST/STM32CubeIDE_1.16.1/STM32CubeIDE/plugins/com.st.stm32cube.ide.mcu.externaltools.gnu-tools-for-stm32.12.3.rel1.win32_1.0.200.202406191623/tools/bin/../lib/gcc/arm-none-eabi/12.3.1/thumb/v8-m.main+fp/hard\libgcc.a(_aeabi_uldivmod.o)
                0x08000bc8                __aeabi_uldivmod
 .text          0x08000bf8      0x2e4 D:/ST/STM32CubeIDE_1.16.1/STM32CubeIDE/plugins/com.st.stm32cube.ide.mcu.externaltools.gnu-tools-for-stm32.12.3.rel1.win32_1.0.200.202406191623/tools/bin/../lib/gcc/arm-none-eabi/12.3.1/thumb/v8-m.main+fp/hard\libgcc.a(_udivmoddi4.o)
                0x08000bf8                __udivmoddi4
 .text          0x08000edc        0x4 D:/ST/STM32CubeIDE_1.16.1/STM32CubeIDE/plugins/com.st.stm32cube.ide.mcu.externaltools.gnu-tools-for-stm32.12.3.rel1.win32_1.0.200.202406191623/tools/bin/../lib/gcc/arm-none-eabi/12.3.1/thumb/v8-m.main+fp/hard\libgcc.a(_dvmd_tls.o)
                0x08000edc                __aeabi_idiv0
                0x08000edc                __aeabi_ldiv0
 *(.text*)
 .text.MX_FREERTOS_Init
                0x08000ee0       0x88 ./Application/User/Core/app_freertos.o
                0x08000ee0                MX_FREERTOS_Init
 .text.LCD_Touch_Task
                0x08000f68     0x15b8 ./Application/User/Core/app_freertos.o
                0x08000f68                LCD_Touch_Task
 .text.Callback01
                0x08002520       0x14 ./Application/User/Core/app_freertos.o
                0x08002520                Callback01
 .text.__NVIC_SetPriorityGrouping
                0x08002534       0x48 ./Application/User/Core/main.o
 .text.__NVIC_GetPriorityGrouping
                0x0800257c       0x1c ./Application/User/Core/main.o
 .text.__NVIC_EnableIRQ
                0x08002598       0x3c ./Application/User/Core/main.o
 .text.__NVIC_SetPriority
                0x080025d4       0x54 ./Application/User/Core/main.o
 .text.NVIC_EncodePriority
                0x08002628       0x66 ./Application/User/Core/main.o
 *fill*         0x0800268e        0x2 
 .text.LL_DMA_EnableChannel
                0x08002690       0x40 ./Application/User/Core/main.o
 .text.LL_DMA_EnableIT_TC
                0x080026d0       0x40 ./Application/User/Core/main.o
 .text.LL_LPUART_Enable
                0x08002710       0x20 ./Application/User/Core/main.o
 .text.LL_LPUART_DisableFIFO
                0x08002730       0x20 ./Application/User/Core/main.o
 .text.LL_LPUART_SetTXFIFOThreshold
                0x08002750       0x4e ./Application/User/Core/main.o
 .text.LL_LPUART_SetRXFIFOThreshold
                0x0800279e       0x4e ./Application/User/Core/main.o
 .text.LL_LPUART_DisableOverrunDetect
                0x080027ec       0x20 ./Application/User/Core/main.o
 .text.LL_LPUART_EnableDMAReq_RX
                0x0800280c       0x46 ./Application/User/Core/main.o
 .text.LL_LPUART_DMA_GetRegAddr
                0x08002852       0x2c ./Application/User/Core/main.o
 *fill*         0x0800287e        0x2 
 .text.LL_RCC_HSE_EnableBypass
                0x08002880       0x20 ./Application/User/Core/main.o
 .text.LL_RCC_HSE_Enable
                0x080028a0       0x20 ./Application/User/Core/main.o
 .text.LL_RCC_HSE_IsReady
                0x080028c0       0x28 ./Application/User/Core/main.o
 .text.LL_RCC_HSE_SetExternalClockType
                0x080028e8       0x28 ./Application/User/Core/main.o
 .text.LL_RCC_SetSysClkSource
                0x08002910       0x28 ./Application/User/Core/main.o
 .text.LL_RCC_GetSysClkSource
                0x08002938       0x1c ./Application/User/Core/main.o
 .text.LL_RCC_SetAHBPrescaler
                0x08002954       0x28 ./Application/User/Core/main.o
 .text.LL_RCC_SetAPB1Prescaler
                0x0800297c       0x28 ./Application/User/Core/main.o
 .text.LL_RCC_SetAPB2Prescaler
                0x080029a4       0x28 ./Application/User/Core/main.o
 .text.LL_RCC_SetAPB3Prescaler
                0x080029cc       0x28 ./Application/User/Core/main.o
 .text.LL_RCC_SetClockSource
                0x080029f4       0x54 ./Application/User/Core/main.o
 .text.LL_RCC_SetUSARTClockSource
                0x08002a48       0x16 ./Application/User/Core/main.o
 .text.LL_RCC_SetUARTClockSource
                0x08002a5e       0x16 ./Application/User/Core/main.o
 .text.LL_RCC_SetLPUARTClockSource
                0x08002a74       0x2c ./Application/User/Core/main.o
 .text.LL_RCC_SetSPIClockSource
                0x08002aa0       0x16 ./Application/User/Core/main.o
 *fill*         0x08002ab6        0x2 
 .text.LL_RCC_PLL1_Enable
                0x08002ab8       0x20 ./Application/User/Core/main.o
 .text.LL_RCC_PLL1_IsReady
                0x08002ad8       0x28 ./Application/User/Core/main.o
 .text.LL_RCC_PLL1P_Enable
                0x08002b00       0x20 ./Application/User/Core/main.o
 .text.LL_RCC_PLL1_SetSource
                0x08002b20       0x28 ./Application/User/Core/main.o
 .text.LL_RCC_PLL1_SetN
                0x08002b48       0x30 ./Application/User/Core/main.o
 .text.LL_RCC_PLL1_SetP
                0x08002b78       0x2c ./Application/User/Core/main.o
 .text.LL_RCC_PLL1_SetQ
                0x08002ba4       0x2c ./Application/User/Core/main.o
 .text.LL_RCC_PLL1_SetR
                0x08002bd0       0x2c ./Application/User/Core/main.o
 .text.LL_RCC_PLL1_SetM
                0x08002bfc       0x2c ./Application/User/Core/main.o
 .text.LL_RCC_PLL1_SetVCOInputRange
                0x08002c28       0x2c ./Application/User/Core/main.o
 .text.LL_RCC_PLL1_SetVCOOutputRange
                0x08002c54       0x2c ./Application/User/Core/main.o
 .text.LL_RCC_PLL2_Enable
                0x08002c80       0x20 ./Application/User/Core/main.o
 .text.LL_RCC_PLL2_IsReady
                0x08002ca0       0x28 ./Application/User/Core/main.o
 .text.LL_RCC_PLL2_SetSource
                0x08002cc8       0x28 ./Application/User/Core/main.o
 .text.LL_RCC_PLL2_SetM
                0x08002cf0       0x2c ./Application/User/Core/main.o
 .text.LL_RCC_PLL2_SetN
                0x08002d1c       0x30 ./Application/User/Core/main.o
 .text.LL_RCC_PLL2_SetP
                0x08002d4c       0x2c ./Application/User/Core/main.o
 .text.LL_RCC_PLL2_SetQ
                0x08002d78       0x2c ./Application/User/Core/main.o
 .text.LL_RCC_PLL2_SetR
                0x08002da4       0x2c ./Application/User/Core/main.o
 .text.LL_RCC_PLL2P_Enable
                0x08002dd0       0x20 ./Application/User/Core/main.o
 .text.LL_RCC_PLL2_SetVCOInputRange
                0x08002df0       0x2c ./Application/User/Core/main.o
 .text.LL_RCC_PLL2_SetVCOOutputRange
                0x08002e1c       0x2c ./Application/User/Core/main.o
 .text.LL_PWR_SetRegulVoltageScaling
                0x08002e48       0x28 ./Application/User/Core/main.o
 .text.LL_PWR_DisableUCPDDeadBattery
                0x08002e70       0x20 ./Application/User/Core/main.o
 .text.LL_PWR_IsActiveFlag_VOS
                0x08002e90       0x24 ./Application/User/Core/main.o
 .text.LL_AHB1_GRP1_EnableClock
                0x08002eb4       0x38 ./Application/User/Core/main.o
 .text.LL_AHB2_GRP1_EnableClock
                0x08002eec       0x38 ./Application/User/Core/main.o
 .text.LL_APB1_GRP1_EnableClock
                0x08002f24       0x38 ./Application/User/Core/main.o
 .text.LL_APB2_GRP1_EnableClock
                0x08002f5c       0x38 ./Application/User/Core/main.o
 .text.LL_APB3_GRP1_EnableClock
                0x08002f94       0x38 ./Application/User/Core/main.o
 .text.LL_FLASH_SetLatency
                0x08002fcc       0x28 ./Application/User/Core/main.o
 .text.LL_FLASH_GetLatency
                0x08002ff4       0x1c ./Application/User/Core/main.o
 .text.LL_SPI_SetStandard
                0x08003010       0x26 ./Application/User/Core/main.o
 .text.LL_SPI_SetFIFOThreshold
                0x08003036       0x26 ./Application/User/Core/main.o
 .text.LL_SPI_EnableNSSPulseMgt
                0x0800305c       0x20 ./Application/User/Core/main.o
 .text.LL_USART_Enable
                0x0800307c       0x20 ./Application/User/Core/main.o
 .text.LL_USART_DisableFIFO
                0x0800309c       0x20 ./Application/User/Core/main.o
 .text.LL_USART_SetTXFIFOThreshold
                0x080030bc       0x4e ./Application/User/Core/main.o
 .text.LL_USART_SetRXFIFOThreshold
                0x0800310a       0x4e ./Application/User/Core/main.o
 .text.LL_USART_DisableOverrunDetect
                0x08003158       0x20 ./Application/User/Core/main.o
 .text.LL_USART_ConfigAsyncMode
                0x08003178       0x2c ./Application/User/Core/main.o
 .text.LL_USART_EnableDMAReq_RX
                0x080031a4       0x46 ./Application/User/Core/main.o
 .text.LL_USART_DMA_GetRegAddr
                0x080031ea       0x2c ./Application/User/Core/main.o
 .text.LL_GPIO_ResetOutputPin
                0x08003216       0x1c ./Application/User/Core/main.o
 .text.LL_CRC_SetPolynomialSize
                0x08003232       0x26 ./Application/User/Core/main.o
 .text.LL_CRC_SetInputDataReverseMode
                0x08003258       0x26 ./Application/User/Core/main.o
 .text.LL_CRC_SetOutputDataReverseMode
                0x0800327e       0x26 ./Application/User/Core/main.o
 .text.LL_CRC_SetInitialData
                0x080032a4       0x1c ./Application/User/Core/main.o
 .text.LL_CRC_SetPolynomialCoef
                0x080032c0       0x1c ./Application/User/Core/main.o
 .text.main     0x080032dc       0xac ./Application/User/Core/main.o
                0x080032dc                main
 .text.SystemClock_Config
                0x08003388       0xc4 ./Application/User/Core/main.o
                0x08003388                SystemClock_Config
 .text.PeriphCommonClock_Config
                0x0800344c       0x4e ./Application/User/Core/main.o
                0x0800344c                PeriphCommonClock_Config
 .text.MX_GPDMA1_Init
                0x0800349a       0xee ./Application/User/Core/main.o
 .text.MX_LPUART1_UART_Init
                0x08003588      0x198 ./Application/User/Core/main.o
 .text.MX_UART4_Init
                0x08003720      0x1a8 ./Application/User/Core/main.o
 .text.MX_UART5_Init
                0x080038c8      0x1a8 ./Application/User/Core/main.o
 .text.MX_UART7_Init
                0x08003a70      0x1a8 ./Application/User/Core/main.o
 .text.MX_USART3_UART_Init
                0x08003c18      0x1a8 ./Application/User/Core/main.o
 .text.MX_USART6_UART_Init
                0x08003dc0      0x1a4 ./Application/User/Core/main.o
 .text.MX_USART11_UART_Init
                0x08003f64      0x1a4 ./Application/User/Core/main.o
 .text.MX_SPI3_Init
                0x08004108       0xf0 ./Application/User/Core/main.o
 .text.MX_SPI6_Init
                0x080041f8       0xc0 ./Application/User/Core/main.o
 .text.MX_GPIO_Init
                0x080042b8       0xb0 ./Application/User/Core/main.o
 .text.MX_CRC_Init
                0x08004368       0x40 ./Application/User/Core/main.o
 .text.LL_DMA_EnableChannel
                0x080043a8       0x40 ./Application/User/Core/stm32h5xx_it.o
 .text.LL_DMA_DisableChannel
                0x080043e8       0x40 ./Application/User/Core/stm32h5xx_it.o
 .text.LL_DMA_SuspendChannel
                0x08004428       0x40 ./Application/User/Core/stm32h5xx_it.o
 .text.LL_DMA_SetBlkDataLength
                0x08004468       0x48 ./Application/User/Core/stm32h5xx_it.o
 .text.LL_DMA_SetDestAddress
                0x080044b0       0x34 ./Application/User/Core/stm32h5xx_it.o
 .text.LL_DMA_ClearFlag_SUSP
                0x080044e4       0x34 ./Application/User/Core/stm32h5xx_it.o
 .text.LL_DMA_ClearFlag_HT
                0x08004518       0x34 ./Application/User/Core/stm32h5xx_it.o
 .text.LL_DMA_ClearFlag_TC
                0x0800454c       0x34 ./Application/User/Core/stm32h5xx_it.o
 .text.LL_DMA_EnableIT_TC
                0x08004580       0x40 ./Application/User/Core/stm32h5xx_it.o
 .text.LL_DMA_DisableIT_TC
                0x080045c0       0x40 ./Application/User/Core/stm32h5xx_it.o
 .text.NMI_Handler
                0x08004600        0x8 ./Application/User/Core/stm32h5xx_it.o
                0x08004600                NMI_Handler
 .text.HardFault_Handler
                0x08004608        0x8 ./Application/User/Core/stm32h5xx_it.o
                0x08004608                HardFault_Handler
 .text.MemManage_Handler
                0x08004610        0x8 ./Application/User/Core/stm32h5xx_it.o
                0x08004610                MemManage_Handler
 .text.BusFault_Handler
                0x08004618        0x8 ./Application/User/Core/stm32h5xx_it.o
                0x08004618                BusFault_Handler
 .text.UsageFault_Handler
                0x08004620        0x8 ./Application/User/Core/stm32h5xx_it.o
                0x08004620                UsageFault_Handler
 .text.DebugMon_Handler
                0x08004628        0xe ./Application/User/Core/stm32h5xx_it.o
                0x08004628                DebugMon_Handler
 *fill*         0x08004636        0x2 
 .text.GPDMA1_Channel0_IRQHandler
                0x08004638       0x68 ./Application/User/Core/stm32h5xx_it.o
                0x08004638                GPDMA1_Channel0_IRQHandler
 .text.GPDMA1_Channel1_IRQHandler
                0x080046a0       0x68 ./Application/User/Core/stm32h5xx_it.o
                0x080046a0                GPDMA1_Channel1_IRQHandler
 .text.GPDMA1_Channel2_IRQHandler
                0x08004708       0x68 ./Application/User/Core/stm32h5xx_it.o
                0x08004708                GPDMA1_Channel2_IRQHandler
 .text.GPDMA1_Channel3_IRQHandler
                0x08004770       0x68 ./Application/User/Core/stm32h5xx_it.o
                0x08004770                GPDMA1_Channel3_IRQHandler
 .text.GPDMA1_Channel4_IRQHandler
                0x080047d8       0x68 ./Application/User/Core/stm32h5xx_it.o
                0x080047d8                GPDMA1_Channel4_IRQHandler
 .text.GPDMA1_Channel5_IRQHandler
                0x08004840       0x68 ./Application/User/Core/stm32h5xx_it.o
                0x08004840                GPDMA1_Channel5_IRQHandler
 .text.GPDMA1_Channel6_IRQHandler
                0x080048a8       0x68 ./Application/User/Core/stm32h5xx_it.o
                0x080048a8                GPDMA1_Channel6_IRQHandler
 .text._getpid  0x08004910       0x10 ./Application/User/Core/syscalls.o
                0x08004910                _getpid
 .text._kill    0x08004920       0x20 ./Application/User/Core/syscalls.o
                0x08004920                _kill
 .text._exit    0x08004940       0x16 ./Application/User/Core/syscalls.o
                0x08004940                _exit
 .text._read    0x08004956       0x3a ./Application/User/Core/syscalls.o
                0x08004956                _read
 .text._write   0x08004990       0x38 ./Application/User/Core/syscalls.o
                0x08004990                _write
 .text._close   0x080049c8       0x18 ./Application/User/Core/syscalls.o
                0x080049c8                _close
 .text._fstat   0x080049e0       0x20 ./Application/User/Core/syscalls.o
                0x080049e0                _fstat
 .text._isatty  0x08004a00       0x16 ./Application/User/Core/syscalls.o
                0x08004a00                _isatty
 .text._lseek   0x08004a16       0x1a ./Application/User/Core/syscalls.o
                0x08004a16                _lseek
 .text._sbrk    0x08004a30       0x6c ./Application/User/Core/sysmem.o
                0x08004a30                _sbrk
 .text.Reset_Handler
                0x08004a9c       0x50 ./Application/User/Startup/startup_stm32h573rivx.o
                0x08004a9c                Reset_Handler
 .text.Default_Handler
                0x08004aec        0x2 ./Application/User/Startup/startup_stm32h573rivx.o
                0x08004aec                EXTI2_IRQHandler
                0x08004aec                TIM8_TRG_COM_IRQHandler
                0x08004aec                TIM8_CC_IRQHandler
                0x08004aec                EXTI5_IRQHandler
                0x08004aec                I3C1_ER_IRQHandler
                0x08004aec                UART8_IRQHandler
                0x08004aec                SPI4_IRQHandler
                0x08004aec                GPDMA2_Channel1_IRQHandler
                0x08004aec                FLASH_S_IRQHandler
                0x08004aec                EXTI13_IRQHandler
                0x08004aec                TIM1_CC_IRQHandler
                0x08004aec                GPDMA2_Channel3_IRQHandler
                0x08004aec                TAMP_IRQHandler
                0x08004aec                TIM6_IRQHandler
                0x08004aec                EXTI12_IRQHandler
                0x08004aec                CORDIC_IRQHandler
                0x08004aec                USB_DRD_FS_IRQHandler
                0x08004aec                EXTI3_IRQHandler
                0x08004aec                LPTIM4_IRQHandler
                0x08004aec                EXTI8_IRQHandler
                0x08004aec                GPDMA2_Channel5_IRQHandler
                0x08004aec                LPTIM2_IRQHandler
                0x08004aec                I2C3_ER_IRQHandler
                0x08004aec                GPDMA2_Channel2_IRQHandler
                0x08004aec                USART10_IRQHandler
                0x08004aec                LPTIM3_IRQHandler
                0x08004aec                EXTI0_IRQHandler
                0x08004aec                I2C2_EV_IRQHandler
                0x08004aec                FPU_IRQHandler
                0x08004aec                GPDMA1_Channel7_IRQHandler
                0x08004aec                FDCAN1_IT1_IRQHandler
                0x08004aec                RAMCFG_IRQHandler
                0x08004aec                DCACHE1_IRQHandler
                0x08004aec                SPI1_IRQHandler
                0x08004aec                OCTOSPI1_IRQHandler
                0x08004aec                TIM8_UP_IRQHandler
                0x08004aec                RCC_S_IRQHandler
                0x08004aec                SAI2_IRQHandler
                0x08004aec                ADC1_IRQHandler
                0x08004aec                PKA_IRQHandler
                0x08004aec                USART6_IRQHandler
                0x08004aec                EXTI15_IRQHandler
                0x08004aec                TIM17_IRQHandler
                0x08004aec                USART3_IRQHandler
                0x08004aec                RTC_IRQHandler
                0x08004aec                EXTI9_IRQHandler
                0x08004aec                LPTIM5_IRQHandler
                0x08004aec                UART5_IRQHandler
                0x08004aec                TIM4_IRQHandler
                0x08004aec                I2C1_EV_IRQHandler
                0x08004aec                TIM16_IRQHandler
                0x08004aec                UART4_IRQHandler
                0x08004aec                SecureFault_Handler
                0x08004aec                TIM3_IRQHandler
                0x08004aec                RCC_IRQHandler
                0x08004aec                UART9_IRQHandler
                0x08004aec                TIM1_TRG_COM_IRQHandler
                0x08004aec                Default_Handler
                0x08004aec                FMAC_IRQHandler
                0x08004aec                CEC_IRQHandler
                0x08004aec                USART11_IRQHandler
                0x08004aec                TIM14_IRQHandler
                0x08004aec                TIM13_IRQHandler
                0x08004aec                OTFDEC1_IRQHandler
                0x08004aec                GPDMA2_Channel4_IRQHandler
                0x08004aec                SPI5_IRQHandler
                0x08004aec                TIM12_IRQHandler
                0x08004aec                TIM7_IRQHandler
                0x08004aec                SDMMC1_IRQHandler
                0x08004aec                SAES_IRQHandler
                0x08004aec                TIM5_IRQHandler
                0x08004aec                UCPD1_IRQHandler
                0x08004aec                I3C1_EV_IRQHandler
                0x08004aec                TIM15_IRQHandler
                0x08004aec                PVD_AVD_IRQHandler
                0x08004aec                I2C3_EV_IRQHandler
                0x08004aec                ETH_WKUP_IRQHandler
                0x08004aec                ADC2_IRQHandler
                0x08004aec                SPI2_IRQHandler
                0x08004aec                EXTI14_IRQHandler
                0x08004aec                EXTI11_IRQHandler
                0x08004aec                CRS_IRQHandler
                0x08004aec                EXTI4_IRQHandler
                0x08004aec                GPDMA2_Channel0_IRQHandler
                0x08004aec                RTC_S_IRQHandler
                0x08004aec                RNG_IRQHandler
                0x08004aec                FDCAN2_IT1_IRQHandler
                0x08004aec                ETH_IRQHandler
                0x08004aec                GPDMA2_Channel6_IRQHandler
                0x08004aec                TIM1_UP_IRQHandler
                0x08004aec                UART12_IRQHandler
                0x08004aec                WWDG_IRQHandler
                0x08004aec                SPI6_IRQHandler
                0x08004aec                I2C4_EV_IRQHandler
                0x08004aec                FDCAN2_IT0_IRQHandler
                0x08004aec                IWDG_IRQHandler
                0x08004aec                LPUART1_IRQHandler
                0x08004aec                FDCAN1_IT0_IRQHandler
                0x08004aec                TIM2_IRQHandler
                0x08004aec                EXTI7_IRQHandler
                0x08004aec                TIM1_BRK_IRQHandler
                0x08004aec                EXTI1_IRQHandler
                0x08004aec                SDMMC2_IRQHandler
                0x08004aec                AES_IRQHandler
                0x08004aec                LPTIM6_IRQHandler
                0x08004aec                DAC1_IRQHandler
                0x08004aec                DTS_IRQHandler
                0x08004aec                UART7_IRQHandler
                0x08004aec                GTZC_IRQHandler
                0x08004aec                USART2_IRQHandler
                0x08004aec                GPDMA2_Channel7_IRQHandler
                0x08004aec                I2C2_ER_IRQHandler
                0x08004aec                TIM8_BRK_IRQHandler
                0x08004aec                FLASH_IRQHandler
                0x08004aec                USART1_IRQHandler
                0x08004aec                EXTI10_IRQHandler
                0x08004aec                SPI3_IRQHandler
                0x08004aec                I2C1_ER_IRQHandler
                0x08004aec                FMC_IRQHandler
                0x08004aec                EXTI6_IRQHandler
                0x08004aec                LPTIM1_IRQHandler
                0x08004aec                DCMI_PSSI_IRQHandler
                0x08004aec                I2C4_ER_IRQHandler
                0x08004aec                ICACHE_IRQHandler
                0x08004aec                SAI1_IRQHandler
                0x08004aec                HASH_IRQHandler
 .text.LL_CRC_ResetCRCCalculationUnit
                0x08004aee       0x20 ./Application/User/Table_Tester/Table_Tester_App.o
 .text.LL_CRC_FeedData8
                0x08004b0e       0x1e ./Application/User/Table_Tester/Table_Tester_App.o
 .text.LL_CRC_ReadData16
                0x08004b2c       0x1a ./Application/User/Table_Tester/Table_Tester_App.o
 *fill*         0x08004b46        0x2 
 .text.Message_Maker
                0x08004b48       0xe8 ./Application/User/Table_Tester/Table_Tester_App.o
                0x08004b48                Message_Maker
 .text.SystemInit
                0x08004c30       0xf8 ./Drivers/CMSIS/system_stm32h5xx.o
                0x08004c30                SystemInit
 .text.GUI_DrawPoint
                0x08004d28       0x2e ./Drivers/Device_Driver/GUI.o
                0x08004d28                GUI_DrawPoint
 .text.LCD_DrawLine
                0x08004d56      0x10a ./Drivers/Device_Driver/GUI.o
                0x08004d56                LCD_DrawLine
 .text.LCD_ShowChar
                0x08004e60      0x1b8 ./Drivers/Device_Driver/GUI.o
                0x08004e60                LCD_ShowChar
 .text.GUI_DrawFont16
                0x08005018      0x16c ./Drivers/Device_Driver/GUI.o
                0x08005018                GUI_DrawFont16
 .text.GUI_DrawFont24
                0x08005184      0x164 ./Drivers/Device_Driver/GUI.o
                0x08005184                GUI_DrawFont24
 .text.GUI_DrawFont32
                0x080052e8      0x170 ./Drivers/Device_Driver/GUI.o
                0x080052e8                GUI_DrawFont32
 .text.Show_Str
                0x08005458      0x1a4 ./Drivers/Device_Driver/GUI.o
                0x08005458                Show_Str
 .text.LL_GPIO_SetOutputPin
                0x080055fc       0x1c ./Drivers/Device_Driver/RS485.o
 .text.LL_GPIO_ResetOutputPin
                0x08005618       0x1c ./Drivers/Device_Driver/RS485.o
 .text.LL_USART_IsActiveFlag_TC
                0x08005634       0x26 ./Drivers/Device_Driver/RS485.o
 .text.LL_USART_IsActiveFlag_TXE_TXFNF
                0x0800565a       0x26 ./Drivers/Device_Driver/RS485.o
 .text.LL_USART_ClearFlag_TC
                0x08005680       0x1a ./Drivers/Device_Driver/RS485.o
 .text.LL_USART_TransmitData8
                0x0800569a       0x1e ./Drivers/Device_Driver/RS485.o
 .text.LL_LPUART_IsActiveFlag_TC
                0x080056b8       0x26 ./Drivers/Device_Driver/RS485.o
 .text.LL_LPUART_IsActiveFlag_TXE_TXFNF
                0x080056de       0x26 ./Drivers/Device_Driver/RS485.o
 .text.LL_LPUART_ClearFlag_TC
                0x08005704       0x1a ./Drivers/Device_Driver/RS485.o
 .text.LL_LPUART_TransmitData8
                0x0800571e       0x1e ./Drivers/Device_Driver/RS485.o
 .text.RS485_Set_Line_Driver_Receiver
                0x0800573c      0x400 ./Drivers/Device_Driver/RS485.o
                0x0800573c                RS485_Set_Line_Driver_Receiver
 .text.RS485_Tx
                0x08005b3c      0x648 ./Drivers/Device_Driver/RS485.o
                0x08005b3c                RS485_Tx
 .text.LL_SPI_Enable
                0x08006184       0x20 ./Drivers/Device_Driver/SPI.o
 .text.LL_SPI_Disable
                0x080061a4       0x20 ./Drivers/Device_Driver/SPI.o
 .text.LL_SPI_StartMasterTransfer
                0x080061c4       0x20 ./Drivers/Device_Driver/SPI.o
 .text.LL_SPI_SetDataWidth
                0x080061e4       0x26 ./Drivers/Device_Driver/SPI.o
 .text.LL_SPI_IsActiveFlag_TXP
                0x0800620a       0x26 ./Drivers/Device_Driver/SPI.o
 .text.LL_SPI_IsActiveFlag_TXC
                0x08006230       0x28 ./Drivers/Device_Driver/SPI.o
 .text.LL_SPI_ClearFlag_EOT
                0x08006258       0x20 ./Drivers/Device_Driver/SPI.o
 .text.LL_SPI_TransmitData8
                0x08006278       0x20 ./Drivers/Device_Driver/SPI.o
 .text.LL_SPI_TransmitData16
                0x08006298       0x24 ./Drivers/Device_Driver/SPI.o
 .text.SPI_WriteByte
                0x080062bc       0x60 ./Drivers/Device_Driver/SPI.o
                0x080062bc                SPI_WriteByte
 .text.SPI_WriteByte_16
                0x0800631c       0x60 ./Drivers/Device_Driver/SPI.o
                0x0800631c                SPI_WriteByte_16
 .text.delay_ms
                0x0800637c       0x1a ./Drivers/Device_Driver/delay.o
                0x0800637c                delay_ms
 .text.delay_m  0x08006396       0x3e ./Drivers/Device_Driver/delay.o
                0x08006396                delay_m
 .text.LL_GPIO_SetOutputPin
                0x080063d4       0x1c ./Drivers/Device_Driver/lcd.o
 .text.LL_GPIO_ResetOutputPin
                0x080063f0       0x1c ./Drivers/Device_Driver/lcd.o
 .text.LCD_WR_REG
                0x0800640c       0x3c ./Drivers/Device_Driver/lcd.o
                0x0800640c                LCD_WR_REG
 .text.LCD_WR_DATA
                0x08006448       0x3c ./Drivers/Device_Driver/lcd.o
                0x08006448                LCD_WR_DATA
 .text.LCD_WriteReg
                0x08006484       0x2a ./Drivers/Device_Driver/lcd.o
                0x08006484                LCD_WriteReg
 *fill*         0x080064ae        0x2 
 .text.LCD_WriteRAM_Prepare
                0x080064b0       0x18 ./Drivers/Device_Driver/lcd.o
                0x080064b0                LCD_WriteRAM_Prepare
 .text.Lcd_WriteData_16Bit
                0x080064c8       0x3c ./Drivers/Device_Driver/lcd.o
                0x080064c8                Lcd_WriteData_16Bit
 .text.LCD_DrawPoint
                0x08006504       0x34 ./Drivers/Device_Driver/lcd.o
                0x08006504                LCD_DrawPoint
 .text.LCD_Clear
                0x08006538       0x88 ./Drivers/Device_Driver/lcd.o
                0x08006538                LCD_Clear
 .text.LCD_Init
                0x080065c0      0x23e ./Drivers/Device_Driver/lcd.o
                0x080065c0                LCD_Init
 *fill*         0x080067fe        0x2 
 .text.LCD_SetWindows
                0x08006800       0xa8 ./Drivers/Device_Driver/lcd.o
                0x08006800                LCD_SetWindows
 .text.LCD_SetCursor
                0x080068a8       0x24 ./Drivers/Device_Driver/lcd.o
                0x080068a8                LCD_SetCursor
 .text.LCD_direction
                0x080068cc       0xa8 ./Drivers/Device_Driver/lcd.o
                0x080068cc                LCD_direction
 .text.LL_GPIO_IsInputPinSet
                0x08006974       0x2a ./Drivers/Device_Driver/xpt2046.o
 .text.LL_GPIO_SetOutputPin
                0x0800699e       0x1c ./Drivers/Device_Driver/xpt2046.o
 .text.LL_GPIO_ResetOutputPin
                0x080069ba       0x1c ./Drivers/Device_Driver/xpt2046.o
 .text.LL_SPI_Enable
                0x080069d6       0x20 ./Drivers/Device_Driver/xpt2046.o
 .text.LL_SPI_Disable
                0x080069f6       0x20 ./Drivers/Device_Driver/xpt2046.o
 .text.LL_SPI_StartMasterTransfer
                0x08006a16       0x20 ./Drivers/Device_Driver/xpt2046.o
 .text.LL_SPI_SetDataWidth
                0x08006a36       0x26 ./Drivers/Device_Driver/xpt2046.o
 .text.LL_SPI_IsActiveFlag_RXP
                0x08006a5c       0x26 ./Drivers/Device_Driver/xpt2046.o
 .text.LL_SPI_IsActiveFlag_TXP
                0x08006a82       0x26 ./Drivers/Device_Driver/xpt2046.o
 .text.LL_SPI_IsActiveFlag_TXC
                0x08006aa8       0x28 ./Drivers/Device_Driver/xpt2046.o
 .text.LL_SPI_ClearFlag_EOT
                0x08006ad0       0x20 ./Drivers/Device_Driver/xpt2046.o
 .text.LL_SPI_ReceiveData8
                0x08006af0       0x1c ./Drivers/Device_Driver/xpt2046.o
 .text.LL_SPI_TransmitData8
                0x08006b0c       0x20 ./Drivers/Device_Driver/xpt2046.o
 .text.delay_nus
                0x08006b2c       0x3a ./Drivers/Device_Driver/xpt2046.o
 *fill*         0x08006b66        0x2 
 .text.xpt2046_init
                0x08006b68       0x4c ./Drivers/Device_Driver/xpt2046.o
                0x08006b68                xpt2046_init
 .text.getDisplayPoint
                0x08006bb4       0x8c ./Drivers/Device_Driver/xpt2046.o
                0x08006bb4                getDisplayPoint
 .text.WR_CMD   0x08006c40       0x7c ./Drivers/Device_Driver/xpt2046.o
                0x08006c40                WR_CMD
 .text.RD_AD    0x08006cbc       0x4e ./Drivers/Device_Driver/xpt2046.o
                0x08006cbc                RD_AD
 *fill*         0x08006d0a        0x2 
 .text.Read_X   0x08006d0c       0x44 ./Drivers/Device_Driver/xpt2046.o
                0x08006d0c                Read_X
 .text.Read_Y   0x08006d50       0x44 ./Drivers/Device_Driver/xpt2046.o
                0x08006d50                Read_Y
 .text.TP_GetAdXY
                0x08006d94       0x3c ./Drivers/Device_Driver/xpt2046.o
                0x08006d94                TP_GetAdXY
 .text.Read_Value
                0x08006dd0      0x298 ./Drivers/Device_Driver/xpt2046.o
                0x08006dd0                Read_Value
 .text.TS_Touched
                0x08007068       0x20 ./Drivers/Device_Driver/xpt2046.o
                0x08007068                TS_Touched
 .text.LL_DMA_SetLinkedListBaseAddr
                0x08007088       0x48 ./Drivers/STM32H5xx_HAL_Driver/stm32h5xx_ll_dma.o
 .text.LL_DMA_ConfigControl
                0x080070d0       0x48 ./Drivers/STM32H5xx_HAL_Driver/stm32h5xx_ll_dma.o
 .text.LL_DMA_ConfigTransfer
                0x08007118       0x4c ./Drivers/STM32H5xx_HAL_Driver/stm32h5xx_ll_dma.o
 .text.LL_DMA_ConfigBurstLength
                0x08007164       0x60 ./Drivers/STM32H5xx_HAL_Driver/stm32h5xx_ll_dma.o
 .text.LL_DMA_ConfigChannelTransfer
                0x080071c4       0x4c ./Drivers/STM32H5xx_HAL_Driver/stm32h5xx_ll_dma.o
 .text.LL_DMA_SetTriggerMode
                0x08007210       0x48 ./Drivers/STM32H5xx_HAL_Driver/stm32h5xx_ll_dma.o
 .text.LL_DMA_SetPeriphRequest
                0x08007258       0x48 ./Drivers/STM32H5xx_HAL_Driver/stm32h5xx_ll_dma.o
 .text.LL_DMA_SetHWTrigger
                0x080072a0       0x4c ./Drivers/STM32H5xx_HAL_Driver/stm32h5xx_ll_dma.o
 .text.LL_DMA_ConfigBlkRptAddrUpdate
                0x080072ec       0x48 ./Drivers/STM32H5xx_HAL_Driver/stm32h5xx_ll_dma.o
 .text.LL_DMA_SetBlkRptCount
                0x08007334       0x54 ./Drivers/STM32H5xx_HAL_Driver/stm32h5xx_ll_dma.o
 .text.LL_DMA_SetBlkDataLength
                0x08007388       0x48 ./Drivers/STM32H5xx_HAL_Driver/stm32h5xx_ll_dma.o
 .text.LL_DMA_ConfigAddresses
                0x080073d0       0x48 ./Drivers/STM32H5xx_HAL_Driver/stm32h5xx_ll_dma.o
 .text.LL_DMA_ConfigAddrUpdateValue
                0x08007418       0x44 ./Drivers/STM32H5xx_HAL_Driver/stm32h5xx_ll_dma.o
 .text.LL_DMA_ConfigBlkRptAddrUpdateValue
                0x0800745c       0x3c ./Drivers/STM32H5xx_HAL_Driver/stm32h5xx_ll_dma.o
 .text.LL_DMA_SetLinkedListAddrOffset
                0x08007498       0x50 ./Drivers/STM32H5xx_HAL_Driver/stm32h5xx_ll_dma.o
 .text.LL_DMA_Init
                0x080074e8      0x2fc ./Drivers/STM32H5xx_HAL_Driver/stm32h5xx_ll_dma.o
                0x080074e8                LL_DMA_Init
 .text.LL_GPIO_SetPinMode
                0x080077e4       0x7a ./Drivers/STM32H5xx_HAL_Driver/stm32h5xx_ll_gpio.o
 .text.LL_GPIO_SetPinOutputType
                0x0800785e       0x30 ./Drivers/STM32H5xx_HAL_Driver/stm32h5xx_ll_gpio.o
 .text.LL_GPIO_SetPinSpeed
                0x0800788e       0x7a ./Drivers/STM32H5xx_HAL_Driver/stm32h5xx_ll_gpio.o
 .text.LL_GPIO_SetPinPull
                0x08007908       0x7a ./Drivers/STM32H5xx_HAL_Driver/stm32h5xx_ll_gpio.o
 .text.LL_GPIO_SetAFPin_0_7
                0x08007982       0x7a ./Drivers/STM32H5xx_HAL_Driver/stm32h5xx_ll_gpio.o
 .text.LL_GPIO_SetAFPin_8_15
                0x080079fc       0x7e ./Drivers/STM32H5xx_HAL_Driver/stm32h5xx_ll_gpio.o
 .text.LL_GPIO_Init
                0x08007a7a       0xfc ./Drivers/STM32H5xx_HAL_Driver/stm32h5xx_ll_gpio.o
                0x08007a7a                LL_GPIO_Init
 .text.LL_LPUART_IsEnabled
                0x08007b76       0x26 ./Drivers/STM32H5xx_HAL_Driver/stm32h5xx_ll_lpuart.o
 .text.LL_LPUART_SetPrescaler
                0x08007b9c       0x28 ./Drivers/STM32H5xx_HAL_Driver/stm32h5xx_ll_lpuart.o
 .text.LL_LPUART_SetStopBitsLength
                0x08007bc4       0x26 ./Drivers/STM32H5xx_HAL_Driver/stm32h5xx_ll_lpuart.o
 .text.LL_LPUART_SetHWFlowCtrl
                0x08007bea       0x26 ./Drivers/STM32H5xx_HAL_Driver/stm32h5xx_ll_lpuart.o
 .text.LL_LPUART_SetBaudRate
                0x08007c10       0x98 ./Drivers/STM32H5xx_HAL_Driver/stm32h5xx_ll_lpuart.o
 .text.LL_LPUART_Init
                0x08007ca8       0x98 ./Drivers/STM32H5xx_HAL_Driver/stm32h5xx_ll_lpuart.o
                0x08007ca8                LL_LPUART_Init
 .text.LL_RCC_HSE_IsReady
                0x08007d40       0x28 ./Drivers/STM32H5xx_HAL_Driver/stm32h5xx_ll_rcc.o
 .text.LL_RCC_HSI_IsReady
                0x08007d68       0x24 ./Drivers/STM32H5xx_HAL_Driver/stm32h5xx_ll_rcc.o
 .text.LL_RCC_HSI_GetDivider
                0x08007d8c       0x1c ./Drivers/STM32H5xx_HAL_Driver/stm32h5xx_ll_rcc.o
 .text.LL_RCC_CSI_IsReady
                0x08007da8       0x28 ./Drivers/STM32H5xx_HAL_Driver/stm32h5xx_ll_rcc.o
 .text.LL_RCC_LSE_IsReady
                0x08007dd0       0x28 ./Drivers/STM32H5xx_HAL_Driver/stm32h5xx_ll_rcc.o
 .text.LL_RCC_GetSysClkSource
                0x08007df8       0x1c ./Drivers/STM32H5xx_HAL_Driver/stm32h5xx_ll_rcc.o
 .text.LL_RCC_GetAHBPrescaler
                0x08007e14       0x1c ./Drivers/STM32H5xx_HAL_Driver/stm32h5xx_ll_rcc.o
 .text.LL_RCC_GetAPB1Prescaler
                0x08007e30       0x1c ./Drivers/STM32H5xx_HAL_Driver/stm32h5xx_ll_rcc.o
 .text.LL_RCC_GetAPB2Prescaler
                0x08007e4c       0x1c ./Drivers/STM32H5xx_HAL_Driver/stm32h5xx_ll_rcc.o
 .text.LL_RCC_GetAPB3Prescaler
                0x08007e68       0x1c ./Drivers/STM32H5xx_HAL_Driver/stm32h5xx_ll_rcc.o
 .text.LL_RCC_GetClockSource
                0x08007e84       0x4c ./Drivers/STM32H5xx_HAL_Driver/stm32h5xx_ll_rcc.o
 .text.LL_RCC_GetUSARTClockSource
                0x08007ed0       0x18 ./Drivers/STM32H5xx_HAL_Driver/stm32h5xx_ll_rcc.o
 .text.LL_RCC_GetUARTClockSource
                0x08007ee8       0x18 ./Drivers/STM32H5xx_HAL_Driver/stm32h5xx_ll_rcc.o
 .text.LL_RCC_GetLPUARTClockSource
                0x08007f00       0x24 ./Drivers/STM32H5xx_HAL_Driver/stm32h5xx_ll_rcc.o
 .text.LL_RCC_PLL1_GetSource
                0x08007f24       0x1c ./Drivers/STM32H5xx_HAL_Driver/stm32h5xx_ll_rcc.o
 .text.LL_RCC_PLL1_GetN
                0x08007f40       0x1c ./Drivers/STM32H5xx_HAL_Driver/stm32h5xx_ll_rcc.o
 .text.LL_RCC_PLL1_GetP
                0x08007f5c       0x20 ./Drivers/STM32H5xx_HAL_Driver/stm32h5xx_ll_rcc.o
 .text.LL_RCC_PLL1_GetM
                0x08007f7c       0x1c ./Drivers/STM32H5xx_HAL_Driver/stm32h5xx_ll_rcc.o
 .text.LL_RCC_PLL2_IsReady
                0x08007f98       0x28 ./Drivers/STM32H5xx_HAL_Driver/stm32h5xx_ll_rcc.o
 .text.LL_RCC_PLL2_GetSource
                0x08007fc0       0x1c ./Drivers/STM32H5xx_HAL_Driver/stm32h5xx_ll_rcc.o
 .text.LL_RCC_PLL2_GetM
                0x08007fdc       0x1c ./Drivers/STM32H5xx_HAL_Driver/stm32h5xx_ll_rcc.o
 .text.LL_RCC_PLL2_GetN
                0x08007ff8       0x1c ./Drivers/STM32H5xx_HAL_Driver/stm32h5xx_ll_rcc.o
 .text.LL_RCC_PLL2_GetP
                0x08008014       0x20 ./Drivers/STM32H5xx_HAL_Driver/stm32h5xx_ll_rcc.o
 .text.LL_RCC_PLL2_GetQ
                0x08008034       0x20 ./Drivers/STM32H5xx_HAL_Driver/stm32h5xx_ll_rcc.o
 .text.LL_RCC_PLL2_GetR
                0x08008054       0x20 ./Drivers/STM32H5xx_HAL_Driver/stm32h5xx_ll_rcc.o
 .text.LL_RCC_PLL2P_IsEnabled
                0x08008074       0x28 ./Drivers/STM32H5xx_HAL_Driver/stm32h5xx_ll_rcc.o
 .text.LL_RCC_PLL2Q_IsEnabled
                0x0800809c       0x28 ./Drivers/STM32H5xx_HAL_Driver/stm32h5xx_ll_rcc.o
 .text.LL_RCC_PLL2R_IsEnabled
                0x080080c4       0x28 ./Drivers/STM32H5xx_HAL_Driver/stm32h5xx_ll_rcc.o
 .text.LL_RCC_PLL2FRACN_IsEnabled
                0x080080ec       0x24 ./Drivers/STM32H5xx_HAL_Driver/stm32h5xx_ll_rcc.o
 .text.LL_RCC_PLL2_GetFRACN
                0x08008110       0x1c ./Drivers/STM32H5xx_HAL_Driver/stm32h5xx_ll_rcc.o
 .text.LL_RCC_PLL3_IsReady
                0x0800812c       0x28 ./Drivers/STM32H5xx_HAL_Driver/stm32h5xx_ll_rcc.o
 .text.LL_RCC_PLL3_GetSource
                0x08008154       0x1c ./Drivers/STM32H5xx_HAL_Driver/stm32h5xx_ll_rcc.o
 .text.LL_RCC_PLL3_GetN
                0x08008170       0x1c ./Drivers/STM32H5xx_HAL_Driver/stm32h5xx_ll_rcc.o
 .text.LL_RCC_PLL3_GetP
                0x0800818c       0x20 ./Drivers/STM32H5xx_HAL_Driver/stm32h5xx_ll_rcc.o
 .text.LL_RCC_PLL3_GetQ
                0x080081ac       0x20 ./Drivers/STM32H5xx_HAL_Driver/stm32h5xx_ll_rcc.o
 .text.LL_RCC_PLL3_GetR
                0x080081cc       0x20 ./Drivers/STM32H5xx_HAL_Driver/stm32h5xx_ll_rcc.o
 .text.LL_RCC_PLL3_GetM
                0x080081ec       0x1c ./Drivers/STM32H5xx_HAL_Driver/stm32h5xx_ll_rcc.o
 .text.LL_RCC_PLL3P_IsEnabled
                0x08008208       0x28 ./Drivers/STM32H5xx_HAL_Driver/stm32h5xx_ll_rcc.o
 .text.LL_RCC_PLL3Q_IsEnabled
                0x08008230       0x28 ./Drivers/STM32H5xx_HAL_Driver/stm32h5xx_ll_rcc.o
 .text.LL_RCC_PLL3R_IsEnabled
                0x08008258       0x28 ./Drivers/STM32H5xx_HAL_Driver/stm32h5xx_ll_rcc.o
 .text.LL_RCC_PLL3FRACN_IsEnabled
                0x08008280       0x24 ./Drivers/STM32H5xx_HAL_Driver/stm32h5xx_ll_rcc.o
 .text.LL_RCC_PLL3_GetFRACN
                0x080082a4       0x1c ./Drivers/STM32H5xx_HAL_Driver/stm32h5xx_ll_rcc.o
 .text.LL_RCC_GetPLL2ClockFreq
                0x080082c0      0x140 ./Drivers/STM32H5xx_HAL_Driver/stm32h5xx_ll_rcc.o
                0x080082c0                LL_RCC_GetPLL2ClockFreq
 .text.LL_RCC_GetPLL3ClockFreq
                0x08008400      0x140 ./Drivers/STM32H5xx_HAL_Driver/stm32h5xx_ll_rcc.o
                0x08008400                LL_RCC_GetPLL3ClockFreq
 .text.LL_RCC_CalcPLLClockFreq
                0x08008540       0x80 ./Drivers/STM32H5xx_HAL_Driver/stm32h5xx_ll_rcc.o
                0x08008540                LL_RCC_CalcPLLClockFreq
 .text.LL_RCC_GetUSARTClockFreq
                0x080085c0      0x758 ./Drivers/STM32H5xx_HAL_Driver/stm32h5xx_ll_rcc.o
                0x080085c0                LL_RCC_GetUSARTClockFreq
 .text.LL_RCC_GetUARTClockFreq
                0x08008d18      0x758 ./Drivers/STM32H5xx_HAL_Driver/stm32h5xx_ll_rcc.o
                0x08008d18                LL_RCC_GetUARTClockFreq
 .text.LL_RCC_GetLPUARTClockFreq
                0x08009470      0x118 ./Drivers/STM32H5xx_HAL_Driver/stm32h5xx_ll_rcc.o
                0x08009470                LL_RCC_GetLPUARTClockFreq
 .text.RCC_GetSystemClockFreq
                0x08009588       0xcc ./Drivers/STM32H5xx_HAL_Driver/stm32h5xx_ll_rcc.o
                0x08009588                RCC_GetSystemClockFreq
 .text.RCC_GetHCLKClockFreq
                0x08009654       0x28 ./Drivers/STM32H5xx_HAL_Driver/stm32h5xx_ll_rcc.o
                0x08009654                RCC_GetHCLKClockFreq
 .text.RCC_GetPCLK1ClockFreq
                0x0800967c       0x2c ./Drivers/STM32H5xx_HAL_Driver/stm32h5xx_ll_rcc.o
                0x0800967c                RCC_GetPCLK1ClockFreq
 .text.RCC_GetPCLK2ClockFreq
                0x080096a8       0x28 ./Drivers/STM32H5xx_HAL_Driver/stm32h5xx_ll_rcc.o
                0x080096a8                RCC_GetPCLK2ClockFreq
 .text.RCC_GetPCLK3ClockFreq
                0x080096d0       0x28 ./Drivers/STM32H5xx_HAL_Driver/stm32h5xx_ll_rcc.o
                0x080096d0                RCC_GetPCLK3ClockFreq
 .text.RCC_PLL1_GetFreqSystem
                0x080096f8       0x80 ./Drivers/STM32H5xx_HAL_Driver/stm32h5xx_ll_rcc.o
                0x080096f8                RCC_PLL1_GetFreqSystem
 .text.LL_SPI_IsEnabled
                0x08009778       0x26 ./Drivers/STM32H5xx_HAL_Driver/stm32h5xx_ll_spi.o
 .text.LL_SPI_SetInternalSSLevel
                0x0800979e       0x26 ./Drivers/STM32H5xx_HAL_Driver/stm32h5xx_ll_spi.o
 .text.LL_SPI_GetNSSPolarity
                0x080097c4       0x1c ./Drivers/STM32H5xx_HAL_Driver/stm32h5xx_ll_spi.o
 .text.LL_SPI_SetCRCPolynomial
                0x080097e0       0x1c ./Drivers/STM32H5xx_HAL_Driver/stm32h5xx_ll_spi.o
 .text.LL_SPI_Init
                0x080097fc       0xfc ./Drivers/STM32H5xx_HAL_Driver/stm32h5xx_ll_spi.o
                0x080097fc                LL_SPI_Init
 .text.LL_USART_IsEnabled
                0x080098f8       0x26 ./Drivers/STM32H5xx_HAL_Driver/stm32h5xx_ll_usart.o
 .text.LL_USART_SetPrescaler
                0x0800991e       0x28 ./Drivers/STM32H5xx_HAL_Driver/stm32h5xx_ll_usart.o
 .text.LL_USART_SetStopBitsLength
                0x08009946       0x26 ./Drivers/STM32H5xx_HAL_Driver/stm32h5xx_ll_usart.o
 .text.LL_USART_SetHWFlowCtrl
                0x0800996c       0x26 ./Drivers/STM32H5xx_HAL_Driver/stm32h5xx_ll_usart.o
 *fill*         0x08009992        0x2 
 .text.LL_USART_SetBaudRate
                0x08009994       0xa0 ./Drivers/STM32H5xx_HAL_Driver/stm32h5xx_ll_usart.o
 .text.LL_USART_Init
                0x08009a34      0x1d4 ./Drivers/STM32H5xx_HAL_Driver/stm32h5xx_ll_usart.o
                0x08009a34                LL_USART_Init
 .text.LL_InitTick
                0x08009c08       0x34 ./Drivers/STM32H5xx_HAL_Driver/stm32h5xx_ll_utils.o
 .text.LL_Init1msTick
                0x08009c3c       0x1a ./Drivers/STM32H5xx_HAL_Driver/stm32h5xx_ll_utils.o
                0x08009c3c                LL_Init1msTick
 *fill*         0x08009c56        0x2 
 .text.LL_mDelay
                0x08009c58       0x50 ./Drivers/STM32H5xx_HAL_Driver/stm32h5xx_ll_utils.o
                0x08009c58                LL_mDelay
 .text.LL_SetSystemCoreClock
                0x08009ca8       0x20 ./Drivers/STM32H5xx_HAL_Driver/stm32h5xx_ll_utils.o
                0x08009ca8                LL_SetSystemCoreClock
 .text.__NVIC_SetPriority
                0x08009cc8       0x54 ./Middlewares/RTOS2/CMSIS/RTOS2/Core/TZ_Non_Supported/cmsis_os2.o
 .text.SysTick_Handler
                0x08009d1c       0x20 ./Middlewares/RTOS2/CMSIS/RTOS2/Core/TZ_Non_Supported/cmsis_os2.o
                0x08009d1c                SysTick_Handler
 .text.SVC_Setup
                0x08009d3c       0x12 ./Middlewares/RTOS2/CMSIS/RTOS2/Core/TZ_Non_Supported/cmsis_os2.o
 .text.IRQ_Context
                0x08009d4e       0x4e ./Middlewares/RTOS2/CMSIS/RTOS2/Core/TZ_Non_Supported/cmsis_os2.o
 .text.osKernelInitialize
                0x08009d9c       0x4c ./Middlewares/RTOS2/CMSIS/RTOS2/Core/TZ_Non_Supported/cmsis_os2.o
                0x08009d9c                osKernelInitialize
 .text.osKernelStart
                0x08009de8       0x54 ./Middlewares/RTOS2/CMSIS/RTOS2/Core/TZ_Non_Supported/cmsis_os2.o
                0x08009de8                osKernelStart
 .text.osThreadNew
                0x08009e3c      0x122 ./Middlewares/RTOS2/CMSIS/RTOS2/Core/TZ_Non_Supported/cmsis_os2.o
                0x08009e3c                osThreadNew
 .text.osDelay  0x08009f5e       0x34 ./Middlewares/RTOS2/CMSIS/RTOS2/Core/TZ_Non_Supported/cmsis_os2.o
                0x08009f5e                osDelay
 .text.TimerCallback
                0x08009f92       0x32 ./Middlewares/RTOS2/CMSIS/RTOS2/Core/TZ_Non_Supported/cmsis_os2.o
 .text.osTimerNew
                0x08009fc4      0x144 ./Middlewares/RTOS2/CMSIS/RTOS2/Core/TZ_Non_Supported/cmsis_os2.o
                0x08009fc4                osTimerNew
 .text.osMutexNew
                0x0800a108      0x10a ./Middlewares/RTOS2/CMSIS/RTOS2/Core/TZ_Non_Supported/cmsis_os2.o
                0x0800a108                osMutexNew
 .text.osMessageQueueNew
                0x0800a212       0xe4 ./Middlewares/RTOS2/CMSIS/RTOS2/Core/TZ_Non_Supported/cmsis_os2.o
                0x0800a212                osMessageQueueNew
 *fill*         0x0800a2f6        0x2 
 .text.vApplicationGetIdleTaskMemory
                0x0800a2f8       0x34 ./Middlewares/RTOS2/CMSIS/RTOS2/Core/TZ_Non_Supported/cmsis_os2.o
                0x0800a2f8                vApplicationGetIdleTaskMemory
 .text.vApplicationGetTimerTaskMemory
                0x0800a32c       0x34 ./Middlewares/RTOS2/CMSIS/RTOS2/Core/TZ_Non_Supported/cmsis_os2.o
                0x0800a32c                vApplicationGetTimerTaskMemory
 .text.vListInitialise
                0x0800a360       0x40 ./Middlewares/RTOS2/CMSIS/RTOS2/Core/TZ_Non_Supported/list.o
                0x0800a360                vListInitialise
 .text.vListInitialiseItem
                0x0800a3a0       0x1a ./Middlewares/RTOS2/CMSIS/RTOS2/Core/TZ_Non_Supported/list.o
                0x0800a3a0                vListInitialiseItem
 .text.vListInsert
                0x0800a3ba       0x72 ./Middlewares/RTOS2/CMSIS/RTOS2/Core/TZ_Non_Supported/list.o
                0x0800a3ba                vListInsert
 .text.uxListRemove
                0x0800a42c       0x54 ./Middlewares/RTOS2/CMSIS/RTOS2/Core/TZ_Non_Supported/list.o
                0x0800a42c                uxListRemove
 .text.vPortSetupTimerInterrupt
                0x0800a480       0x48 ./Middlewares/RTOS2/CMSIS/RTOS2/Core/TZ_Non_Supported/port.o
                0x0800a480                vPortSetupTimerInterrupt
 .text.prvTaskExitError
                0x0800a4c8       0x38 ./Middlewares/RTOS2/CMSIS/RTOS2/Core/TZ_Non_Supported/port.o
 .text.vPortYield
                0x0800a500       0x24 ./Middlewares/RTOS2/CMSIS/RTOS2/Core/TZ_Non_Supported/port.o
                0x0800a500                vPortYield
 .text.vPortEnterCritical
                0x0800a524       0x24 ./Middlewares/RTOS2/CMSIS/RTOS2/Core/TZ_Non_Supported/port.o
                0x0800a524                vPortEnterCritical
 .text.vPortExitCritical
                0x0800a548       0x34 ./Middlewares/RTOS2/CMSIS/RTOS2/Core/TZ_Non_Supported/port.o
                0x0800a548                vPortExitCritical
 .text.xPortSysTickHandler
                0x0800a57c       0x30 ./Middlewares/RTOS2/CMSIS/RTOS2/Core/TZ_Non_Supported/port.o
                0x0800a57c                xPortSysTickHandler
 .text.vPortSVCHandler_C
                0x0800a5ac       0x32 ./Middlewares/RTOS2/CMSIS/RTOS2/Core/TZ_Non_Supported/port.o
                0x0800a5ac                vPortSVCHandler_C
 *fill*         0x0800a5de        0x2 
 .text.pxPortInitialiseStack
                0x0800a5e0      0x114 ./Middlewares/RTOS2/CMSIS/RTOS2/Core/TZ_Non_Supported/port.o
                0x0800a5e0                pxPortInitialiseStack
 .text.xPortStartScheduler
                0x0800a6f4       0x40 ./Middlewares/RTOS2/CMSIS/RTOS2/Core/TZ_Non_Supported/port.o
                0x0800a6f4                xPortStartScheduler
 *fill*         0x0800a734        0xc 
 .text.vRestoreContextOfFirstTask
                0x0800a740       0x38 ./Middlewares/RTOS2/CMSIS/RTOS2/Core/TZ_Non_Supported/portasm.o
                0x0800a740                vRestoreContextOfFirstTask
 *fill*         0x0800a778        0x8 
 .text.vStartFirstTask
                0x0800a780       0x28 ./Middlewares/RTOS2/CMSIS/RTOS2/Core/TZ_Non_Supported/portasm.o
                0x0800a780                vStartFirstTask
 .text.ulSetInterruptMask
                0x0800a7a8       0x1a ./Middlewares/RTOS2/CMSIS/RTOS2/Core/TZ_Non_Supported/portasm.o
                0x0800a7a8                ulSetInterruptMask
 .text.vClearInterruptMask
                0x0800a7c2       0x10 ./Middlewares/RTOS2/CMSIS/RTOS2/Core/TZ_Non_Supported/portasm.o
                0x0800a7c2                vClearInterruptMask
 *fill*         0x0800a7d2        0xe 
 .text.PendSV_Handler
                0x0800a7e0       0x58 ./Middlewares/RTOS2/CMSIS/RTOS2/Core/TZ_Non_Supported/portasm.o
                0x0800a7e0                PendSV_Handler
 *fill*         0x0800a838        0x8 
 .text.SVC_Handler
                0x0800a840       0x28 ./Middlewares/RTOS2/CMSIS/RTOS2/Core/TZ_Non_Supported/portasm.o
                0x0800a840                SVC_Handler
 .text.xQueueGenericReset
                0x0800a868       0xf2 ./Middlewares/RTOS2/CMSIS/RTOS2/Core/TZ_Non_Supported/queue.o
                0x0800a868                xQueueGenericReset
 .text.xQueueGenericCreateStatic
                0x0800a95a       0x92 ./Middlewares/RTOS2/CMSIS/RTOS2/Core/TZ_Non_Supported/queue.o
                0x0800a95a                xQueueGenericCreateStatic
 .text.xQueueGenericCreate
                0x0800a9ec       0x96 ./Middlewares/RTOS2/CMSIS/RTOS2/Core/TZ_Non_Supported/queue.o
                0x0800a9ec                xQueueGenericCreate
 .text.prvInitialiseNewQueue
                0x0800aa82       0x46 ./Middlewares/RTOS2/CMSIS/RTOS2/Core/TZ_Non_Supported/queue.o
 .text.prvInitialiseMutex
                0x0800aac8       0x34 ./Middlewares/RTOS2/CMSIS/RTOS2/Core/TZ_Non_Supported/queue.o
 .text.xQueueCreateMutex
                0x0800aafc       0x30 ./Middlewares/RTOS2/CMSIS/RTOS2/Core/TZ_Non_Supported/queue.o
                0x0800aafc                xQueueCreateMutex
 .text.xQueueCreateMutexStatic
                0x0800ab2c       0x36 ./Middlewares/RTOS2/CMSIS/RTOS2/Core/TZ_Non_Supported/queue.o
                0x0800ab2c                xQueueCreateMutexStatic
 .text.xQueueGenericSend
                0x0800ab62      0x19a ./Middlewares/RTOS2/CMSIS/RTOS2/Core/TZ_Non_Supported/queue.o
                0x0800ab62                xQueueGenericSend
 .text.xQueueReceive
                0x0800acfc      0x178 ./Middlewares/RTOS2/CMSIS/RTOS2/Core/TZ_Non_Supported/queue.o
                0x0800acfc                xQueueReceive
 .text.prvCopyDataToQueue
                0x0800ae74       0xd4 ./Middlewares/RTOS2/CMSIS/RTOS2/Core/TZ_Non_Supported/queue.o
 .text.prvCopyDataFromQueue
                0x0800af48       0x4c ./Middlewares/RTOS2/CMSIS/RTOS2/Core/TZ_Non_Supported/queue.o
 .text.prvUnlockQueue
                0x0800af94       0xa4 ./Middlewares/RTOS2/CMSIS/RTOS2/Core/TZ_Non_Supported/queue.o
 .text.prvIsQueueEmpty
                0x0800b038       0x2c ./Middlewares/RTOS2/CMSIS/RTOS2/Core/TZ_Non_Supported/queue.o
 .text.prvIsQueueFull
                0x0800b064       0x30 ./Middlewares/RTOS2/CMSIS/RTOS2/Core/TZ_Non_Supported/queue.o
 .text.vQueueAddToRegistry
                0x0800b094       0x8c ./Middlewares/RTOS2/CMSIS/RTOS2/Core/TZ_Non_Supported/queue.o
                0x0800b094                vQueueAddToRegistry
 .text.vQueueWaitForMessageRestricted
                0x0800b120       0x68 ./Middlewares/RTOS2/CMSIS/RTOS2/Core/TZ_Non_Supported/queue.o
                0x0800b120                vQueueWaitForMessageRestricted
 .text.xTaskCreateStatic
                0x0800b188       0x9a ./Middlewares/RTOS2/CMSIS/RTOS2/Core/TZ_Non_Supported/tasks.o
                0x0800b188                xTaskCreateStatic
 .text.xTaskCreate
                0x0800b222       0x94 ./Middlewares/RTOS2/CMSIS/RTOS2/Core/TZ_Non_Supported/tasks.o
                0x0800b222                xTaskCreate
 .text.prvInitialiseNewTask
                0x0800b2b6      0x104 ./Middlewares/RTOS2/CMSIS/RTOS2/Core/TZ_Non_Supported/tasks.o
 *fill*         0x0800b3ba        0x2 
 .text.prvAddNewTaskToReadyList
                0x0800b3bc      0x120 ./Middlewares/RTOS2/CMSIS/RTOS2/Core/TZ_Non_Supported/tasks.o
 .text.vTaskDelay
                0x0800b4dc       0x4c ./Middlewares/RTOS2/CMSIS/RTOS2/Core/TZ_Non_Supported/tasks.o
                0x0800b4dc                vTaskDelay
 .text.vTaskStartScheduler
                0x0800b528       0xb8 ./Middlewares/RTOS2/CMSIS/RTOS2/Core/TZ_Non_Supported/tasks.o
                0x0800b528                vTaskStartScheduler
 .text.vTaskSuspendAll
                0x0800b5e0       0x1c ./Middlewares/RTOS2/CMSIS/RTOS2/Core/TZ_Non_Supported/tasks.o
                0x0800b5e0                vTaskSuspendAll
 .text.xTaskResumeAll
                0x0800b5fc      0x1dc ./Middlewares/RTOS2/CMSIS/RTOS2/Core/TZ_Non_Supported/tasks.o
                0x0800b5fc                xTaskResumeAll
 .text.xTaskGetTickCount
                0x0800b7d8       0x20 ./Middlewares/RTOS2/CMSIS/RTOS2/Core/TZ_Non_Supported/tasks.o
                0x0800b7d8                xTaskGetTickCount
 .text.xTaskIncrementTick
                0x0800b7f8      0x220 ./Middlewares/RTOS2/CMSIS/RTOS2/Core/TZ_Non_Supported/tasks.o
                0x0800b7f8                xTaskIncrementTick
 .text.vTaskSwitchContext
                0x0800ba18       0xa8 ./Middlewares/RTOS2/CMSIS/RTOS2/Core/TZ_Non_Supported/tasks.o
                0x0800ba18                vTaskSwitchContext
 .text.vTaskPlaceOnEventList
                0x0800bac0       0x3c ./Middlewares/RTOS2/CMSIS/RTOS2/Core/TZ_Non_Supported/tasks.o
                0x0800bac0                vTaskPlaceOnEventList
 .text.vTaskPlaceOnEventListRestricted
                0x0800bafc       0x7c ./Middlewares/RTOS2/CMSIS/RTOS2/Core/TZ_Non_Supported/tasks.o
                0x0800bafc                vTaskPlaceOnEventListRestricted
 .text.xTaskRemoveFromEventList
                0x0800bb78      0x19c ./Middlewares/RTOS2/CMSIS/RTOS2/Core/TZ_Non_Supported/tasks.o
                0x0800bb78                xTaskRemoveFromEventList
 .text.vTaskInternalSetTimeOutState
                0x0800bd14       0x2c ./Middlewares/RTOS2/CMSIS/RTOS2/Core/TZ_Non_Supported/tasks.o
                0x0800bd14                vTaskInternalSetTimeOutState
 .text.xTaskCheckForTimeOut
                0x0800bd40       0xb0 ./Middlewares/RTOS2/CMSIS/RTOS2/Core/TZ_Non_Supported/tasks.o
                0x0800bd40                xTaskCheckForTimeOut
 .text.vTaskMissedYield
                0x0800bdf0       0x18 ./Middlewares/RTOS2/CMSIS/RTOS2/Core/TZ_Non_Supported/tasks.o
                0x0800bdf0                vTaskMissedYield
 .text.prvIdleTask
                0x0800be08       0x20 ./Middlewares/RTOS2/CMSIS/RTOS2/Core/TZ_Non_Supported/tasks.o
 .text.prvInitialiseTaskLists
                0x0800be28       0x80 ./Middlewares/RTOS2/CMSIS/RTOS2/Core/TZ_Non_Supported/tasks.o
 .text.prvCheckTasksWaitingTermination
                0x0800bea8       0x5c ./Middlewares/RTOS2/CMSIS/RTOS2/Core/TZ_Non_Supported/tasks.o
 .text.prvDeleteTCB
                0x0800bf04       0x50 ./Middlewares/RTOS2/CMSIS/RTOS2/Core/TZ_Non_Supported/tasks.o
 .text.prvResetNextTaskUnblockTime
                0x0800bf54       0x38 ./Middlewares/RTOS2/CMSIS/RTOS2/Core/TZ_Non_Supported/tasks.o
 .text.xTaskGetSchedulerState
                0x0800bf8c       0x3c ./Middlewares/RTOS2/CMSIS/RTOS2/Core/TZ_Non_Supported/tasks.o
                0x0800bf8c                xTaskGetSchedulerState
 .text.xTaskPriorityDisinherit
                0x0800bfc8      0x110 ./Middlewares/RTOS2/CMSIS/RTOS2/Core/TZ_Non_Supported/tasks.o
                0x0800bfc8                xTaskPriorityDisinherit
 .text.prvAddCurrentTaskToDelayedList
                0x0800c0d8       0xdc ./Middlewares/RTOS2/CMSIS/RTOS2/Core/TZ_Non_Supported/tasks.o
 .text.xTimerCreateTimerTask
                0x0800c1b4       0x80 ./Middlewares/RTOS2/CMSIS/RTOS2/Core/TZ_Non_Supported/timers.o
                0x0800c1b4                xTimerCreateTimerTask
 .text.xTimerCreate
                0x0800c234       0x42 ./Middlewares/RTOS2/CMSIS/RTOS2/Core/TZ_Non_Supported/timers.o
                0x0800c234                xTimerCreate
 .text.xTimerCreateStatic
                0x0800c276       0x60 ./Middlewares/RTOS2/CMSIS/RTOS2/Core/TZ_Non_Supported/timers.o
                0x0800c276                xTimerCreateStatic
 .text.prvInitialiseNewTimer
                0x0800c2d6       0x62 ./Middlewares/RTOS2/CMSIS/RTOS2/Core/TZ_Non_Supported/timers.o
 .text.prvReloadTimer
                0x0800c338       0x42 ./Middlewares/RTOS2/CMSIS/RTOS2/Core/TZ_Non_Supported/timers.o
 *fill*         0x0800c37a        0x2 
 .text.prvProcessExpiredTimer
                0x0800c37c       0x60 ./Middlewares/RTOS2/CMSIS/RTOS2/Core/TZ_Non_Supported/timers.o
 .text.prvTimerTask
                0x0800c3dc       0x26 ./Middlewares/RTOS2/CMSIS/RTOS2/Core/TZ_Non_Supported/timers.o
 *fill*         0x0800c402        0x2 
 .text.prvProcessTimerOrBlockTask
                0x0800c404       0x8c ./Middlewares/RTOS2/CMSIS/RTOS2/Core/TZ_Non_Supported/timers.o
 .text.prvGetNextExpireTime
                0x0800c490       0x48 ./Middlewares/RTOS2/CMSIS/RTOS2/Core/TZ_Non_Supported/timers.o
 .text.prvSampleTimeNow
                0x0800c4d8       0x40 ./Middlewares/RTOS2/CMSIS/RTOS2/Core/TZ_Non_Supported/timers.o
 .text.prvInsertTimerInActiveList
                0x0800c518       0x84 ./Middlewares/RTOS2/CMSIS/RTOS2/Core/TZ_Non_Supported/timers.o
 .text.prvProcessReceivedCommands
                0x0800c59c      0x19c ./Middlewares/RTOS2/CMSIS/RTOS2/Core/TZ_Non_Supported/timers.o
 .text.prvSwitchTimerLists
                0x0800c738       0x4c ./Middlewares/RTOS2/CMSIS/RTOS2/Core/TZ_Non_Supported/timers.o
 .text.prvCheckForValidListAndQueue
                0x0800c784       0x80 ./Middlewares/RTOS2/CMSIS/RTOS2/Core/TZ_Non_Supported/timers.o
 .text.pvTimerGetTimerID
                0x0800c804       0x32 ./Middlewares/RTOS2/CMSIS/RTOS2/Core/TZ_Non_Supported/timers.o
                0x0800c804                pvTimerGetTimerID
 *fill*         0x0800c836        0x2 
 .text.pvPortMalloc
                0x0800c838      0x158 ./Middlewares/RTOS2/CMSIS/RTOS2/Heap/Heap_4/heap_4.o
                0x0800c838                pvPortMalloc
 .text.vPortFree
                0x0800c990       0x9c ./Middlewares/RTOS2/CMSIS/RTOS2/Heap/Heap_4/heap_4.o
                0x0800c990                vPortFree
 .text.prvHeapInit
                0x0800ca2c       0xb8 ./Middlewares/RTOS2/CMSIS/RTOS2/Heap/Heap_4/heap_4.o
 .text.prvInsertBlockIntoFreeList
                0x0800cae4       0xb4 ./Middlewares/RTOS2/CMSIS/RTOS2/Heap/Heap_4/heap_4.o
 .text.__cvt    0x0800cb98       0xca D:/ST/STM32CubeIDE_1.16.1/STM32CubeIDE/plugins/com.st.stm32cube.ide.mcu.externaltools.gnu-tools-for-stm32.12.3.rel1.win32_1.0.200.202406191623/tools/bin/../lib/gcc/arm-none-eabi/12.3.1/../../../../arm-none-eabi/lib/thumb/v8-m.main+fp/hard\libc_nano.a(libc_a-nano-vfprintf_float.o)
                0x0800cb98                __cvt
 .text.__exponent
                0x0800cc62       0x72 D:/ST/STM32CubeIDE_1.16.1/STM32CubeIDE/plugins/com.st.stm32cube.ide.mcu.externaltools.gnu-tools-for-stm32.12.3.rel1.win32_1.0.200.202406191623/tools/bin/../lib/gcc/arm-none-eabi/12.3.1/../../../../arm-none-eabi/lib/thumb/v8-m.main+fp/hard\libc_nano.a(libc_a-nano-vfprintf_float.o)
                0x0800cc62                __exponent
 .text._printf_float
                0x0800ccd4      0x454 D:/ST/STM32CubeIDE_1.16.1/STM32CubeIDE/plugins/com.st.stm32cube.ide.mcu.externaltools.gnu-tools-for-stm32.12.3.rel1.win32_1.0.200.202406191623/tools/bin/../lib/gcc/arm-none-eabi/12.3.1/../../../../arm-none-eabi/lib/thumb/v8-m.main+fp/hard\libc_nano.a(libc_a-nano-vfprintf_float.o)
                0x0800ccd4                _printf_float
 .text._printf_common
                0x0800d128       0xe4 D:/ST/STM32CubeIDE_1.16.1/STM32CubeIDE/plugins/com.st.stm32cube.ide.mcu.externaltools.gnu-tools-for-stm32.12.3.rel1.win32_1.0.200.202406191623/tools/bin/../lib/gcc/arm-none-eabi/12.3.1/../../../../arm-none-eabi/lib/thumb/v8-m.main+fp/hard\libc_nano.a(libc_a-nano-vfprintf_i.o)
                0x0800d128                _printf_common
 .text._printf_i
                0x0800d20c      0x240 D:/ST/STM32CubeIDE_1.16.1/STM32CubeIDE/plugins/com.st.stm32cube.ide.mcu.externaltools.gnu-tools-for-stm32.12.3.rel1.win32_1.0.200.202406191623/tools/bin/../lib/gcc/arm-none-eabi/12.3.1/../../../../arm-none-eabi/lib/thumb/v8-m.main+fp/hard\libc_nano.a(libc_a-nano-vfprintf_i.o)
                0x0800d20c                _printf_i
 .text.std      0x0800d44c       0x6c D:/ST/STM32CubeIDE_1.16.1/STM32CubeIDE/plugins/com.st.stm32cube.ide.mcu.externaltools.gnu-tools-for-stm32.12.3.rel1.win32_1.0.200.202406191623/tools/bin/../lib/gcc/arm-none-eabi/12.3.1/../../../../arm-none-eabi/lib/thumb/v8-m.main+fp/hard\libc_nano.a(libc_a-findfp.o)
 .text.stdio_exit_handler
                0x0800d4b8       0x18 D:/ST/STM32CubeIDE_1.16.1/STM32CubeIDE/plugins/com.st.stm32cube.ide.mcu.externaltools.gnu-tools-for-stm32.12.3.rel1.win32_1.0.200.202406191623/tools/bin/../lib/gcc/arm-none-eabi/12.3.1/../../../../arm-none-eabi/lib/thumb/v8-m.main+fp/hard\libc_nano.a(libc_a-findfp.o)
 .text.cleanup_stdio
                0x0800d4d0       0x40 D:/ST/STM32CubeIDE_1.16.1/STM32CubeIDE/plugins/com.st.stm32cube.ide.mcu.externaltools.gnu-tools-for-stm32.12.3.rel1.win32_1.0.200.202406191623/tools/bin/../lib/gcc/arm-none-eabi/12.3.1/../../../../arm-none-eabi/lib/thumb/v8-m.main+fp/hard\libc_nano.a(libc_a-findfp.o)
 .text.global_stdio_init.part.0
                0x0800d510       0x3c D:/ST/STM32CubeIDE_1.16.1/STM32CubeIDE/plugins/com.st.stm32cube.ide.mcu.externaltools.gnu-tools-for-stm32.12.3.rel1.win32_1.0.200.202406191623/tools/bin/../lib/gcc/arm-none-eabi/12.3.1/../../../../arm-none-eabi/lib/thumb/v8-m.main+fp/hard\libc_nano.a(libc_a-findfp.o)
 .text.__sfp_lock_acquire
                0x0800d54c        0xc D:/ST/STM32CubeIDE_1.16.1/STM32CubeIDE/plugins/com.st.stm32cube.ide.mcu.externaltools.gnu-tools-for-stm32.12.3.rel1.win32_1.0.200.202406191623/tools/bin/../lib/gcc/arm-none-eabi/12.3.1/../../../../arm-none-eabi/lib/thumb/v8-m.main+fp/hard\libc_nano.a(libc_a-findfp.o)
                0x0800d54c                __sfp_lock_acquire
 .text.__sfp_lock_release
                0x0800d558        0xc D:/ST/STM32CubeIDE_1.16.1/STM32CubeIDE/plugins/com.st.stm32cube.ide.mcu.externaltools.gnu-tools-for-stm32.12.3.rel1.win32_1.0.200.202406191623/tools/bin/../lib/gcc/arm-none-eabi/12.3.1/../../../../arm-none-eabi/lib/thumb/v8-m.main+fp/hard\libc_nano.a(libc_a-findfp.o)
                0x0800d558                __sfp_lock_release
 .text.__sinit  0x0800d564       0x30 D:/ST/STM32CubeIDE_1.16.1/STM32CubeIDE/plugins/com.st.stm32cube.ide.mcu.externaltools.gnu-tools-for-stm32.12.3.rel1.win32_1.0.200.202406191623/tools/bin/../lib/gcc/arm-none-eabi/12.3.1/../../../../arm-none-eabi/lib/thumb/v8-m.main+fp/hard\libc_nano.a(libc_a-findfp.o)
                0x0800d564                __sinit
 .text._fwalk_sglue
                0x0800d594       0x3c D:/ST/STM32CubeIDE_1.16.1/STM32CubeIDE/plugins/com.st.stm32cube.ide.mcu.externaltools.gnu-tools-for-stm32.12.3.rel1.win32_1.0.200.202406191623/tools/bin/../lib/gcc/arm-none-eabi/12.3.1/../../../../arm-none-eabi/lib/thumb/v8-m.main+fp/hard\libc_nano.a(libc_a-fwalk.o)
                0x0800d594                _fwalk_sglue
 .text.sprintf  0x0800d5d0       0x40 D:/ST/STM32CubeIDE_1.16.1/STM32CubeIDE/plugins/com.st.stm32cube.ide.mcu.externaltools.gnu-tools-for-stm32.12.3.rel1.win32_1.0.200.202406191623/tools/bin/../lib/gcc/arm-none-eabi/12.3.1/../../../../arm-none-eabi/lib/thumb/v8-m.main+fp/hard\libc_nano.a(libc_a-sprintf.o)
                0x0800d5d0                siprintf
                0x0800d5d0                sprintf
 .text.__sread  0x0800d610       0x22 D:/ST/STM32CubeIDE_1.16.1/STM32CubeIDE/plugins/com.st.stm32cube.ide.mcu.externaltools.gnu-tools-for-stm32.12.3.rel1.win32_1.0.200.202406191623/tools/bin/../lib/gcc/arm-none-eabi/12.3.1/../../../../arm-none-eabi/lib/thumb/v8-m.main+fp/hard\libc_nano.a(libc_a-stdio.o)
                0x0800d610                __sread
 .text.__swrite
                0x0800d632       0x38 D:/ST/STM32CubeIDE_1.16.1/STM32CubeIDE/plugins/com.st.stm32cube.ide.mcu.externaltools.gnu-tools-for-stm32.12.3.rel1.win32_1.0.200.202406191623/tools/bin/../lib/gcc/arm-none-eabi/12.3.1/../../../../arm-none-eabi/lib/thumb/v8-m.main+fp/hard\libc_nano.a(libc_a-stdio.o)
                0x0800d632                __swrite
 .text.__sseek  0x0800d66a       0x24 D:/ST/STM32CubeIDE_1.16.1/STM32CubeIDE/plugins/com.st.stm32cube.ide.mcu.externaltools.gnu-tools-for-stm32.12.3.rel1.win32_1.0.200.202406191623/tools/bin/../lib/gcc/arm-none-eabi/12.3.1/../../../../arm-none-eabi/lib/thumb/v8-m.main+fp/hard\libc_nano.a(libc_a-stdio.o)
                0x0800d66a                __sseek
 .text.__sclose
                0x0800d68e        0x8 D:/ST/STM32CubeIDE_1.16.1/STM32CubeIDE/plugins/com.st.stm32cube.ide.mcu.externaltools.gnu-tools-for-stm32.12.3.rel1.win32_1.0.200.202406191623/tools/bin/../lib/gcc/arm-none-eabi/12.3.1/../../../../arm-none-eabi/lib/thumb/v8-m.main+fp/hard\libc_nano.a(libc_a-stdio.o)
                0x0800d68e                __sclose
 .text.memset   0x0800d696       0x10 D:/ST/STM32CubeIDE_1.16.1/STM32CubeIDE/plugins/com.st.stm32cube.ide.mcu.externaltools.gnu-tools-for-stm32.12.3.rel1.win32_1.0.200.202406191623/tools/bin/../lib/gcc/arm-none-eabi/12.3.1/../../../../arm-none-eabi/lib/thumb/v8-m.main+fp/hard\libc_nano.a(libc_a-memset.o)
                0x0800d696                memset
 *fill*         0x0800d6a6        0x2 
 .text._localeconv_r
                0x0800d6a8        0x8 D:/ST/STM32CubeIDE_1.16.1/STM32CubeIDE/plugins/com.st.stm32cube.ide.mcu.externaltools.gnu-tools-for-stm32.12.3.rel1.win32_1.0.200.202406191623/tools/bin/../lib/gcc/arm-none-eabi/12.3.1/../../../../arm-none-eabi/lib/thumb/v8-m.main+fp/hard\libc_nano.a(libc_a-localeconv.o)
                0x0800d6a8                _localeconv_r
 .text._close_r
                0x0800d6b0       0x20 D:/ST/STM32CubeIDE_1.16.1/STM32CubeIDE/plugins/com.st.stm32cube.ide.mcu.externaltools.gnu-tools-for-stm32.12.3.rel1.win32_1.0.200.202406191623/tools/bin/../lib/gcc/arm-none-eabi/12.3.1/../../../../arm-none-eabi/lib/thumb/v8-m.main+fp/hard\libc_nano.a(libc_a-closer.o)
                0x0800d6b0                _close_r
 .text._lseek_r
                0x0800d6d0       0x24 D:/ST/STM32CubeIDE_1.16.1/STM32CubeIDE/plugins/com.st.stm32cube.ide.mcu.externaltools.gnu-tools-for-stm32.12.3.rel1.win32_1.0.200.202406191623/tools/bin/../lib/gcc/arm-none-eabi/12.3.1/../../../../arm-none-eabi/lib/thumb/v8-m.main+fp/hard\libc_nano.a(libc_a-lseekr.o)
                0x0800d6d0                _lseek_r
 .text._read_r  0x0800d6f4       0x24 D:/ST/STM32CubeIDE_1.16.1/STM32CubeIDE/plugins/com.st.stm32cube.ide.mcu.externaltools.gnu-tools-for-stm32.12.3.rel1.win32_1.0.200.202406191623/tools/bin/../lib/gcc/arm-none-eabi/12.3.1/../../../../arm-none-eabi/lib/thumb/v8-m.main+fp/hard\libc_nano.a(libc_a-readr.o)
                0x0800d6f4                _read_r
 .text._write_r
                0x0800d718       0x24 D:/ST/STM32CubeIDE_1.16.1/STM32CubeIDE/plugins/com.st.stm32cube.ide.mcu.externaltools.gnu-tools-for-stm32.12.3.rel1.win32_1.0.200.202406191623/tools/bin/../lib/gcc/arm-none-eabi/12.3.1/../../../../arm-none-eabi/lib/thumb/v8-m.main+fp/hard\libc_nano.a(libc_a-writer.o)
                0x0800d718                _write_r
 .text.__errno  0x0800d73c        0xc D:/ST/STM32CubeIDE_1.16.1/STM32CubeIDE/plugins/com.st.stm32cube.ide.mcu.externaltools.gnu-tools-for-stm32.12.3.rel1.win32_1.0.200.202406191623/tools/bin/../lib/gcc/arm-none-eabi/12.3.1/../../../../arm-none-eabi/lib/thumb/v8-m.main+fp/hard\libc_nano.a(libc_a-errno.o)
                0x0800d73c                __errno
 .text.__libc_init_array
                0x0800d748       0x48 D:/ST/STM32CubeIDE_1.16.1/STM32CubeIDE/plugins/com.st.stm32cube.ide.mcu.externaltools.gnu-tools-for-stm32.12.3.rel1.win32_1.0.200.202406191623/tools/bin/../lib/gcc/arm-none-eabi/12.3.1/../../../../arm-none-eabi/lib/thumb/v8-m.main+fp/hard\libc_nano.a(libc_a-init.o)
                0x0800d748                __libc_init_array
 .text.__retarget_lock_init_recursive
                0x0800d790        0x2 D:/ST/STM32CubeIDE_1.16.1/STM32CubeIDE/plugins/com.st.stm32cube.ide.mcu.externaltools.gnu-tools-for-stm32.12.3.rel1.win32_1.0.200.202406191623/tools/bin/../lib/gcc/arm-none-eabi/12.3.1/../../../../arm-none-eabi/lib/thumb/v8-m.main+fp/hard\libc_nano.a(libc_a-lock.o)
                0x0800d790                __retarget_lock_init_recursive
 .text.__retarget_lock_acquire_recursive
                0x0800d792        0x2 D:/ST/STM32CubeIDE_1.16.1/STM32CubeIDE/plugins/com.st.stm32cube.ide.mcu.externaltools.gnu-tools-for-stm32.12.3.rel1.win32_1.0.200.202406191623/tools/bin/../lib/gcc/arm-none-eabi/12.3.1/../../../../arm-none-eabi/lib/thumb/v8-m.main+fp/hard\libc_nano.a(libc_a-lock.o)
                0x0800d792                __retarget_lock_acquire_recursive
 .text.__retarget_lock_release_recursive
                0x0800d794        0x2 D:/ST/STM32CubeIDE_1.16.1/STM32CubeIDE/plugins/com.st.stm32cube.ide.mcu.externaltools.gnu-tools-for-stm32.12.3.rel1.win32_1.0.200.202406191623/tools/bin/../lib/gcc/arm-none-eabi/12.3.1/../../../../arm-none-eabi/lib/thumb/v8-m.main+fp/hard\libc_nano.a(libc_a-lock.o)
                0x0800d794                __retarget_lock_release_recursive
 .text.memchr   0x0800d796       0x1c D:/ST/STM32CubeIDE_1.16.1/STM32CubeIDE/plugins/com.st.stm32cube.ide.mcu.externaltools.gnu-tools-for-stm32.12.3.rel1.win32_1.0.200.202406191623/tools/bin/../lib/gcc/arm-none-eabi/12.3.1/../../../../arm-none-eabi/lib/thumb/v8-m.main+fp/hard\libc_nano.a(libc_a-memchr-stub.o)
                0x0800d796                memchr
 .text.memcpy   0x0800d7b2       0x1a D:/ST/STM32CubeIDE_1.16.1/STM32CubeIDE/plugins/com.st.stm32cube.ide.mcu.externaltools.gnu-tools-for-stm32.12.3.rel1.win32_1.0.200.202406191623/tools/bin/../lib/gcc/arm-none-eabi/12.3.1/../../../../arm-none-eabi/lib/thumb/v8-m.main+fp/hard\libc_nano.a(libc_a-memcpy-stub.o)
                0x0800d7b2                memcpy
 .text.quorem   0x0800d7cc      0x11a D:/ST/STM32CubeIDE_1.16.1/STM32CubeIDE/plugins/com.st.stm32cube.ide.mcu.externaltools.gnu-tools-for-stm32.12.3.rel1.win32_1.0.200.202406191623/tools/bin/../lib/gcc/arm-none-eabi/12.3.1/../../../../arm-none-eabi/lib/thumb/v8-m.main+fp/hard\libc_nano.a(libc_a-dtoa.o)
 *fill*         0x0800d8e6        0x2 
 .text._dtoa_r  0x0800d8e8      0xb88 D:/ST/STM32CubeIDE_1.16.1/STM32CubeIDE/plugins/com.st.stm32cube.ide.mcu.externaltools.gnu-tools-for-stm32.12.3.rel1.win32_1.0.200.202406191623/tools/bin/../lib/gcc/arm-none-eabi/12.3.1/../../../../arm-none-eabi/lib/thumb/v8-m.main+fp/hard\libc_nano.a(libc_a-dtoa.o)
                0x0800d8e8                _dtoa_r
 .text._free_r  0x0800e470       0x94 D:/ST/STM32CubeIDE_1.16.1/STM32CubeIDE/plugins/com.st.stm32cube.ide.mcu.externaltools.gnu-tools-for-stm32.12.3.rel1.win32_1.0.200.202406191623/tools/bin/../lib/gcc/arm-none-eabi/12.3.1/../../../../arm-none-eabi/lib/thumb/v8-m.main+fp/hard\libc_nano.a(libc_a-freer.o)
                0x0800e470                _free_r
 .text.malloc   0x0800e504       0x10 D:/ST/STM32CubeIDE_1.16.1/STM32CubeIDE/plugins/com.st.stm32cube.ide.mcu.externaltools.gnu-tools-for-stm32.12.3.rel1.win32_1.0.200.202406191623/tools/bin/../lib/gcc/arm-none-eabi/12.3.1/../../../../arm-none-eabi/lib/thumb/v8-m.main+fp/hard\libc_nano.a(libc_a-malloc.o)
                0x0800e504                malloc
 .text.sbrk_aligned
                0x0800e514       0x44 D:/ST/STM32CubeIDE_1.16.1/STM32CubeIDE/plugins/com.st.stm32cube.ide.mcu.externaltools.gnu-tools-for-stm32.12.3.rel1.win32_1.0.200.202406191623/tools/bin/../lib/gcc/arm-none-eabi/12.3.1/../../../../arm-none-eabi/lib/thumb/v8-m.main+fp/hard\libc_nano.a(libc_a-mallocr.o)
 .text._malloc_r
                0x0800e558      0x100 D:/ST/STM32CubeIDE_1.16.1/STM32CubeIDE/plugins/com.st.stm32cube.ide.mcu.externaltools.gnu-tools-for-stm32.12.3.rel1.win32_1.0.200.202406191623/tools/bin/../lib/gcc/arm-none-eabi/12.3.1/../../../../arm-none-eabi/lib/thumb/v8-m.main+fp/hard\libc_nano.a(libc_a-mallocr.o)
                0x0800e558                _malloc_r
 .text.__malloc_lock
                0x0800e658        0xc D:/ST/STM32CubeIDE_1.16.1/STM32CubeIDE/plugins/com.st.stm32cube.ide.mcu.externaltools.gnu-tools-for-stm32.12.3.rel1.win32_1.0.200.202406191623/tools/bin/../lib/gcc/arm-none-eabi/12.3.1/../../../../arm-none-eabi/lib/thumb/v8-m.main+fp/hard\libc_nano.a(libc_a-mlock.o)
                0x0800e658                __malloc_lock
 .text.__malloc_unlock
                0x0800e664        0xc D:/ST/STM32CubeIDE_1.16.1/STM32CubeIDE/plugins/com.st.stm32cube.ide.mcu.externaltools.gnu-tools-for-stm32.12.3.rel1.win32_1.0.200.202406191623/tools/bin/../lib/gcc/arm-none-eabi/12.3.1/../../../../arm-none-eabi/lib/thumb/v8-m.main+fp/hard\libc_nano.a(libc_a-mlock.o)
                0x0800e664                __malloc_unlock
 .text._Balloc  0x0800e670       0x80 D:/ST/STM32CubeIDE_1.16.1/STM32CubeIDE/plugins/com.st.stm32cube.ide.mcu.externaltools.gnu-tools-for-stm32.12.3.rel1.win32_1.0.200.202406191623/tools/bin/../lib/gcc/arm-none-eabi/12.3.1/../../../../arm-none-eabi/lib/thumb/v8-m.main+fp/hard\libc_nano.a(libc_a-mprec.o)
                0x0800e670                _Balloc
 .text._Bfree   0x0800e6f0       0x44 D:/ST/STM32CubeIDE_1.16.1/STM32CubeIDE/plugins/com.st.stm32cube.ide.mcu.externaltools.gnu-tools-for-stm32.12.3.rel1.win32_1.0.200.202406191623/tools/bin/../lib/gcc/arm-none-eabi/12.3.1/../../../../arm-none-eabi/lib/thumb/v8-m.main+fp/hard\libc_nano.a(libc_a-mprec.o)
                0x0800e6f0                _Bfree
 .text.__multadd
                0x0800e734       0x90 D:/ST/STM32CubeIDE_1.16.1/STM32CubeIDE/plugins/com.st.stm32cube.ide.mcu.externaltools.gnu-tools-for-stm32.12.3.rel1.win32_1.0.200.202406191623/tools/bin/../lib/gcc/arm-none-eabi/12.3.1/../../../../arm-none-eabi/lib/thumb/v8-m.main+fp/hard\libc_nano.a(libc_a-mprec.o)
                0x0800e734                __multadd
 .text.__hi0bits
                0x0800e7c4       0x3e D:/ST/STM32CubeIDE_1.16.1/STM32CubeIDE/plugins/com.st.stm32cube.ide.mcu.externaltools.gnu-tools-for-stm32.12.3.rel1.win32_1.0.200.202406191623/tools/bin/../lib/gcc/arm-none-eabi/12.3.1/../../../../arm-none-eabi/lib/thumb/v8-m.main+fp/hard\libc_nano.a(libc_a-mprec.o)
                0x0800e7c4                __hi0bits
 .text.__lo0bits
                0x0800e802       0x5a D:/ST/STM32CubeIDE_1.16.1/STM32CubeIDE/plugins/com.st.stm32cube.ide.mcu.externaltools.gnu-tools-for-stm32.12.3.rel1.win32_1.0.200.202406191623/tools/bin/../lib/gcc/arm-none-eabi/12.3.1/../../../../arm-none-eabi/lib/thumb/v8-m.main+fp/hard\libc_nano.a(libc_a-mprec.o)
                0x0800e802                __lo0bits
 .text.__i2b    0x0800e85c       0x2c D:/ST/STM32CubeIDE_1.16.1/STM32CubeIDE/plugins/com.st.stm32cube.ide.mcu.externaltools.gnu-tools-for-stm32.12.3.rel1.win32_1.0.200.202406191623/tools/bin/../lib/gcc/arm-none-eabi/12.3.1/../../../../arm-none-eabi/lib/thumb/v8-m.main+fp/hard\libc_nano.a(libc_a-mprec.o)
                0x0800e85c                __i2b
 .text.__multiply
                0x0800e888      0x154 D:/ST/STM32CubeIDE_1.16.1/STM32CubeIDE/plugins/com.st.stm32cube.ide.mcu.externaltools.gnu-tools-for-stm32.12.3.rel1.win32_1.0.200.202406191623/tools/bin/../lib/gcc/arm-none-eabi/12.3.1/../../../../arm-none-eabi/lib/thumb/v8-m.main+fp/hard\libc_nano.a(libc_a-mprec.o)
                0x0800e888                __multiply
 .text.__pow5mult
                0x0800e9dc       0xb4 D:/ST/STM32CubeIDE_1.16.1/STM32CubeIDE/plugins/com.st.stm32cube.ide.mcu.externaltools.gnu-tools-for-stm32.12.3.rel1.win32_1.0.200.202406191623/tools/bin/../lib/gcc/arm-none-eabi/12.3.1/../../../../arm-none-eabi/lib/thumb/v8-m.main+fp/hard\libc_nano.a(libc_a-mprec.o)
                0x0800e9dc                __pow5mult
 .text.__lshift
                0x0800ea90       0xd8 D:/ST/STM32CubeIDE_1.16.1/STM32CubeIDE/plugins/com.st.stm32cube.ide.mcu.externaltools.gnu-tools-for-stm32.12.3.rel1.win32_1.0.200.202406191623/tools/bin/../lib/gcc/arm-none-eabi/12.3.1/../../../../arm-none-eabi/lib/thumb/v8-m.main+fp/hard\libc_nano.a(libc_a-mprec.o)
                0x0800ea90                __lshift
 .text.__mcmp   0x0800eb68       0x36 D:/ST/STM32CubeIDE_1.16.1/STM32CubeIDE/plugins/com.st.stm32cube.ide.mcu.externaltools.gnu-tools-for-stm32.12.3.rel1.win32_1.0.200.202406191623/tools/bin/../lib/gcc/arm-none-eabi/12.3.1/../../../../arm-none-eabi/lib/thumb/v8-m.main+fp/hard\libc_nano.a(libc_a-mprec.o)
                0x0800eb68                __mcmp
 *fill*         0x0800eb9e        0x2 
 .text.__mdiff  0x0800eba0      0x130 D:/ST/STM32CubeIDE_1.16.1/STM32CubeIDE/plugins/com.st.stm32cube.ide.mcu.externaltools.gnu-tools-for-stm32.12.3.rel1.win32_1.0.200.202406191623/tools/bin/../lib/gcc/arm-none-eabi/12.3.1/../../../../arm-none-eabi/lib/thumb/v8-m.main+fp/hard\libc_nano.a(libc_a-mprec.o)
                0x0800eba0                __mdiff
 .text.__d2b    0x0800ecd0       0xb0 D:/ST/STM32CubeIDE_1.16.1/STM32CubeIDE/plugins/com.st.stm32cube.ide.mcu.externaltools.gnu-tools-for-stm32.12.3.rel1.win32_1.0.200.202406191623/tools/bin/../lib/gcc/arm-none-eabi/12.3.1/../../../../arm-none-eabi/lib/thumb/v8-m.main+fp/hard\libc_nano.a(libc_a-mprec.o)
                0x0800ecd0                __d2b
 .text.__ssputs_r
                0x0800ed80       0xb6 D:/ST/STM32CubeIDE_1.16.1/STM32CubeIDE/plugins/com.st.stm32cube.ide.mcu.externaltools.gnu-tools-for-stm32.12.3.rel1.win32_1.0.200.202406191623/tools/bin/../lib/gcc/arm-none-eabi/12.3.1/../../../../arm-none-eabi/lib/thumb/v8-m.main+fp/hard\libc_nano.a(libc_a-nano-svfprintf.o)
                0x0800ed80                __ssputs_r
 *fill*         0x0800ee36        0x2 
 .text._svfprintf_r
                0x0800ee38      0x1f8 D:/ST/STM32CubeIDE_1.16.1/STM32CubeIDE/plugins/com.st.stm32cube.ide.mcu.externaltools.gnu-tools-for-stm32.12.3.rel1.win32_1.0.200.202406191623/tools/bin/../lib/gcc/arm-none-eabi/12.3.1/../../../../arm-none-eabi/lib/thumb/v8-m.main+fp/hard\libc_nano.a(libc_a-nano-svfprintf.o)
                0x0800ee38                _svfiprintf_r
                0x0800ee38                _svfprintf_r
 .text.__sflush_r
                0x0800f030      0x108 D:/ST/STM32CubeIDE_1.16.1/STM32CubeIDE/plugins/com.st.stm32cube.ide.mcu.externaltools.gnu-tools-for-stm32.12.3.rel1.win32_1.0.200.202406191623/tools/bin/../lib/gcc/arm-none-eabi/12.3.1/../../../../arm-none-eabi/lib/thumb/v8-m.main+fp/hard\libc_nano.a(libc_a-fflush.o)
                0x0800f030                __sflush_r
 .text._fflush_r
                0x0800f138       0x50 D:/ST/STM32CubeIDE_1.16.1/STM32CubeIDE/plugins/com.st.stm32cube.ide.mcu.externaltools.gnu-tools-for-stm32.12.3.rel1.win32_1.0.200.202406191623/tools/bin/../lib/gcc/arm-none-eabi/12.3.1/../../../../arm-none-eabi/lib/thumb/v8-m.main+fp/hard\libc_nano.a(libc_a-fflush.o)
                0x0800f138                _fflush_r
 .text.memmove  0x0800f188       0x34 D:/ST/STM32CubeIDE_1.16.1/STM32CubeIDE/plugins/com.st.stm32cube.ide.mcu.externaltools.gnu-tools-for-stm32.12.3.rel1.win32_1.0.200.202406191623/tools/bin/../lib/gcc/arm-none-eabi/12.3.1/../../../../arm-none-eabi/lib/thumb/v8-m.main+fp/hard\libc_nano.a(libc_a-memmove.o)
                0x0800f188                memmove
 .text._sbrk_r  0x0800f1bc       0x20 D:/ST/STM32CubeIDE_1.16.1/STM32CubeIDE/plugins/com.st.stm32cube.ide.mcu.externaltools.gnu-tools-for-stm32.12.3.rel1.win32_1.0.200.202406191623/tools/bin/../lib/gcc/arm-none-eabi/12.3.1/../../../../arm-none-eabi/lib/thumb/v8-m.main+fp/hard\libc_nano.a(libc_a-sbrkr.o)
                0x0800f1bc                _sbrk_r
 .text.__assert_func
                0x0800f1dc       0x3c D:/ST/STM32CubeIDE_1.16.1/STM32CubeIDE/plugins/com.st.stm32cube.ide.mcu.externaltools.gnu-tools-for-stm32.12.3.rel1.win32_1.0.200.202406191623/tools/bin/../lib/gcc/arm-none-eabi/12.3.1/../../../../arm-none-eabi/lib/thumb/v8-m.main+fp/hard\libc_nano.a(libc_a-assert.o)
                0x0800f1dc                __assert_func
 .text._calloc_r
                0x0800f218       0x28 D:/ST/STM32CubeIDE_1.16.1/STM32CubeIDE/plugins/com.st.stm32cube.ide.mcu.externaltools.gnu-tools-for-stm32.12.3.rel1.win32_1.0.200.202406191623/tools/bin/../lib/gcc/arm-none-eabi/12.3.1/../../../../arm-none-eabi/lib/thumb/v8-m.main+fp/hard\libc_nano.a(libc_a-callocr.o)
                0x0800f218                _calloc_r
 .text.__ascii_mbtowc
                0x0800f240       0x24 D:/ST/STM32CubeIDE_1.16.1/STM32CubeIDE/plugins/com.st.stm32cube.ide.mcu.externaltools.gnu-tools-for-stm32.12.3.rel1.win32_1.0.200.202406191623/tools/bin/../lib/gcc/arm-none-eabi/12.3.1/../../../../arm-none-eabi/lib/thumb/v8-m.main+fp/hard\libc_nano.a(libc_a-mbtowc_r.o)
                0x0800f240                __ascii_mbtowc
 .text._realloc_r
                0x0800f264       0x5c D:/ST/STM32CubeIDE_1.16.1/STM32CubeIDE/plugins/com.st.stm32cube.ide.mcu.externaltools.gnu-tools-for-stm32.12.3.rel1.win32_1.0.200.202406191623/tools/bin/../lib/gcc/arm-none-eabi/12.3.1/../../../../arm-none-eabi/lib/thumb/v8-m.main+fp/hard\libc_nano.a(libc_a-reallocr.o)
                0x0800f264                _realloc_r
 .text.__ascii_wctomb
                0x0800f2c0       0x1a D:/ST/STM32CubeIDE_1.16.1/STM32CubeIDE/plugins/com.st.stm32cube.ide.mcu.externaltools.gnu-tools-for-stm32.12.3.rel1.win32_1.0.200.202406191623/tools/bin/../lib/gcc/arm-none-eabi/12.3.1/../../../../arm-none-eabi/lib/thumb/v8-m.main+fp/hard\libc_nano.a(libc_a-wctomb_r.o)
                0x0800f2c0                __ascii_wctomb
 *fill*         0x0800f2da        0x2 