Archive member included to satisfy reference by file (symbol)

D:/ST/STM32CubeIDE_1.16.1/STM32CubeIDE/plugins/com.st.stm32cube.ide.mcu.externaltools.gnu-tools-for-stm32.12.3.rel1.win32_1.0.200.202406191623/tools/bin/../lib/gcc/arm-none-eabi/12.3.1/../../../../arm-none-eabi/lib/thumb/v8-m.main+fp/hard\libc_nano.a(libc_a-exit.o)
                              D:/ST/STM32CubeIDE_1.16.1/STM32CubeIDE/plugins/com.st.stm32cube.ide.mcu.externaltools.gnu-tools-for-stm32.12.3.rel1.win32_1.0.200.202406191623/tools/bin/../lib/gcc/arm-none-eabi/12.3.1/../../../../arm-none-eabi/lib/thumb/v8-m.main+fp/hard/crt0.o (exit)
D:/ST/STM32CubeIDE_1.16.1/STM32CubeIDE/plugins/com.st.stm32cube.ide.mcu.externaltools.gnu-tools-for-stm32.12.3.rel1.win32_1.0.200.202406191623/tools/bin/../lib/gcc/arm-none-eabi/12.3.1/../../../../arm-none-eabi/lib/thumb/v8-m.main+fp/hard\libc_nano.a(libc_a-findfp.o)
                              D:/ST/STM32CubeIDE_1.16.1/STM32CubeIDE/plugins/com.st.stm32cube.ide.mcu.externaltools.gnu-tools-for-stm32.12.3.rel1.win32_1.0.200.202406191623/tools/bin/../lib/gcc/arm-none-eabi/12.3.1/../../../../arm-none-eabi/lib/thumb/v8-m.main+fp/hard\libc_nano.a(libc_a-exit.o) (__stdio_exit_handler)
D:/ST/STM32CubeIDE_1.16.1/STM32CubeIDE/plugins/com.st.stm32cube.ide.mcu.externaltools.gnu-tools-for-stm32.12.3.rel1.win32_1.0.200.202406191623/tools/bin/../lib/gcc/arm-none-eabi/12.3.1/../../../../arm-none-eabi/lib/thumb/v8-m.main+fp/hard\libc_nano.a(libc_a-fwalk.o)
                              D:/ST/STM32CubeIDE_1.16.1/STM32CubeIDE/plugins/com.st.stm32cube.ide.mcu.externaltools.gnu-tools-for-stm32.12.3.rel1.win32_1.0.200.202406191623/tools/bin/../lib/gcc/arm-none-eabi/12.3.1/../../../../arm-none-eabi/lib/thumb/v8-m.main+fp/hard\libc_nano.a(libc_a-findfp.o) (_fwalk_sglue)
D:/ST/STM32CubeIDE_1.16.1/STM32CubeIDE/plugins/com.st.stm32cube.ide.mcu.externaltools.gnu-tools-for-stm32.12.3.rel1.win32_1.0.200.202406191623/tools/bin/../lib/gcc/arm-none-eabi/12.3.1/../../../../arm-none-eabi/lib/thumb/v8-m.main+fp/hard\libc_nano.a(libc_a-sprintf.o)
                              ./Drivers/Device_Driver/RS485.o (sprintf)
D:/ST/STM32CubeIDE_1.16.1/STM32CubeIDE/plugins/com.st.stm32cube.ide.mcu.externaltools.gnu-tools-for-stm32.12.3.rel1.win32_1.0.200.202406191623/tools/bin/../lib/gcc/arm-none-eabi/12.3.1/../../../../arm-none-eabi/lib/thumb/v8-m.main+fp/hard\libc_nano.a(libc_a-stdio.o)
                              D:/ST/STM32CubeIDE_1.16.1/STM32CubeIDE/plugins/com.st.stm32cube.ide.mcu.externaltools.gnu-tools-for-stm32.12.3.rel1.win32_1.0.200.202406191623/tools/bin/../lib/gcc/arm-none-eabi/12.3.1/../../../../arm-none-eabi/lib/thumb/v8-m.main+fp/hard\libc_nano.a(libc_a-findfp.o) (__sread)
D:/ST/STM32CubeIDE_1.16.1/STM32CubeIDE/plugins/com.st.stm32cube.ide.mcu.externaltools.gnu-tools-for-stm32.12.3.rel1.win32_1.0.200.202406191623/tools/bin/../lib/gcc/arm-none-eabi/12.3.1/../../../../arm-none-eabi/lib/thumb/v8-m.main+fp/hard\libc_nano.a(libc_a-memset.o)
                              D:/ST/STM32CubeIDE_1.16.1/STM32CubeIDE/plugins/com.st.stm32cube.ide.mcu.externaltools.gnu-tools-for-stm32.12.3.rel1.win32_1.0.200.202406191623/tools/bin/../lib/gcc/arm-none-eabi/12.3.1/../../../../arm-none-eabi/lib/thumb/v8-m.main+fp/hard/crt0.o (memset)
D:/ST/STM32CubeIDE_1.16.1/STM32CubeIDE/plugins/com.st.stm32cube.ide.mcu.externaltools.gnu-tools-for-stm32.12.3.rel1.win32_1.0.200.202406191623/tools/bin/../lib/gcc/arm-none-eabi/12.3.1/../../../../arm-none-eabi/lib/thumb/v8-m.main+fp/hard\libc_nano.a(libc_a-closer.o)
                              D:/ST/STM32CubeIDE_1.16.1/STM32CubeIDE/plugins/com.st.stm32cube.ide.mcu.externaltools.gnu-tools-for-stm32.12.3.rel1.win32_1.0.200.202406191623/tools/bin/../lib/gcc/arm-none-eabi/12.3.1/../../../../arm-none-eabi/lib/thumb/v8-m.main+fp/hard\libc_nano.a(libc_a-stdio.o) (_close_r)
D:/ST/STM32CubeIDE_1.16.1/STM32CubeIDE/plugins/com.st.stm32cube.ide.mcu.externaltools.gnu-tools-for-stm32.12.3.rel1.win32_1.0.200.202406191623/tools/bin/../lib/gcc/arm-none-eabi/12.3.1/../../../../arm-none-eabi/lib/thumb/v8-m.main+fp/hard\libc_nano.a(libc_a-reent.o)
                              D:/ST/STM32CubeIDE_1.16.1/STM32CubeIDE/plugins/com.st.stm32cube.ide.mcu.externaltools.gnu-tools-for-stm32.12.3.rel1.win32_1.0.200.202406191623/tools/bin/../lib/gcc/arm-none-eabi/12.3.1/../../../../arm-none-eabi/lib/thumb/v8-m.main+fp/hard\libc_nano.a(libc_a-closer.o) (errno)
D:/ST/STM32CubeIDE_1.16.1/STM32CubeIDE/plugins/com.st.stm32cube.ide.mcu.externaltools.gnu-tools-for-stm32.12.3.rel1.win32_1.0.200.202406191623/tools/bin/../lib/gcc/arm-none-eabi/12.3.1/../../../../arm-none-eabi/lib/thumb/v8-m.main+fp/hard\libc_nano.a(libc_a-impure.o)
                              D:/ST/STM32CubeIDE_1.16.1/STM32CubeIDE/plugins/com.st.stm32cube.ide.mcu.externaltools.gnu-tools-for-stm32.12.3.rel1.win32_1.0.200.202406191623/tools/bin/../lib/gcc/arm-none-eabi/12.3.1/../../../../arm-none-eabi/lib/thumb/v8-m.main+fp/hard\libc_nano.a(libc_a-sprintf.o) (_impure_ptr)
[...]
Memory Configuration

Name             Origin             Length             Attributes
RAM              0x20000000         0x000a0000         xrw
FLASH            0x08000000         0x00200000         xr
*default*        0x00000000         0xffffffff

Linker script and memory map

LOAD D:/ST/STM32CubeIDE_1.16.1/STM32CubeIDE/plugins/com.st.stm32cube.ide.mcu.externaltools.gnu-tools-for-stm32.12.3.rel1.win32_1.0.200.202406191623/tools/bin/../lib/gcc/arm-none-eabi/12.3.1/thumb/v8-m.main+fp/hard/crti.o
LOAD D:/ST/STM32CubeIDE_1.16.1/STM32CubeIDE/plugins/com.st.stm32cube.ide.mcu.externaltools.gnu-tools-for-stm32.12.3.rel1.win32_1.0.200.202406191623/tools/bin/../lib/gcc/arm-none-eabi/12.3.1/thumb/v8-m.main+fp/hard/crtbegin.o
LOAD D:/ST/STM32CubeIDE_1.16.1/STM32CubeIDE/plugins/com.st.stm32cube.ide.mcu.externaltools.gnu-tools-for-stm32.12.3.rel1.win32_1.0.200.202406191623/tools/bin/../lib/gcc/arm-none-eabi/12.3.1/../../../../arm-none-eabi/lib/thumb/v8-m.main+fp/hard/crt0.o
LOAD ./Application/User/Core/app_freertos.o
LOAD ./Application/User/Core/main.o
LOAD ./Application/User/Core/stm32h5xx_it.o
LOAD ./Application/User/Core/syscalls.o
LOAD ./Application/User/Core/sysmem.o
LOAD ./Application/User/Startup/startup_stm32h573rivx.o
LOAD ./Drivers/CMSIS/system_stm32h5xx.o
LOAD ./Drivers/Device_Driver/GUI.o
LOAD ./Drivers/Device_Driver/RS485.o
LOAD ./Drivers/Device_Driver/SPI.o
LOAD ./Drivers/Device_Driver/delay.o
LOAD ./Drivers/Device_Driver/lcd.o
LOAD ./Drivers/Device_Driver/xpt2046.o
LOAD ./Drivers/STM32H5xx_HAL_Driver/stm32h5xx_ll_dma.o
LOAD ./Drivers/STM32H5xx_HAL_Driver/stm32h5xx_ll_exti.o
LOAD ./Drivers/STM32H5xx_HAL_Driver/stm32h5xx_ll_gpio.o
LOAD ./Drivers/STM32H5xx_HAL_Driver/stm32h5xx_ll_lpuart.o
LOAD ./Drivers/STM32H5xx_HAL_Driver/stm32h5xx_ll_pwr.o
LOAD ./Drivers/STM32H5xx_HAL_Driver/stm32h5xx_ll_rcc.o
LOAD ./Drivers/STM32H5xx_HAL_Driver/stm32h5xx_ll_spi.o
LOAD ./Drivers/STM32H5xx_HAL_Driver/stm32h5xx_ll_usart.o
LOAD ./Drivers/STM32H5xx_HAL_Driver/stm32h5xx_ll_utils.o
LOAD ./Middlewares/RTOS2/CMSIS/RTOS2/Core/TZ_Non_Supported/cmsis_os2.o
LOAD ./Middlewares/RTOS2/CMSIS/RTOS2/Core/TZ_Non_Supported/croutine.o
LOAD ./Middlewares/RTOS2/CMSIS/RTOS2/Core/TZ_Non_Supported/event_groups.o
LOAD ./Middlewares/RTOS2/CMSIS/RTOS2/Core/TZ_Non_Supported/list.o
LOAD ./Middlewares/RTOS2/CMSIS/RTOS2/Core/TZ_Non_Supported/port.o
LOAD ./Middlewares/RTOS2/CMSIS/RTOS2/Core/TZ_Non_Supported/portasm.o
LOAD ./Middlewares/RTOS2/CMSIS/RTOS2/Core/TZ_Non_Supported/queue.o
LOAD ./Middlewares/RTOS2/CMSIS/RTOS2/Core/TZ_Non_Supported/stream_buffer.o
LOAD ./Middlewares/RTOS2/CMSIS/RTOS2/Core/TZ_Non_Supported/tasks.o
LOAD ./Middlewares/RTOS2/CMSIS/RTOS2/Core/TZ_Non_Supported/timers.o
LOAD ./Middlewares/RTOS2/CMSIS/RTOS2/Heap/Heap_4/heap_4.o
START GROUP
LOAD D:/ST/STM32CubeIDE_1.16.1/STM32CubeIDE/plugins/com.st.stm32cube.ide.mcu.externaltools.gnu-tools-for-stm32.12.3.rel1.win32_1.0.200.202406191623/tools/bin/../lib/gcc/arm-none-eabi/12.3.1/../../../../arm-none-eabi/lib/thumb/v8-m.main+fp/hard\libc_nano.a
LOAD D:/ST/STM32CubeIDE_1.16.1/STM32CubeIDE/plugins/com.st.stm32cube.ide.mcu.externaltools.gnu-tools-for-stm32.12.3.rel1.win32_1.0.200.202406191623/tools/bin/../lib/gcc/arm-none-eabi/12.3.1/../../../../arm-none-eabi/lib/thumb/v8-m.main+fp/hard\libm.a
END GROUP
START GROUP
LOAD D:/ST/STM32CubeIDE_1.16.1/STM32CubeIDE/plugins/com.st.stm32cube.ide.mcu.externaltools.gnu-tools-for-stm32.12.3.rel1.win32_1.0.200.202406191623/tools/bin/../lib/gcc/arm-none-eabi/12.3.1/thumb/v8-m.main+fp/hard\libgcc.a
LOAD D:/ST/STM32CubeIDE_1.16.1/STM32CubeIDE/plugins/com.st.stm32cube.ide.mcu.externaltools.gnu-tools-for-stm32.12.3.rel1.win32_1.0.200.202406191623/tools/bin/../lib/gcc/arm-none-eabi/12.3.1/../../../../arm-none-eabi/lib/thumb/v8-m.main+fp/hard\libc_nano.a
END GROUP
START GROUP
LOAD D:/ST/STM32CubeIDE_1.16.1/STM32CubeIDE/plugins/com.st.stm32cube.ide.mcu.externaltools.gnu-tools-for-stm32.12.3.rel1.win32_1.0.200.202406191623/tools/bin/../lib/gcc/arm-none-eabi/12.3.1/thumb/v8-m.main+fp/hard\libgcc.a
LOAD D:/ST/STM32CubeIDE_1.16.1/STM32CubeIDE/plugins/com.st.stm32cube.ide.mcu.externaltools.gnu-tools-for-stm32.12.3.rel1.win32_1.0.200.202406191623/tools/bin/../lib/gcc/arm-none-eabi/12.3.1/../../../../arm-none-eabi/lib/thumb/v8-m.main+fp/hard\libc_nano.a
LOAD D:/ST/STM32CubeIDE_1.16.1/STM32CubeIDE/plugins/com.st.stm32cube.ide.mcu.externaltools.gnu-tools-for-stm32.12.3.rel1.win32_1.0.200.202406191623/tools/bin/../lib/gcc/arm-none-eabi/12.3.1/../../../../arm-none-eabi/lib/thumb/v8-m.main+fp/hard\libnosys.a
END GROUP
START GROUP
LOAD D:/ST/STM32CubeIDE_1.16.1/STM32CubeIDE/plugins/com.st.stm32cube.ide.mcu.externaltools.gnu-tools-for-stm32.12.3.rel1.win32_1.0.200.202406191623/tools/bin/../lib/gcc/arm-none-eabi/12.3.1/thumb/v8-m.main+fp/hard\libgcc.a
LOAD D:/ST/STM32CubeIDE_1.16.1/STM32CubeIDE/plugins/com.st.stm32cube.ide.mcu.externaltools.gnu-tools-for-stm32.12.3.rel1.win32_1.0.200.202406191623/tools/bin/../lib/gcc/arm-none-eabi/12.3.1/../../../../arm-none-eabi/lib/thumb/v8-m.main+fp/hard\libc_nano.a
LOAD D:/ST/STM32CubeIDE_1.16.1/STM32CubeIDE/plugins/com.st.stm32cube.ide.mcu.externaltools.gnu-tools-for-stm32.12.3.rel1.win32_1.0.200.202406191623/tools/bin/../lib/gcc/arm-none-eabi/12.3.1/../../../../arm-none-eabi/lib/thumb/v8-m.main+fp/hard\libnosys.a
END GROUP
LOAD D:/ST/STM32CubeIDE_1.16.1/STM32CubeIDE/plugins/com.st.stm32cube.ide.mcu.externaltools.gnu-tools-for-stm32.12.3.rel1.win32_1.0.200.202406191623/tools/bin/../lib/gcc/arm-none-eabi/12.3.1/thumb/v8-m.main+fp/hard/crtend.o
LOAD D:/ST/STM32CubeIDE_1.16.1/STM32CubeIDE/plugins/com.st.stm32cube.ide.mcu.externaltools.gnu-tools-for-stm32.12.3.rel1.win32_1.0.200.202406191623/tools/bin/../lib/gcc/arm-none-eabi/12.3.1/thumb/v8-m.main+fp/hard/crtn.o
                0x200a0000                        _estack = (ORIGIN (RAM) + LENGTH (RAM))
                0x00000200                        _Min_Heap_Size = 0x200
                0x00000400                        _Min_Stack_Size = 0x400

.isr_vector     0x08000000      0x24c
                0x08000000                        . = ALIGN (0x4)
 *(.isr_vector)
 .isr_vector    0x08000000      0x24c ./Application/User/Startup/startup_stm32h573rivx.o
                0x08000000                g_pfnVectors
                0x0800024c                        . = ALIGN (0x4)

.text           0x08000250     0x9814
                0x08000250                        . = ALIGN (0x4)
 *(.text)
 .text          0x08000250       0x40 D:/ST/STM32CubeIDE_1.16.1/STM32CubeIDE/plugins/com.st.stm32cube.ide.mcu.externaltools.gnu-tools-for-stm32.12.3.rel1.win32_1.0.200.202406191623/tools/bin/../lib/gcc/arm-none-eabi/12.3.1/thumb/v8-m.main+fp/hard/crtbegin.o
 .text          0x08000290       0x30 D:/ST/STM32CubeIDE_1.16.1/STM32CubeIDE/plugins/com.st.stm32cube.ide.mcu.externaltools.gnu-tools-for-stm32.12.3.rel1.win32_1.0.200.202406191623/tools/bin/../lib/gcc/arm-none-eabi/12.3.1/thumb/v8-m.main+fp/hard\libgcc.a(_aeabi_uldivmod.o)
                0x08000290                __aeabi_uldivmod
 .text          0x080002c0      0x2e4 D:/ST/STM32CubeIDE_1.16.1/STM32CubeIDE/plugins/com.st.stm32cube.ide.mcu.externaltools.gnu-tools-for-stm32.12.3.rel1.win32_1.0.200.202406191623/tools/bin/../lib/gcc/arm-none-eabi/12.3.1/thumb/v8-m.main+fp/hard\libgcc.a(_udivmoddi4.o)
                0x080002c0                __udivmoddi4
 .text          0x080005a4        0x4 D:/ST/STM32CubeIDE_1.16.1/STM32CubeIDE/plugins/com.st.stm32cube.ide.mcu.externaltools.gnu-tools-for-stm32.12.3.rel1.win32_1.0.200.202406191623/tools/bin/../lib/gcc/arm-none-eabi/12.3.1/thumb/v8-m.main+fp/hard\libgcc.a(_dvmd_tls.o)
                0x080005a4                __aeabi_idiv0
                0x080005a4                __aeabi_ldiv0
 *(.text*)
 .text.MX_FREERTOS_Init
                0x080005a8       0x70 ./Application/User/Core/app_freertos.o
                0x080005a8                MX_FREERTOS_Init
 .text.StartDefaultTask
                0x08000618       0xdc ./Application/User/Core/app_freertos.o
                0x08000618                StartDefaultTask
 .text.Callback01
                0x080006f4       0x14 ./Application/User/Core/app_freertos.o
                0x080006f4                Callback01
 .text.__NVIC_SetPriorityGrouping
                0x08000708       0x48 ./Application/User/Core/main.o
 .text.__NVIC_GetPriorityGrouping
                0x08000750       0x1c ./Application/User/Core/main.o
 .text.__NVIC_EnableIRQ
                0x0800076c       0x3c ./Application/User/Core/main.o
 .text.__NVIC_SetPriority
                0x080007a8       0x54 ./Application/User/Core/main.o
 .text.NVIC_EncodePriority
                0x080007fc       0x66 ./Application/User/Core/main.o
 *fill*         0x08000862        0x2 
 .text.LL_DMA_EnableChannel
                0x08000864       0x40 ./Application/User/Core/main.o
 .text.LL_DMA_EnableIT_TC
                0x080008a4       0x40 ./Application/User/Core/main.o
 .text.LL_LPUART_Enable
                0x080008e4       0x20 ./Application/User/Core/main.o
 .text.LL_LPUART_DisableFIFO
                0x08000904       0x20 ./Application/User/Core/main.o
 .text.LL_LPUART_SetTXFIFOThreshold
                0x08000924       0x4e ./Application/User/Core/main.o
 .text.LL_LPUART_SetRXFIFOThreshold
                0x08000972       0x4e ./Application/User/Core/main.o
 .text.LL_LPUART_DisableOverrunDetect
                0x080009c0       0x20 ./Application/User/Core/main.o
 .text.LL_LPUART_EnableDMAReq_RX
                0x080009e0       0x46 ./Application/User/Core/main.o
 .text.LL_LPUART_DMA_GetRegAddr
                0x08000a26       0x2c ./Application/User/Core/main.o
 *fill*         0x08000a52        0x2 
 .text.LL_RCC_HSE_EnableBypass
                0x08000a54       0x20 ./Application/User/Core/main.o
 .text.LL_RCC_HSE_Enable
                0x08000a74       0x20 ./Application/User/Core/main.o
 .text.LL_RCC_HSE_IsReady
                0x08000a94       0x28 ./Application/User/Core/main.o
 .text.LL_RCC_HSE_SetExternalClockType
                0x08000abc       0x28 ./Application/User/Core/main.o
 .text.LL_RCC_SetSysClkSource
                0x08000ae4       0x28 ./Application/User/Core/main.o
 .text.LL_RCC_GetSysClkSource
                0x08000b0c       0x1c ./Application/User/Core/main.o
 .text.LL_RCC_SetAHBPrescaler
                0x08000b28       0x28 ./Application/User/Core/main.o
 .text.LL_RCC_SetAPB1Prescaler
                0x08000b50       0x28 ./Application/User/Core/main.o
 .text.LL_RCC_SetAPB2Prescaler
                0x08000b78       0x28 ./Application/User/Core/main.o
 .text.LL_RCC_SetAPB3Prescaler
                0x08000ba0       0x28 ./Application/User/Core/main.o
 .text.LL_RCC_SetClockSource
                0x08000bc8       0x54 ./Application/User/Core/main.o
 .text.LL_RCC_SetUSARTClockSource
                0x08000c1c       0x16 ./Application/User/Core/main.o
 .text.LL_RCC_SetUARTClockSource
                0x08000c32       0x16 ./Application/User/Core/main.o
 .text.LL_RCC_SetLPUARTClockSource
                0x08000c48       0x2c ./Application/User/Core/main.o
 .text.LL_RCC_SetSPIClockSource
                0x08000c74       0x16 ./Application/User/Core/main.o
 *fill*         0x08000c8a        0x2 
 .text.LL_RCC_PLL1_Enable
                0x08000c8c       0x20 ./Application/User/Core/main.o
 .text.LL_RCC_PLL1_IsReady
                0x08000cac       0x28 ./Application/User/Core/main.o
 .text.LL_RCC_PLL1P_Enable
                0x08000cd4       0x20 ./Application/User/Core/main.o
 .text.LL_RCC_PLL1_SetSource
                0x08000cf4       0x28 ./Application/User/Core/main.o
 .text.LL_RCC_PLL1_SetN
                0x08000d1c       0x30 ./Application/User/Core/main.o
 .text.LL_RCC_PLL1_SetP
                0x08000d4c       0x2c ./Application/User/Core/main.o
 .text.LL_RCC_PLL1_SetQ
                0x08000d78       0x2c ./Application/User/Core/main.o
 .text.LL_RCC_PLL1_SetR
                0x08000da4       0x2c ./Application/User/Core/main.o
 .text.LL_RCC_PLL1_SetM
                0x08000dd0       0x2c ./Application/User/Core/main.o
 .text.LL_RCC_PLL1_SetVCOInputRange
                0x08000dfc       0x2c ./Application/User/Core/main.o
 .text.LL_RCC_PLL1_SetVCOOutputRange
                0x08000e28       0x2c ./Application/User/Core/main.o
 .text.LL_RCC_PLL2_Enable
                0x08000e54       0x20 ./Application/User/Core/main.o
 .text.LL_RCC_PLL2_IsReady
                0x08000e74       0x28 ./Application/User/Core/main.o
 .text.LL_RCC_PLL2_SetSource
                0x08000e9c       0x28 ./Application/User/Core/main.o
 .text.LL_RCC_PLL2_SetM
                0x08000ec4       0x2c ./Application/User/Core/main.o
 .text.LL_RCC_PLL2_SetN
                0x08000ef0       0x30 ./Application/User/Core/main.o
 .text.LL_RCC_PLL2_SetP
                0x08000f20       0x2c ./Application/User/Core/main.o
 .text.LL_RCC_PLL2_SetQ
                0x08000f4c       0x2c ./Application/User/Core/main.o
 .text.LL_RCC_PLL2_SetR
                0x08000f78       0x2c ./Application/User/Core/main.o
 .text.LL_RCC_PLL2P_Enable
                0x08000fa4       0x20 ./Application/User/Core/main.o
 .text.LL_RCC_PLL2_SetVCOInputRange
                0x08000fc4       0x2c ./Application/User/Core/main.o
 .text.LL_RCC_PLL2_SetVCOOutputRange
                0x08000ff0       0x2c ./Application/User/Core/main.o
 .text.LL_PWR_SetRegulVoltageScaling
                0x0800101c       0x28 ./Application/User/Core/main.o
 .text.LL_PWR_DisableUCPDDeadBattery
                0x08001044       0x20 ./Application/User/Core/main.o
 .text.LL_PWR_IsActiveFlag_VOS
                0x08001064       0x24 ./Application/User/Core/main.o
 .text.LL_AHB1_GRP1_EnableClock
                0x08001088       0x38 ./Application/User/Core/main.o
 .text.LL_AHB2_GRP1_EnableClock
                0x080010c0       0x38 ./Application/User/Core/main.o
 .text.LL_APB1_GRP1_EnableClock
                0x080010f8       0x38 ./Application/User/Core/main.o
 .text.LL_APB2_GRP1_EnableClock
                0x08001130       0x38 ./Application/User/Core/main.o
 .text.LL_APB3_GRP1_EnableClock
                0x08001168       0x38 ./Application/User/Core/main.o
 .text.LL_FLASH_SetLatency
                0x080011a0       0x28 ./Application/User/Core/main.o
 .text.LL_FLASH_GetLatency
                0x080011c8       0x1c ./Application/User/Core/main.o
 .text.LL_SPI_SetStandard
                0x080011e4       0x26 ./Application/User/Core/main.o
 .text.LL_SPI_SetFIFOThreshold
                0x0800120a       0x26 ./Application/User/Core/main.o
 .text.LL_SPI_EnableNSSPulseMgt
                0x08001230       0x20 ./Application/User/Core/main.o
 .text.LL_USART_Enable
                0x08001250       0x20 ./Application/User/Core/main.o
 .text.LL_USART_DisableFIFO
                0x08001270       0x20 ./Application/User/Core/main.o
 .text.LL_USART_SetTXFIFOThreshold
                0x08001290       0x4e ./Application/User/Core/main.o
 .text.LL_USART_SetRXFIFOThreshold
                0x080012de       0x4e ./Application/User/Core/main.o
 .text.LL_USART_DisableOverrunDetect
                0x0800132c       0x20 ./Application/User/Core/main.o
 .text.LL_USART_ConfigAsyncMode
                0x0800134c       0x2c ./Application/User/Core/main.o
 .text.LL_USART_EnableDMAReq_RX
                0x08001378       0x46 ./Application/User/Core/main.o
 .text.LL_USART_DMA_GetRegAddr
                0x080013be       0x2c ./Application/User/Core/main.o
 .text.LL_GPIO_ResetOutputPin
                0x080013ea       0x1c ./Application/User/Core/main.o
 *fill*         0x08001406        0x2 
 .text.main     0x08001408       0xa8 ./Application/User/Core/main.o
                0x08001408                main
 .text.SystemClock_Config
                0x080014b0       0xc4 ./Application/User/Core/main.o
                0x080014b0                SystemClock_Config
 .text.PeriphCommonClock_Config
                0x08001574       0x4e ./Application/User/Core/main.o
                0x08001574                PeriphCommonClock_Config
 .text.MX_GPDMA1_Init
                0x080015c2       0x2e ./Application/User/Core/main.o
 .text.MX_LPUART1_UART_Init
                0x080015f0      0x178 ./Application/User/Core/main.o
 .text.MX_UART4_Init
                0x08001768      0x180 ./Application/User/Core/main.o
 .text.MX_UART5_Init
                0x080018e8      0x188 ./Application/User/Core/main.o
 .text.MX_UART7_Init
                0x08001a70      0x188 ./Application/User/Core/main.o
 .text.MX_USART3_UART_Init
                0x08001bf8      0x188 ./Application/User/Core/main.o
 .text.MX_USART6_UART_Init
                0x08001d80      0x184 ./Application/User/Core/main.o
 .text.MX_USART11_UART_Init
                0x08001f04      0x184 ./Application/User/Core/main.o
 .text.MX_SPI3_Init
                0x08002088       0xf0 ./Application/User/Core/main.o
 .text.MX_SPI6_Init
                0x08002178       0xc0 ./Application/User/Core/main.o
 .text.MX_GPIO_Init
                0x08002238       0xb0 ./Application/User/Core/main.o
 .text.LL_DMA_EnableChannel
                0x080022e8       0x40 ./Application/User/Core/stm32h5xx_it.o
 .text.LL_DMA_DisableChannel
                0x08002328       0x40 ./Application/User/Core/stm32h5xx_it.o
 .text.LL_DMA_SuspendChannel
                0x08002368       0x40 ./Application/User/Core/stm32h5xx_it.o
 .text.LL_DMA_SetBlkDataLength
                0x080023a8       0x48 ./Application/User/Core/stm32h5xx_it.o
 .text.LL_DMA_SetDestAddress
                0x080023f0       0x34 ./Application/User/Core/stm32h5xx_it.o
 .text.LL_DMA_ClearFlag_SUSP
                0x08002424       0x34 ./Application/User/Core/stm32h5xx_it.o
 .text.LL_DMA_ClearFlag_HT
                0x08002458       0x34 ./Application/User/Core/stm32h5xx_it.o
 .text.LL_DMA_ClearFlag_TC
                0x0800248c       0x34 ./Application/User/Core/stm32h5xx_it.o
 .text.LL_DMA_EnableIT_TC
                0x080024c0       0x40 ./Application/User/Core/stm32h5xx_it.o
 .text.LL_DMA_DisableIT_TC
                0x08002500       0x40 ./Application/User/Core/stm32h5xx_it.o
 .text.NMI_Handler
                0x08002540        0x8 ./Application/User/Core/stm32h5xx_it.o
                0x08002540                NMI_Handler
 .text.HardFault_Handler
                0x08002548        0x8 ./Application/User/Core/stm32h5xx_it.o
                0x08002548                HardFault_Handler
 .text.MemManage_Handler
                0x08002550        0x8 ./Application/User/Core/stm32h5xx_it.o
                0x08002550                MemManage_Handler
 .text.BusFault_Handler
                0x08002558        0x8 ./Application/User/Core/stm32h5xx_it.o
                0x08002558                BusFault_Handler
 .text.UsageFault_Handler
                0x08002560        0x8 ./Application/User/Core/stm32h5xx_it.o
                0x08002560                UsageFault_Handler
 .text.DebugMon_Handler
                0x08002568        0xe ./Application/User/Core/stm32h5xx_it.o
                0x08002568                DebugMon_Handler
 *fill*         0x08002576        0x2 
 .text.GPDMA1_Channel0_IRQHandler
                0x08002578       0x68 ./Application/User/Core/stm32h5xx_it.o
                0x08002578                GPDMA1_Channel0_IRQHandler
 .text.Reset_Handler
                0x080025e0       0x50 ./Application/User/Startup/startup_stm32h573rivx.o
                0x080025e0                Reset_Handler
 .text.Default_Handler
                0x08002630        0x2 ./Application/User/Startup/startup_stm32h573rivx.o
                0x08002630                EXTI2_IRQHandler
                0x08002630                TIM8_TRG_COM_IRQHandler
                0x08002630                TIM8_CC_IRQHandler
                0x08002630                EXTI5_IRQHandler
                0x08002630                I3C1_ER_IRQHandler
                0x08002630                UART8_IRQHandler
                0x08002630                SPI4_IRQHandler
                0x08002630                GPDMA2_Channel1_IRQHandler
                0x08002630                FLASH_S_IRQHandler
                0x08002630                EXTI13_IRQHandler
                0x08002630                TIM1_CC_IRQHandler
                0x08002630                GPDMA2_Channel3_IRQHandler
                0x08002630                TAMP_IRQHandler
                0x08002630                TIM6_IRQHandler
                0x08002630                EXTI12_IRQHandler
                0x08002630                CORDIC_IRQHandler
                0x08002630                USB_DRD_FS_IRQHandler
                0x08002630                EXTI3_IRQHandler
                0x08002630                LPTIM4_IRQHandler
                0x08002630                GPDMA1_Channel5_IRQHandler
                0x08002630                EXTI8_IRQHandler
                0x08002630                GPDMA2_Channel5_IRQHandler
                0x08002630                LPTIM2_IRQHandler
                0x08002630                I2C3_ER_IRQHandler
                0x08002630                GPDMA2_Channel2_IRQHandler
                0x08002630                USART10_IRQHandler
                0x08002630                LPTIM3_IRQHandler
                0x08002630                EXTI0_IRQHandler
                0x08002630                I2C2_EV_IRQHandler
                0x08002630                FPU_IRQHandler
                0x08002630                GPDMA1_Channel3_IRQHandler
                0x08002630                GPDMA1_Channel7_IRQHandler
                0x08002630                FDCAN1_IT1_IRQHandler
                0x08002630                RAMCFG_IRQHandler
                0x08002630                DCACHE1_IRQHandler
                0x08002630                SPI1_IRQHandler
                0x08002630                OCTOSPI1_IRQHandler
                0x08002630                GPDMA1_Channel2_IRQHandler
                0x08002630                TIM8_UP_IRQHandler
                0x08002630                RCC_S_IRQHandler
                0x08002630                SAI2_IRQHandler
                0x08002630                ADC1_IRQHandler
                0x08002630                PKA_IRQHandler
                0x08002630                USART6_IRQHandler
                0x08002630                EXTI15_IRQHandler
                0x08002630                TIM17_IRQHandler
                0x08002630                USART3_IRQHandler
                0x08002630                RTC_IRQHandler
                0x08002630                EXTI9_IRQHandler
                0x08002630                LPTIM5_IRQHandler
                0x08002630                UART5_IRQHandler
                0x08002630                TIM4_IRQHandler
                0x08002630                I2C1_EV_IRQHandler
                0x08002630                GPDMA1_Channel1_IRQHandler
                0x08002630                TIM16_IRQHandler
                0x08002630                UART4_IRQHandler
                0x08002630                SecureFault_Handler
                0x08002630                TIM3_IRQHandler
                0x08002630                RCC_IRQHandler
                0x08002630                UART9_IRQHandler
                0x08002630                TIM1_TRG_COM_IRQHandler
                0x08002630                Default_Handler
                0x08002630                FMAC_IRQHandler
                0x08002630                CEC_IRQHandler
                0x08002630                USART11_IRQHandler
                0x08002630                TIM14_IRQHandler
                0x08002630                TIM13_IRQHandler
                0x08002630                OTFDEC1_IRQHandler
                0x08002630                GPDMA2_Channel4_IRQHandler
                0x08002630                SPI5_IRQHandler
                0x08002630                TIM12_IRQHandler
                0x08002630                TIM7_IRQHandler
                0x08002630                SDMMC1_IRQHandler
                0x08002630                SAES_IRQHandler
                0x08002630                TIM5_IRQHandler
                0x08002630                UCPD1_IRQHandler
                0x08002630                I3C1_EV_IRQHandler
                0x08002630                TIM15_IRQHandler
                0x08002630                PVD_AVD_IRQHandler
                0x08002630                I2C3_EV_IRQHandler
                0x08002630                ETH_WKUP_IRQHandler
                0x08002630                ADC2_IRQHandler
                0x08002630                SPI2_IRQHandler
                0x08002630                EXTI14_IRQHandler
                0x08002630                EXTI11_IRQHandler
                0x08002630                CRS_IRQHandler
                0x08002630                EXTI4_IRQHandler
                0x08002630                GPDMA2_Channel0_IRQHandler
                0x08002630                RTC_S_IRQHandler
                0x08002630                RNG_IRQHandler
                0x08002630                FDCAN2_IT1_IRQHandler
                0x08002630                ETH_IRQHandler
                0x08002630                GPDMA2_Channel6_IRQHandler
                0x08002630                TIM1_UP_IRQHandler
                0x08002630                UART12_IRQHandler
                0x08002630                WWDG_IRQHandler
                0x08002630                SPI6_IRQHandler
                0x08002630                I2C4_EV_IRQHandler
                0x08002630                FDCAN2_IT0_IRQHandler
                0x08002630                IWDG_IRQHandler
                0x08002630                LPUART1_IRQHandler
                0x08002630                FDCAN1_IT0_IRQHandler
                0x08002630                TIM2_IRQHandler
                0x08002630                GPDMA1_Channel4_IRQHandler
                0x08002630                EXTI7_IRQHandler
                0x08002630                TIM1_BRK_IRQHandler
                0x08002630                EXTI1_IRQHandler
                0x08002630                SDMMC2_IRQHandler
                0x08002630                AES_IRQHandler
                0x08002630                LPTIM6_IRQHandler
                0x08002630                DAC1_IRQHandler
                0x08002630                DTS_IRQHandler
                0x08002630                UART7_IRQHandler
                0x08002630                GTZC_IRQHandler
                0x08002630                USART2_IRQHandler
                0x08002630                GPDMA1_Channel6_IRQHandler
                0x08002630                GPDMA2_Channel7_IRQHandler
                0x08002630                I2C2_ER_IRQHandler
                0x08002630                TIM8_BRK_IRQHandler
                0x08002630                FLASH_IRQHandler
                0x08002630                USART1_IRQHandler
                0x08002630                EXTI10_IRQHandler
                0x08002630                SPI3_IRQHandler
                0x08002630                I2C1_ER_IRQHandler
                0x08002630                FMC_IRQHandler
                0x08002630                EXTI6_IRQHandler
                0x08002630                LPTIM1_IRQHandler
                0x08002630                DCMI_PSSI_IRQHandler
                0x08002630                I2C4_ER_IRQHandler
                0x08002630                ICACHE_IRQHandler
                0x08002630                SAI1_IRQHandler
                0x08002630                HASH_IRQHandler
 *fill*         0x08002632        0x2 
 .text.SystemInit
                0x08002634       0xf8 ./Drivers/CMSIS/system_stm32h5xx.o
                0x08002634                SystemInit
 .text.GUI_DrawPoint
                0x0800272c       0x2e ./Drivers/Device_Driver/GUI.o
                0x0800272c                GUI_DrawPoint
 *fill*         0x0800275a        0x2 
 .text.LCD_ShowChar
                0x0800275c      0x1b8 ./Drivers/Device_Driver/GUI.o
                0x0800275c                LCD_ShowChar
 .text.GUI_DrawFont16
                0x08002914      0x16c ./Drivers/Device_Driver/GUI.o
                0x08002914                GUI_DrawFont16
 .text.GUI_DrawFont24
                0x08002a80      0x164 ./Drivers/Device_Driver/GUI.o
                0x08002a80                GUI_DrawFont24
 .text.GUI_DrawFont32
                0x08002be4      0x170 ./Drivers/Device_Driver/GUI.o
                0x08002be4                GUI_DrawFont32
 .text.Show_Str
                0x08002d54      0x1a4 ./Drivers/Device_Driver/GUI.o
                0x08002d54                Show_Str
 .text.LL_SPI_Enable
                0x08002ef8       0x20 ./Drivers/Device_Driver/SPI.o
 .text.LL_SPI_Disable
                0x08002f18       0x20 ./Drivers/Device_Driver/SPI.o
 .text.LL_SPI_StartMasterTransfer
                0x08002f38       0x20 ./Drivers/Device_Driver/SPI.o
 .text.LL_SPI_SetDataWidth
                0x08002f58       0x26 ./Drivers/Device_Driver/SPI.o
 .text.LL_SPI_IsActiveFlag_TXP
                0x08002f7e       0x26 ./Drivers/Device_Driver/SPI.o
 .text.LL_SPI_IsActiveFlag_TXC
                0x08002fa4       0x28 ./Drivers/Device_Driver/SPI.o
 .text.LL_SPI_ClearFlag_EOT
                0x08002fcc       0x20 ./Drivers/Device_Driver/SPI.o
 .text.LL_SPI_TransmitData8
                0x08002fec       0x20 ./Drivers/Device_Driver/SPI.o
 .text.LL_SPI_TransmitData16
                0x0800300c       0x24 ./Drivers/Device_Driver/SPI.o
 .text.SPI_WriteByte
                0x08003030       0x60 ./Drivers/Device_Driver/SPI.o
                0x08003030                SPI_WriteByte
 .text.SPI_WriteByte_16
                0x08003090       0x60 ./Drivers/Device_Driver/SPI.o
                0x08003090                SPI_WriteByte_16
 .text.delay_ms
                0x080030f0       0x1a ./Drivers/Device_Driver/delay.o
                0x080030f0                delay_ms
 .text.LL_GPIO_SetOutputPin
                0x0800310a       0x1c ./Drivers/Device_Driver/lcd.o
 .text.LL_GPIO_ResetOutputPin
                0x08003126       0x1c ./Drivers/Device_Driver/lcd.o
 *fill*         0x08003142        0x2 
 .text.LCD_WR_REG
                0x08003144       0x3c ./Drivers/Device_Driver/lcd.o
                0x08003144                LCD_WR_REG
 .text.LCD_WR_DATA
                0x08003180       0x3c ./Drivers/Device_Driver/lcd.o
                0x08003180                LCD_WR_DATA
 .text.LCD_WriteReg
                0x080031bc       0x2a ./Drivers/Device_Driver/lcd.o
                0x080031bc                LCD_WriteReg
 *fill*         0x080031e6        0x2 
 .text.LCD_WriteRAM_Prepare
                0x080031e8       0x18 ./Drivers/Device_Driver/lcd.o
                0x080031e8                LCD_WriteRAM_Prepare
 .text.Lcd_WriteData_16Bit
                0x08003200       0x3c ./Drivers/Device_Driver/lcd.o
                0x08003200                Lcd_WriteData_16Bit
 .text.LCD_DrawPoint
                0x0800323c       0x34 ./Drivers/Device_Driver/lcd.o
                0x0800323c                LCD_DrawPoint
 .text.LCD_Clear
                0x08003270       0x88 ./Drivers/Device_Driver/lcd.o
                0x08003270                LCD_Clear
 .text.LCD_Init
                0x080032f8      0x23e ./Drivers/Device_Driver/lcd.o
                0x080032f8                LCD_Init
 *fill*         0x08003536        0x2 
 .text.LCD_SetWindows
                0x08003538       0xa8 ./Drivers/Device_Driver/lcd.o
                0x08003538                LCD_SetWindows
 .text.LCD_SetCursor
                0x080035e0       0x24 ./Drivers/Device_Driver/lcd.o
                0x080035e0                LCD_SetCursor
 .text.LCD_direction
                0x08003604       0xa8 ./Drivers/Device_Driver/lcd.o
                0x08003604                LCD_direction
 .text.LL_GPIO_IsInputPinSet
                0x080036ac       0x2a ./Drivers/Device_Driver/xpt2046.o
 .text.LL_GPIO_SetOutputPin
                0x080036d6       0x1c ./Drivers/Device_Driver/xpt2046.o
 .text.LL_GPIO_ResetOutputPin
                0x080036f2       0x1c ./Drivers/Device_Driver/xpt2046.o
 .text.LL_SPI_Enable
                0x0800370e       0x20 ./Drivers/Device_Driver/xpt2046.o
 .text.LL_SPI_Disable
                0x0800372e       0x20 ./Drivers/Device_Driver/xpt2046.o
 .text.LL_SPI_StartMasterTransfer
                0x0800374e       0x20 ./Drivers/Device_Driver/xpt2046.o
 .text.LL_SPI_SetDataWidth
                0x0800376e       0x26 ./Drivers/Device_Driver/xpt2046.o
 .text.LL_SPI_IsActiveFlag_RXP
                0x08003794       0x26 ./Drivers/Device_Driver/xpt2046.o
 .text.LL_SPI_IsActiveFlag_TXP
                0x080037ba       0x26 ./Drivers/Device_Driver/xpt2046.o
 .text.LL_SPI_IsActiveFlag_TXC
                0x080037e0       0x28 ./Drivers/Device_Driver/xpt2046.o
 .text.LL_SPI_ClearFlag_EOT
                0x08003808       0x20 ./Drivers/Device_Driver/xpt2046.o
 .text.LL_SPI_ReceiveData8
                0x08003828       0x1c ./Drivers/Device_Driver/xpt2046.o
 .text.LL_SPI_TransmitData8
                0x08003844       0x20 ./Drivers/Device_Driver/xpt2046.o
 .text.delay_nus
                0x08003864       0x3a ./Drivers/Device_Driver/xpt2046.o
 *fill*         0x0800389e        0x2 
 .text.xpt2046_init
                0x080038a0       0x4c ./Drivers/Device_Driver/xpt2046.o
                0x080038a0                xpt2046_init
 .text.getDisplayPoint
                0x080038ec       0x8c ./Drivers/Device_Driver/xpt2046.o
                0x080038ec                getDisplayPoint
 .text.ts_draw_point
                0x08003978      0x106 ./Drivers/Device_Driver/xpt2046.o
                0x08003978                ts_draw_point
 *fill*         0x08003a7e        0x2 
 .text.WR_CMD   0x08003a80       0x7c ./Drivers/Device_Driver/xpt2046.o
                0x08003a80                WR_CMD
 .text.RD_AD    0x08003afc       0x4e ./Drivers/Device_Driver/xpt2046.o
                0x08003afc                RD_AD
 *fill*         0x08003b4a        0x2 
 .text.Read_X   0x08003b4c       0x44 ./Drivers/Device_Driver/xpt2046.o
                0x08003b4c                Read_X
 .text.Read_Y   0x08003b90       0x44 ./Drivers/Device_Driver/xpt2046.o
                0x08003b90                Read_Y
 .text.TP_GetAdXY
                0x08003bd4       0x3c ./Drivers/Device_Driver/xpt2046.o
                0x08003bd4                TP_GetAdXY
 .text.Read_Value
                0x08003c10      0x298 ./Drivers/Device_Driver/xpt2046.o
                0x08003c10                Read_Value
 .text.TS_Touched
                0x08003ea8       0x20 ./Drivers/Device_Driver/xpt2046.o
                0x08003ea8                TS_Touched
 .text.LL_DMA_SetLinkedListBaseAddr
                0x08003ec8       0x48 ./Drivers/STM32H5xx_HAL_Driver/stm32h5xx_ll_dma.o
 .text.LL_DMA_ConfigControl
                0x08003f10       0x48 ./Drivers/STM32H5xx_HAL_Driver/stm32h5xx_ll_dma.o
 .text.LL_DMA_ConfigTransfer
                0x08003f58       0x4c ./Drivers/STM32H5xx_HAL_Driver/stm32h5xx_ll_dma.o
 .text.LL_DMA_ConfigBurstLength
                0x08003fa4       0x60 ./Drivers/STM32H5xx_HAL_Driver/stm32h5xx_ll_dma.o
 .text.LL_DMA_ConfigChannelTransfer
                0x08004004       0x4c ./Drivers/STM32H5xx_HAL_Driver/stm32h5xx_ll_dma.o
 .text.LL_DMA_SetTriggerMode
                0x08004050       0x48 ./Drivers/STM32H5xx_HAL_Driver/stm32h5xx_ll_dma.o
 .text.LL_DMA_SetPeriphRequest
                0x08004098       0x48 ./Drivers/STM32H5xx_HAL_Driver/stm32h5xx_ll_dma.o
 .text.LL_DMA_SetHWTrigger
                0x080040e0       0x4c ./Drivers/STM32H5xx_HAL_Driver/stm32h5xx_ll_dma.o
 .text.LL_DMA_ConfigBlkRptAddrUpdate
                0x0800412c       0x48 ./Drivers/STM32H5xx_HAL_Driver/stm32h5xx_ll_dma.o
 .text.LL_DMA_SetBlkRptCount
                0x08004174       0x54 ./Drivers/STM32H5xx_HAL_Driver/stm32h5xx_ll_dma.o
 .text.LL_DMA_SetBlkDataLength
                0x080041c8       0x48 ./Drivers/STM32H5xx_HAL_Driver/stm32h5xx_ll_dma.o
 .text.LL_DMA_ConfigAddresses
                0x08004210       0x48 ./Drivers/STM32H5xx_HAL_Driver/stm32h5xx_ll_dma.o
 .text.LL_DMA_ConfigAddrUpdateValue
                0x08004258       0x44 ./Drivers/STM32H5xx_HAL_Driver/stm32h5xx_ll_dma.o
 .text.LL_DMA_ConfigBlkRptAddrUpdateValue
                0x0800429c       0x3c ./Drivers/STM32H5xx_HAL_Driver/stm32h5xx_ll_dma.o
 .text.LL_DMA_SetLinkedListAddrOffset
                0x080042d8       0x50 ./Drivers/STM32H5xx_HAL_Driver/stm32h5xx_ll_dma.o
 .text.LL_DMA_Init
                0x08004328      0x2fc ./Drivers/STM32H5xx_HAL_Driver/stm32h5xx_ll_dma.o
                0x08004328                LL_DMA_Init
 .text.LL_GPIO_SetPinMode
                0x08004624       0x7a ./Drivers/STM32H5xx_HAL_Driver/stm32h5xx_ll_gpio.o
 .text.LL_GPIO_SetPinOutputType
                0x0800469e       0x30 ./Drivers/STM32H5xx_HAL_Driver/stm32h5xx_ll_gpio.o
 .text.LL_GPIO_SetPinSpeed
                0x080046ce       0x7a ./Drivers/STM32H5xx_HAL_Driver/stm32h5xx_ll_gpio.o
 .text.LL_GPIO_SetPinPull
                0x08004748       0x7a ./Drivers/STM32H5xx_HAL_Driver/stm32h5xx_ll_gpio.o
 .text.LL_GPIO_SetAFPin_0_7
                0x080047c2       0x7a ./Drivers/STM32H5xx_HAL_Driver/stm32h5xx_ll_gpio.o
 .text.LL_GPIO_SetAFPin_8_15
                0x0800483c       0x7e ./Drivers/STM32H5xx_HAL_Driver/stm32h5xx_ll_gpio.o
 .text.LL_GPIO_Init
                0x080048ba       0xfc ./Drivers/STM32H5xx_HAL_Driver/stm32h5xx_ll_gpio.o
                0x080048ba                LL_GPIO_Init
 .text.LL_LPUART_IsEnabled
                0x080049b6       0x26 ./Drivers/STM32H5xx_HAL_Driver/stm32h5xx_ll_lpuart.o
 .text.LL_LPUART_SetPrescaler
                0x080049dc       0x28 ./Drivers/STM32H5xx_HAL_Driver/stm32h5xx_ll_lpuart.o
 .text.LL_LPUART_SetStopBitsLength
                0x08004a04       0x26 ./Drivers/STM32H5xx_HAL_Driver/stm32h5xx_ll_lpuart.o
 .text.LL_LPUART_SetHWFlowCtrl
                0x08004a2a       0x26 ./Drivers/STM32H5xx_HAL_Driver/stm32h5xx_ll_lpuart.o
 .text.LL_LPUART_SetBaudRate
                0x08004a50       0x98 ./Drivers/STM32H5xx_HAL_Driver/stm32h5xx_ll_lpuart.o
 .text.LL_LPUART_Init
                0x08004ae8       0x98 ./Drivers/STM32H5xx_HAL_Driver/stm32h5xx_ll_lpuart.o
                0x08004ae8                LL_LPUART_Init
 .text.LL_RCC_HSE_IsReady
                0x08004b80       0x28 ./Drivers/STM32H5xx_HAL_Driver/stm32h5xx_ll_rcc.o
 .text.LL_RCC_HSI_IsReady
                0x08004ba8       0x24 ./Drivers/STM32H5xx_HAL_Driver/stm32h5xx_ll_rcc.o
 .text.LL_RCC_HSI_GetDivider
                0x08004bcc       0x1c ./Drivers/STM32H5xx_HAL_Driver/stm32h5xx_ll_rcc.o
 .text.LL_RCC_CSI_IsReady
                0x08004be8       0x28 ./Drivers/STM32H5xx_HAL_Driver/stm32h5xx_ll_rcc.o
 .text.LL_RCC_LSE_IsReady
                0x08004c10       0x28 ./Drivers/STM32H5xx_HAL_Driver/stm32h5xx_ll_rcc.o
 .text.LL_RCC_GetSysClkSource
                0x08004c38       0x1c ./Drivers/STM32H5xx_HAL_Driver/stm32h5xx_ll_rcc.o
 .text.LL_RCC_GetAHBPrescaler
                0x08004c54       0x1c ./Drivers/STM32H5xx_HAL_Driver/stm32h5xx_ll_rcc.o
 .text.LL_RCC_GetAPB1Prescaler
                0x08004c70       0x1c ./Drivers/STM32H5xx_HAL_Driver/stm32h5xx_ll_rcc.o
 .text.LL_RCC_GetAPB2Prescaler
                0x08004c8c       0x1c ./Drivers/STM32H5xx_HAL_Driver/stm32h5xx_ll_rcc.o
 .text.LL_RCC_GetAPB3Prescaler
                0x08004ca8       0x1c ./Drivers/STM32H5xx_HAL_Driver/stm32h5xx_ll_rcc.o
 .text.LL_RCC_GetClockSource
                0x08004cc4       0x4c ./Drivers/STM32H5xx_HAL_Driver/stm32h5xx_ll_rcc.o
 .text.LL_RCC_GetUSARTClockSource
                0x08004d10       0x18 ./Drivers/STM32H5xx_HAL_Driver/stm32h5xx_ll_rcc.o
 .text.LL_RCC_GetUARTClockSource
                0x08004d28       0x18 ./Drivers/STM32H5xx_HAL_Driver/stm32h5xx_ll_rcc.o
 .text.LL_RCC_GetLPUARTClockSource
                0x08004d40       0x24 ./Drivers/STM32H5xx_HAL_Driver/stm32h5xx_ll_rcc.o
 .text.LL_RCC_PLL1_GetSource
                0x08004d64       0x1c ./Drivers/STM32H5xx_HAL_Driver/stm32h5xx_ll_rcc.o
 .text.LL_RCC_PLL1_GetN
                0x08004d80       0x1c ./Drivers/STM32H5xx_HAL_Driver/stm32h5xx_ll_rcc.o
 .text.LL_RCC_PLL1_GetP
                0x08004d9c       0x20 ./Drivers/STM32H5xx_HAL_Driver/stm32h5xx_ll_rcc.o
 .text.LL_RCC_PLL1_GetM
                0x08004dbc       0x1c ./Drivers/STM32H5xx_HAL_Driver/stm32h5xx_ll_rcc.o
 .text.LL_RCC_PLL2_IsReady
                0x08004dd8       0x28 ./Drivers/STM32H5xx_HAL_Driver/stm32h5xx_ll_rcc.o
 .text.LL_RCC_PLL2_GetSource
                0x08004e00       0x1c ./Drivers/STM32H5xx_HAL_Driver/stm32h5xx_ll_rcc.o
 .text.LL_RCC_PLL2_GetM
                0x08004e1c       0x1c ./Drivers/STM32H5xx_HAL_Driver/stm32h5xx_ll_rcc.o
 .text.LL_RCC_PLL2_GetN
                0x08004e38       0x1c ./Drivers/STM32H5xx_HAL_Driver/stm32h5xx_ll_rcc.o
 .text.LL_RCC_PLL2_GetP
                0x08004e54       0x20 ./Drivers/STM32H5xx_HAL_Driver/stm32h5xx_ll_rcc.o
 .text.LL_RCC_PLL2_GetQ
                0x08004e74       0x20 ./Drivers/STM32H5xx_HAL_Driver/stm32h5xx_ll_rcc.o
 .text.LL_RCC_PLL2_GetR
                0x08004e94       0x20 ./Drivers/STM32H5xx_HAL_Driver/stm32h5xx_ll_rcc.o
 .text.LL_RCC_PLL2P_IsEnabled
                0x08004eb4       0x28 ./Drivers/STM32H5xx_HAL_Driver/stm32h5xx_ll_rcc.o
 .text.LL_RCC_PLL2Q_IsEnabled
                0x08004edc       0x28 ./Drivers/STM32H5xx_HAL_Driver/stm32h5xx_ll_rcc.o
 .text.LL_RCC_PLL2R_IsEnabled
                0x08004f04       0x28 ./Drivers/STM32H5xx_HAL_Driver/stm32h5xx_ll_rcc.o
 .text.LL_RCC_PLL2FRACN_IsEnabled
                0x08004f2c       0x24 ./Drivers/STM32H5xx_HAL_Driver/stm32h5xx_ll_rcc.o
 .text.LL_RCC_PLL2_GetFRACN
                0x08004f50       0x1c ./Drivers/STM32H5xx_HAL_Driver/stm32h5xx_ll_rcc.o
 .text.LL_RCC_PLL3_IsReady
                0x08004f6c       0x28 ./Drivers/STM32H5xx_HAL_Driver/stm32h5xx_ll_rcc.o
 .text.LL_RCC_PLL3_GetSource
                0x08004f94       0x1c ./Drivers/STM32H5xx_HAL_Driver/stm32h5xx_ll_rcc.o
 .text.LL_RCC_PLL3_GetN
                0x08004fb0       0x1c ./Drivers/STM32H5xx_HAL_Driver/stm32h5xx_ll_rcc.o
 .text.LL_RCC_PLL3_GetP
                0x08004fcc       0x20 ./Drivers/STM32H5xx_HAL_Driver/stm32h5xx_ll_rcc.o
 .text.LL_RCC_PLL3_GetQ
                0x08004fec       0x20 ./Drivers/STM32H5xx_HAL_Driver/stm32h5xx_ll_rcc.o
 .text.LL_RCC_PLL3_GetR
                0x0800500c       0x20 ./Drivers/STM32H5xx_HAL_Driver/stm32h5xx_ll_rcc.o
 .text.LL_RCC_PLL3_GetM
                0x0800502c       0x1c ./Drivers/STM32H5xx_HAL_Driver/stm32h5xx_ll_rcc.o
 .text.LL_RCC_PLL3P_IsEnabled
                0x08005048       0x28 ./Drivers/STM32H5xx_HAL_Driver/stm32h5xx_ll_rcc.o
 .text.LL_RCC_PLL3Q_IsEnabled
                0x08005070       0x28 ./Drivers/STM32H5xx_HAL_Driver/stm32h5xx_ll_rcc.o
 .text.LL_RCC_PLL3R_IsEnabled
                0x08005098       0x28 ./Drivers/STM32H5xx_HAL_Driver/stm32h5xx_ll_rcc.o
 .text.LL_RCC_PLL3FRACN_IsEnabled
                0x080050c0       0x24 ./Drivers/STM32H5xx_HAL_Driver/stm32h5xx_ll_rcc.o
 .text.LL_RCC_PLL3_GetFRACN
                0x080050e4       0x1c ./Drivers/STM32H5xx_HAL_Driver/stm32h5xx_ll_rcc.o
 .text.LL_RCC_GetPLL2ClockFreq
                0x08005100      0x140 ./Drivers/STM32H5xx_HAL_Driver/stm32h5xx_ll_rcc.o
                0x08005100                LL_RCC_GetPLL2ClockFreq
 .text.LL_RCC_GetPLL3ClockFreq
                0x08005240      0x140 ./Drivers/STM32H5xx_HAL_Driver/stm32h5xx_ll_rcc.o
                0x08005240                LL_RCC_GetPLL3ClockFreq
 .text.LL_RCC_CalcPLLClockFreq
                0x08005380       0x80 ./Drivers/STM32H5xx_HAL_Driver/stm32h5xx_ll_rcc.o
                0x08005380                LL_RCC_CalcPLLClockFreq
 .text.LL_RCC_GetUSARTClockFreq
                0x08005400      0x758 ./Drivers/STM32H5xx_HAL_Driver/stm32h5xx_ll_rcc.o
                0x08005400                LL_RCC_GetUSARTClockFreq
 .text.LL_RCC_GetUARTClockFreq
                0x08005b58      0x758 ./Drivers/STM32H5xx_HAL_Driver/stm32h5xx_ll_rcc.o
                0x08005b58                LL_RCC_GetUARTClockFreq
 .text.LL_RCC_GetLPUARTClockFreq
                0x080062b0      0x118 ./Drivers/STM32H5xx_HAL_Driver/stm32h5xx_ll_rcc.o
                0x080062b0                LL_RCC_GetLPUARTClockFreq
 .text.RCC_GetSystemClockFreq
                0x080063c8       0xcc ./Drivers/STM32H5xx_HAL_Driver/stm32h5xx_ll_rcc.o
                0x080063c8                RCC_GetSystemClockFreq
 .text.RCC_GetHCLKClockFreq
                0x08006494       0x28 ./Drivers/STM32H5xx_HAL_Driver/stm32h5xx_ll_rcc.o
                0x08006494                RCC_GetHCLKClockFreq
 .text.RCC_GetPCLK1ClockFreq
                0x080064bc       0x2c ./Drivers/STM32H5xx_HAL_Driver/stm32h5xx_ll_rcc.o
                0x080064bc                RCC_GetPCLK1ClockFreq
 .text.RCC_GetPCLK2ClockFreq
                0x080064e8       0x28 ./Drivers/STM32H5xx_HAL_Driver/stm32h5xx_ll_rcc.o
                0x080064e8                RCC_GetPCLK2ClockFreq
 .text.RCC_GetPCLK3ClockFreq
                0x08006510       0x28 ./Drivers/STM32H5xx_HAL_Driver/stm32h5xx_ll_rcc.o
                0x08006510                RCC_GetPCLK3ClockFreq
 .text.RCC_PLL1_GetFreqSystem
                0x08006538       0x80 ./Drivers/STM32H5xx_HAL_Driver/stm32h5xx_ll_rcc.o
                0x08006538                RCC_PLL1_GetFreqSystem
 .text.LL_SPI_IsEnabled
                0x080065b8       0x26 ./Drivers/STM32H5xx_HAL_Driver/stm32h5xx_ll_spi.o
 .text.LL_SPI_SetInternalSSLevel
                0x080065de       0x26 ./Drivers/STM32H5xx_HAL_Driver/stm32h5xx_ll_spi.o
 .text.LL_SPI_GetNSSPolarity
                0x08006604       0x1c ./Drivers/STM32H5xx_HAL_Driver/stm32h5xx_ll_spi.o
 .text.LL_SPI_SetCRCPolynomial
                0x08006620       0x1c ./Drivers/STM32H5xx_HAL_Driver/stm32h5xx_ll_spi.o
 .text.LL_SPI_Init
                0x0800663c       0xfc ./Drivers/STM32H5xx_HAL_Driver/stm32h5xx_ll_spi.o
                0x0800663c                LL_SPI_Init
 .text.LL_USART_IsEnabled
                0x08006738       0x26 ./Drivers/STM32H5xx_HAL_Driver/stm32h5xx_ll_usart.o
 .text.LL_USART_SetPrescaler
                0x0800675e       0x28 ./Drivers/STM32H5xx_HAL_Driver/stm32h5xx_ll_usart.o
 .text.LL_USART_SetStopBitsLength
                0x08006786       0x26 ./Drivers/STM32H5xx_HAL_Driver/stm32h5xx_ll_usart.o
 .text.LL_USART_SetHWFlowCtrl
                0x080067ac       0x26 ./Drivers/STM32H5xx_HAL_Driver/stm32h5xx_ll_usart.o
 *fill*         0x080067d2        0x2 
 .text.LL_USART_SetBaudRate
                0x080067d4       0xa0 ./Drivers/STM32H5xx_HAL_Driver/stm32h5xx_ll_usart.o
 .text.LL_USART_Init
                0x08006874      0x1d4 ./Drivers/STM32H5xx_HAL_Driver/stm32h5xx_ll_usart.o
                0x08006874                LL_USART_Init
 .text.LL_InitTick
                0x08006a48       0x34 ./Drivers/STM32H5xx_HAL_Driver/stm32h5xx_ll_utils.o
 .text.LL_Init1msTick
                0x08006a7c       0x1a ./Drivers/STM32H5xx_HAL_Driver/stm32h5xx_ll_utils.o
                0x08006a7c                LL_Init1msTick
 *fill*         0x08006a96        0x2 
 .text.LL_mDelay
                0x08006a98       0x50 ./Drivers/STM32H5xx_HAL_Driver/stm32h5xx_ll_utils.o
                0x08006a98                LL_mDelay
 .text.LL_SetSystemCoreClock
                0x08006ae8       0x20 ./Drivers/STM32H5xx_HAL_Driver/stm32h5xx_ll_utils.o
                0x08006ae8                LL_SetSystemCoreClock
 .text.__NVIC_SetPriority
                0x08006b08       0x54 ./Middlewares/RTOS2/CMSIS/RTOS2/Core/TZ_Non_Supported/cmsis_os2.o
 .text.SysTick_Handler
                0x08006b5c       0x20 ./Middlewares/RTOS2/CMSIS/RTOS2/Core/TZ_Non_Supported/cmsis_os2.o
                0x08006b5c                SysTick_Handler
 .text.SVC_Setup
                0x08006b7c       0x12 ./Middlewares/RTOS2/CMSIS/RTOS2/Core/TZ_Non_Supported/cmsis_os2.o
 .text.IRQ_Context
                0x08006b8e       0x4e ./Middlewares/RTOS2/CMSIS/RTOS2/Core/TZ_Non_Supported/cmsis_os2.o
 .text.osKernelInitialize
                0x08006bdc       0x4c ./Middlewares/RTOS2/CMSIS/RTOS2/Core/TZ_Non_Supported/cmsis_os2.o
                0x08006bdc                osKernelInitialize
 .text.osKernelStart
                0x08006c28       0x54 ./Middlewares/RTOS2/CMSIS/RTOS2/Core/TZ_Non_Supported/cmsis_os2.o
                0x08006c28                osKernelStart
 .text.osThreadNew
                0x08006c7c      0x122 ./Middlewares/RTOS2/CMSIS/RTOS2/Core/TZ_Non_Supported/cmsis_os2.o
                0x08006c7c                osThreadNew
 .text.osDelay  0x08006d9e       0x34 ./Middlewares/RTOS2/CMSIS/RTOS2/Core/TZ_Non_Supported/cmsis_os2.o
                0x08006d9e                osDelay
 .text.TimerCallback
                0x08006dd2       0x32 ./Middlewares/RTOS2/CMSIS/RTOS2/Core/TZ_Non_Supported/cmsis_os2.o
 .text.osTimerNew
                0x08006e04      0x144 ./Middlewares/RTOS2/CMSIS/RTOS2/Core/TZ_Non_Supported/cmsis_os2.o
                0x08006e04                osTimerNew
 .text.osMutexNew
                0x08006f48      0x10a ./Middlewares/RTOS2/CMSIS/RTOS2/Core/TZ_Non_Supported/cmsis_os2.o
                0x08006f48                osMutexNew
 .text.osMessageQueueNew
                0x08007052       0xe4 ./Middlewares/RTOS2/CMSIS/RTOS2/Core/TZ_Non_Supported/cmsis_os2.o
                0x08007052                osMessageQueueNew
 *fill*         0x08007136        0x2 
 .text.vApplicationGetIdleTaskMemory
                0x08007138       0x34 ./Middlewares/RTOS2/CMSIS/RTOS2/Core/TZ_Non_Supported/cmsis_os2.o
                0x08007138                vApplicationGetIdleTaskMemory
 .text.vApplicationGetTimerTaskMemory
                0x0800716c       0x34 ./Middlewares/RTOS2/CMSIS/RTOS2/Core/TZ_Non_Supported/cmsis_os2.o
                0x0800716c                vApplicationGetTimerTaskMemory
 .text.vListInitialise
                0x080071a0       0x40 ./Middlewares/RTOS2/CMSIS/RTOS2/Core/TZ_Non_Supported/list.o
                0x080071a0                vListInitialise
 .text.vListInitialiseItem
                0x080071e0       0x1a ./Middlewares/RTOS2/CMSIS/RTOS2/Core/TZ_Non_Supported/list.o
                0x080071e0                vListInitialiseItem
 .text.vListInsert
                0x080071fa       0x72 ./Middlewares/RTOS2/CMSIS/RTOS2/Core/TZ_Non_Supported/list.o
                0x080071fa                vListInsert
 .text.uxListRemove
                0x0800726c       0x54 ./Middlewares/RTOS2/CMSIS/RTOS2/Core/TZ_Non_Supported/list.o
                0x0800726c                uxListRemove
 .text.vPortSetupTimerInterrupt
                0x080072c0       0x48 ./Middlewares/RTOS2/CMSIS/RTOS2/Core/TZ_Non_Supported/port.o
                0x080072c0                vPortSetupTimerInterrupt
 .text.prvTaskExitError
                0x08007308       0x38 ./Middlewares/RTOS2/CMSIS/RTOS2/Core/TZ_Non_Supported/port.o
 .text.vPortYield
                0x08007340       0x24 ./Middlewares/RTOS2/CMSIS/RTOS2/Core/TZ_Non_Supported/port.o
                0x08007340                vPortYield
 .text.vPortEnterCritical
                0x08007364       0x24 ./Middlewares/RTOS2/CMSIS/RTOS2/Core/TZ_Non_Supported/port.o
                0x08007364                vPortEnterCritical
 .text.vPortExitCritical
                0x08007388       0x34 ./Middlewares/RTOS2/CMSIS/RTOS2/Core/TZ_Non_Supported/port.o
                0x08007388                vPortExitCritical
 .text.xPortSysTickHandler
                0x080073bc       0x30 ./Middlewares/RTOS2/CMSIS/RTOS2/Core/TZ_Non_Supported/port.o
                0x080073bc                xPortSysTickHandler
 .text.vPortSVCHandler_C
                0x080073ec       0x32 ./Middlewares/RTOS2/CMSIS/RTOS2/Core/TZ_Non_Supported/port.o
                0x080073ec                vPortSVCHandler_C
 *fill*         0x0800741e        0x2 
 .text.pxPortInitialiseStack
                0x08007420      0x114 ./Middlewares/RTOS2/CMSIS/RTOS2/Core/TZ_Non_Supported/port.o
                0x08007420                pxPortInitialiseStack
 .text.xPortStartScheduler
                0x08007534       0x40 ./Middlewares/RTOS2/CMSIS/RTOS2/Core/TZ_Non_Supported/port.o
                0x08007534                xPortStartScheduler
 *fill*         0x08007574        0xc 
 .text.vRestoreContextOfFirstTask
                0x08007580       0x38 ./Middlewares/RTOS2/CMSIS/RTOS2/Core/TZ_Non_Supported/portasm.o
                0x08007580                vRestoreContextOfFirstTask
 *fill*         0x080075b8        0x8 
 .text.vStartFirstTask
                0x080075c0       0x28 ./Middlewares/RTOS2/CMSIS/RTOS2/Core/TZ_Non_Supported/portasm.o
                0x080075c0                vStartFirstTask
 .text.ulSetInterruptMask
                0x080075e8       0x1a ./Middlewares/RTOS2/CMSIS/RTOS2/Core/TZ_Non_Supported/portasm.o
                0x080075e8                ulSetInterruptMask
 .text.vClearInterruptMask
                0x08007602       0x10 ./Middlewares/RTOS2/CMSIS/RTOS2/Core/TZ_Non_Supported/portasm.o
                0x08007602                vClearInterruptMask
 *fill*         0x08007612        0xe 
 .text.PendSV_Handler
                0x08007620       0x58 ./Middlewares/RTOS2/CMSIS/RTOS2/Core/TZ_Non_Supported/portasm.o
                0x08007620                PendSV_Handler
 *fill*         0x08007678        0x8 
 .text.SVC_Handler
                0x08007680       0x28 ./Middlewares/RTOS2/CMSIS/RTOS2/Core/TZ_Non_Supported/portasm.o
                0x08007680                SVC_Handler
 .text.xQueueGenericReset
                0x080076a8       0xf2 ./Middlewares/RTOS2/CMSIS/RTOS2/Core/TZ_Non_Supported/queue.o
                0x080076a8                xQueueGenericReset
 .text.xQueueGenericCreateStatic
                0x0800779a       0x92 ./Middlewares/RTOS2/CMSIS/RTOS2/Core/TZ_Non_Supported/queue.o
                0x0800779a                xQueueGenericCreateStatic
 .text.xQueueGenericCreate
                0x0800782c       0x96 ./Middlewares/RTOS2/CMSIS/RTOS2/Core/TZ_Non_Supported/queue.o
                0x0800782c                xQueueGenericCreate
 .text.prvInitialiseNewQueue
                0x080078c2       0x46 ./Middlewares/RTOS2/CMSIS/RTOS2/Core/TZ_Non_Supported/queue.o
 .text.prvInitialiseMutex
                0x08007908       0x34 ./Middlewares/RTOS2/CMSIS/RTOS2/Core/TZ_Non_Supported/queue.o
 .text.xQueueCreateMutex
                0x0800793c       0x30 ./Middlewares/RTOS2/CMSIS/RTOS2/Core/TZ_Non_Supported/queue.o
                0x0800793c                xQueueCreateMutex
 .text.xQueueCreateMutexStatic
                0x0800796c       0x36 ./Middlewares/RTOS2/CMSIS/RTOS2/Core/TZ_Non_Supported/queue.o
                0x0800796c                xQueueCreateMutexStatic
 .text.xQueueGenericSend
                0x080079a2      0x19a ./Middlewares/RTOS2/CMSIS/RTOS2/Core/TZ_Non_Supported/queue.o
                0x080079a2                xQueueGenericSend
 .text.xQueueReceive
                0x08007b3c      0x178 ./Middlewares/RTOS2/CMSIS/RTOS2/Core/TZ_Non_Supported/queue.o
                0x08007b3c                xQueueReceive
 .text.prvCopyDataToQueue
                0x08007cb4       0xd4 ./Middlewares/RTOS2/CMSIS/RTOS2/Core/TZ_Non_Supported/queue.o
 .text.prvCopyDataFromQueue
                0x08007d88       0x4c ./Middlewares/RTOS2/CMSIS/RTOS2/Core/TZ_Non_Supported/queue.o
 .text.prvUnlockQueue
                0x08007dd4       0xa4 ./Middlewares/RTOS2/CMSIS/RTOS2/Core/TZ_Non_Supported/queue.o
 .text.prvIsQueueEmpty
                0x08007e78       0x2c ./Middlewares/RTOS2/CMSIS/RTOS2/Core/TZ_Non_Supported/queue.o
 .text.prvIsQueueFull
                0x08007ea4       0x30 ./Middlewares/RTOS2/CMSIS/RTOS2/Core/TZ_Non_Supported/queue.o
 .text.vQueueAddToRegistry
                0x08007ed4       0x8c ./Middlewares/RTOS2/CMSIS/RTOS2/Core/TZ_Non_Supported/queue.o
                0x08007ed4                vQueueAddToRegistry
 .text.vQueueWaitForMessageRestricted
                0x08007f60       0x68 ./Middlewares/RTOS2/CMSIS/RTOS2/Core/TZ_Non_Supported/queue.o
                0x08007f60                vQueueWaitForMessageRestricted
 .text.xTaskCreateStatic
                0x08007fc8       0x9a ./Middlewares/RTOS2/CMSIS/RTOS2/Core/TZ_Non_Supported/tasks.o
                0x08007fc8                xTaskCreateStatic
 .text.xTaskCreate
                0x08008062       0x94 ./Middlewares/RTOS2/CMSIS/RTOS2/Core/TZ_Non_Supported/tasks.o
                0x08008062                xTaskCreate
 .text.prvInitialiseNewTask
                0x080080f6      0x104 ./Middlewares/RTOS2/CMSIS/RTOS2/Core/TZ_Non_Supported/tasks.o
 *fill*         0x080081fa        0x2 
 .text.prvAddNewTaskToReadyList
                0x080081fc      0x120 ./Middlewares/RTOS2/CMSIS/RTOS2/Core/TZ_Non_Supported/tasks.o
 .text.vTaskDelay
                0x0800831c       0x4c ./Middlewares/RTOS2/CMSIS/RTOS2/Core/TZ_Non_Supported/tasks.o
                0x0800831c                vTaskDelay
 .text.vTaskStartScheduler
                0x08008368       0xb8 ./Middlewares/RTOS2/CMSIS/RTOS2/Core/TZ_Non_Supported/tasks.o
                0x08008368                vTaskStartScheduler
 .text.vTaskSuspendAll
                0x08008420       0x1c ./Middlewares/RTOS2/CMSIS/RTOS2/Core/TZ_Non_Supported/tasks.o
                0x08008420                vTaskSuspendAll
 .text.xTaskResumeAll
                0x0800843c      0x1dc ./Middlewares/RTOS2/CMSIS/RTOS2/Core/TZ_Non_Supported/tasks.o
                0x0800843c                xTaskResumeAll
 .text.xTaskGetTickCount
                0x08008618       0x20 ./Middlewares/RTOS2/CMSIS/RTOS2/Core/TZ_Non_Supported/tasks.o
                0x08008618                xTaskGetTickCount
 .text.xTaskIncrementTick
                0x08008638      0x220 ./Middlewares/RTOS2/CMSIS/RTOS2/Core/TZ_Non_Supported/tasks.o
                0x08008638                xTaskIncrementTick
 .text.vTaskSwitchContext
                0x08008858       0xa8 ./Middlewares/RTOS2/CMSIS/RTOS2/Core/TZ_Non_Supported/tasks.o
                0x08008858                vTaskSwitchContext
 .text.vTaskPlaceOnEventList
                0x08008900       0x3c ./Middlewares/RTOS2/CMSIS/RTOS2/Core/TZ_Non_Supported/tasks.o
                0x08008900                vTaskPlaceOnEventList
 .text.vTaskPlaceOnEventListRestricted
                0x0800893c       0x7c ./Middlewares/RTOS2/CMSIS/RTOS2/Core/TZ_Non_Supported/tasks.o
                0x0800893c                vTaskPlaceOnEventListRestricted
 .text.xTaskRemoveFromEventList
                0x080089b8      0x19c ./Middlewares/RTOS2/CMSIS/RTOS2/Core/TZ_Non_Supported/tasks.o
                0x080089b8                xTaskRemoveFromEventList
 .text.vTaskInternalSetTimeOutState
                0x08008b54       0x2c ./Middlewares/RTOS2/CMSIS/RTOS2/Core/TZ_Non_Supported/tasks.o
                0x08008b54                vTaskInternalSetTimeOutState
 .text.xTaskCheckForTimeOut
                0x08008b80       0xb0 ./Middlewares/RTOS2/CMSIS/RTOS2/Core/TZ_Non_Supported/tasks.o
                0x08008b80                xTaskCheckForTimeOut
 .text.vTaskMissedYield
                0x08008c30       0x18 ./Middlewares/RTOS2/CMSIS/RTOS2/Core/TZ_Non_Supported/tasks.o
                0x08008c30                vTaskMissedYield
 .text.prvIdleTask
                0x08008c48       0x20 ./Middlewares/RTOS2/CMSIS/RTOS2/Core/TZ_Non_Supported/tasks.o
 .text.prvInitialiseTaskLists
                0x08008c68       0x80 ./Middlewares/RTOS2/CMSIS/RTOS2/Core/TZ_Non_Supported/tasks.o
 .text.prvCheckTasksWaitingTermination
                0x08008ce8       0x5c ./Middlewares/RTOS2/CMSIS/RTOS2/Core/TZ_Non_Supported/tasks.o
 .text.prvDeleteTCB
                0x08008d44       0x50 ./Middlewares/RTOS2/CMSIS/RTOS2/Core/TZ_Non_Supported/tasks.o
 .text.prvResetNextTaskUnblockTime
                0x08008d94       0x38 ./Middlewares/RTOS2/CMSIS/RTOS2/Core/TZ_Non_Supported/tasks.o
 .text.xTaskGetSchedulerState
                0x08008dcc       0x3c ./Middlewares/RTOS2/CMSIS/RTOS2/Core/TZ_Non_Supported/tasks.o
                0x08008dcc                xTaskGetSchedulerState
 .text.xTaskPriorityDisinherit
                0x08008e08      0x110 ./Middlewares/RTOS2/CMSIS/RTOS2/Core/TZ_Non_Supported/tasks.o
                0x08008e08                xTaskPriorityDisinherit
 .text.prvAddCurrentTaskToDelayedList
                0x08008f18       0xdc ./Middlewares/RTOS2/CMSIS/RTOS2/Core/TZ_Non_Supported/tasks.o
 .text.xTimerCreateTimerTask
                0x08008ff4       0x80 ./Middlewares/RTOS2/CMSIS/RTOS2/Core/TZ_Non_Supported/timers.o
                0x08008ff4                xTimerCreateTimerTask
 .text.xTimerCreate
                0x08009074       0x42 ./Middlewares/RTOS2/CMSIS/RTOS2/Core/TZ_Non_Supported/timers.o
                0x08009074                xTimerCreate
 .text.xTimerCreateStatic
                0x080090b6       0x60 ./Middlewares/RTOS2/CMSIS/RTOS2/Core/TZ_Non_Supported/timers.o
                0x080090b6                xTimerCreateStatic
 .text.prvInitialiseNewTimer
                0x08009116       0x62 ./Middlewares/RTOS2/CMSIS/RTOS2/Core/TZ_Non_Supported/timers.o
 .text.prvReloadTimer
                0x08009178       0x42 ./Middlewares/RTOS2/CMSIS/RTOS2/Core/TZ_Non_Supported/timers.o
 *fill*         0x080091ba        0x2 
 .text.prvProcessExpiredTimer
                0x080091bc       0x60 ./Middlewares/RTOS2/CMSIS/RTOS2/Core/TZ_Non_Supported/timers.o
 .text.prvTimerTask
                0x0800921c       0x26 ./Middlewares/RTOS2/CMSIS/RTOS2/Core/TZ_Non_Supported/timers.o
 *fill*         0x08009242        0x2 
 .text.prvProcessTimerOrBlockTask
                0x08009244       0x8c ./Middlewares/RTOS2/CMSIS/RTOS2/Core/TZ_Non_Supported/timers.o
 .text.prvGetNextExpireTime
                0x080092d0       0x48 ./Middlewares/RTOS2/CMSIS/RTOS2/Core/TZ_Non_Supported/timers.o
 .text.prvSampleTimeNow
                0x08009318       0x40 ./Middlewares/RTOS2/CMSIS/RTOS2/Core/TZ_Non_Supported/timers.o
 .text.prvInsertTimerInActiveList
                0x08009358       0x84 ./Middlewares/RTOS2/CMSIS/RTOS2/Core/TZ_Non_Supported/timers.o
 .text.prvProcessReceivedCommands
                0x080093dc      0x19c ./Middlewares/RTOS2/CMSIS/RTOS2/Core/TZ_Non_Supported/timers.o
 .text.prvSwitchTimerLists
                0x08009578       0x4c ./Middlewares/RTOS2/CMSIS/RTOS2/Core/TZ_Non_Supported/timers.o
 .text.prvCheckForValidListAndQueue
                0x080095c4       0x80 ./Middlewares/RTOS2/CMSIS/RTOS2/Core/TZ_Non_Supported/timers.o
 .text.pvTimerGetTimerID
                0x08009644       0x32 ./Middlewares/RTOS2/CMSIS/RTOS2/Core/TZ_Non_Supported/timers.o
                0x08009644                pvTimerGetTimerID
 *fill*         0x08009676        0x2 
 .text.pvPortMalloc
                0x08009678      0x158 ./Middlewares/RTOS2/CMSIS/RTOS2/Heap/Heap_4/heap_4.o
                0x08009678                pvPortMalloc
 .text.vPortFree
                0x080097d0       0x9c ./Middlewares/RTOS2/CMSIS/RTOS2/Heap/Heap_4/heap_4.o
                0x080097d0                vPortFree
 .text.prvHeapInit
                0x0800986c       0xb8 ./Middlewares/RTOS2/CMSIS/RTOS2/Heap/Heap_4/heap_4.o
 .text.prvInsertBlockIntoFreeList
                0x08009924       0xb4 ./Middlewares/RTOS2/CMSIS/RTOS2/Heap/Heap_4/heap_4.o
 .text.memset   0x080099d8       0x10 D:/ST/STM32CubeIDE_1.16.1/STM32CubeIDE/plugins/com.st.stm32cube.ide.mcu.externaltools.gnu-tools-for-stm32.12.3.rel1.win32_1.0.200.202406191623/tools/bin/../lib/gcc/arm-none-eabi/12.3.1/../../../../arm-none-eabi/lib/thumb/v8-m.main+fp/hard\libc_nano.a(libc_a-memset.o)
                0x080099d8                memset
 .text.__libc_init_array
                0x080099e8       0x48 D:/ST/STM32CubeIDE_1.16.1/STM32CubeIDE/plugins/com.st.stm32cube.ide.mcu.externaltools.gnu-tools-for-stm32.12.3.rel1.win32_1.0.200.202406191623/tools/bin/../lib/gcc/arm-none-eabi/12.3.1/../../../../arm-none-eabi/lib/thumb/v8-m.main+fp/hard\libc_nano.a(libc_a-init.o)
                0x080099e8                __libc_init_array
 .text.memcpy   0x08009a30       0x1a D:/ST/STM32CubeIDE_1.16.1/STM32CubeIDE/plugins/com.st.stm32cube.ide.mcu.externaltools.gnu-tools-for-stm32.12.3.rel1.win32_1.0.200.202406191623/tools/bin/../lib/gcc/arm-none-eabi/12.3.1/../../../../arm-none-eabi/lib/thumb/v8-m.main+fp/hard\libc_nano.a(libc_a-memcpy-stub.o)
                0x08009a30                memcpy
 *(.glue_7)
 .glue_7        0x08009a4a        0x0 linker stubs
 *(.glue_7t)
 .glue_7t       0x08009a4a        0x0 linker stubs
 *(.eh_frame)
 *fill*         0x08009a4a        0x2 
 .eh_frame      0x08009a4c        0x0 D:/ST/STM32CubeIDE_1.16.1/STM32CubeIDE/plugins/com.st.stm32cube.ide.mcu.externaltools.gnu-tools-for-stm32.12.3.rel1.win32_1.0.200.202406191623/tools/bin/../lib/gcc/arm-none-eabi/12.3.1/thumb/v8-m.main+fp/hard/crtbegin.o
 *(.init)
 .init          0x08009a4c        0x4 D:/ST/STM32CubeIDE_1.16.1/STM32CubeIDE/plugins/com.st.stm32cube.ide.mcu.externaltools.gnu-tools-for-stm32.12.3.rel1.win32_1.0.200.202406191623/tools/bin/../lib/gcc/arm-none-eabi/12.3.1/thumb/v8-m.main+fp/hard/crti.o
                0x08009a4c                _init
 .init          0x08009a50        0x8 D:/ST/STM32CubeIDE_1.16.1/STM32CubeIDE/plugins/com.st.stm32cube.ide.mcu.externaltools.gnu-tools-for-stm32.12.3.rel1.win32_1.0.200.202406191623/tools/bin/../lib/gcc/arm-none-eabi/12.3.1/thumb/v8-m.main+fp/hard/crtn.o
 *(.fini)
 .fini          0x08009a58        0x4 D:/ST/STM32CubeIDE_1.16.1/STM32CubeIDE/plugins/com.st.stm32cube.ide.mcu.externaltools.gnu-tools-for-stm32.12.3.rel1.win32_1.0.200.202406191623/tools/bin/../lib/gcc/arm-none-eabi/12.3.1/thumb/v8-m.main+fp/hard/crti.o
                0x08009a58                _fini
 .fini          0x08009a5c        0x8 D:/ST/STM32CubeIDE_1.16.1/STM32CubeIDE/plugins/com.st.stm32cube.ide.mcu.externaltools.gnu-tools-for-stm32.12.3.rel1.win32_1.0.200.202406191623/tools/bin/../lib/gcc/arm-none-eabi/12.3.1/thumb/v8-m.main+fp/hard/crtn.o
                0x08009a64                        . = ALIGN (0x4)
                0x08009a64                        _etext = .

.vfp11_veneer   0x08009a64        0x0
 .vfp11_veneer  0x08009a64        0x0 linker stubs

.v4_bx          0x08009a64        0x0
 .v4_bx         0x08009a64        0x0 linker stubs

.iplt           0x08009a64        0x0
 .iplt          0x08009a64        0x0 D:/ST/STM32CubeIDE_1.16.1/STM32CubeIDE/plugins/com.st.stm32cube.ide.mcu.externaltools.gnu-tools-for-stm32.12.3.rel1.win32_1.0.200.202406191623/tools/bin/../lib/gcc/arm-none-eabi/12.3.1/thumb/v8-m.main+fp/hard/crtbegin.o

.rodata         0x08009a64     0x1814
                0x08009a64                        . = ALIGN (0x4)
 *(.rodata)
 .rodata        0x08009a64       0x2e ./Application/User/Core/app_freertos.o
 *fill*         0x08009a92        0x2 
 .rodata        0x08009a94        0x5 ./Middlewares/RTOS2/CMSIS/RTOS2/Core/TZ_Non_Supported/tasks.o
 *fill*         0x08009a99        0x3 
 .rodata        0x08009a9c        0xd ./Middlewares/RTOS2/CMSIS/RTOS2/Core/TZ_Non_Supported/timers.o
 *(.rodata*)
 *fill*         0x08009aa9        0x3 
 .rodata.defaultTask_attributes
                0x08009aac       0x24 ./Application/User/Core/app_freertos.o
                0x08009aac                defaultTask_attributes
 .rodata.myMutex01_attributes
                0x08009ad0       0x10 ./Application/User/Core/app_freertos.o
                0x08009ad0                myMutex01_attributes
 .rodata.myTimer01_attributes
                0x08009ae0       0x10 ./Application/User/Core/app_freertos.o
                0x08009ae0                myTimer01_attributes
 .rodata.myQueue01_attributes
                0x08009af0       0x18 ./Application/User/Core/app_freertos.o
                0x08009af0                myQueue01_attributes
 .rodata.LL_DMA_CH_OFFSET_TAB
                0x08009b08       0x20 ./Application/User/Core/main.o
 .rodata.LL_DMA_CH_OFFSET_TAB
                0x08009b28       0x20 ./Application/User/Core/stm32h5xx_it.o
 .rodata.AHBPrescTable
                0x08009b48       0x10 ./Drivers/CMSIS/system_stm32h5xx.o
                0x08009b48                AHBPrescTable
 .rodata.APBPrescTable
                0x08009b58        0x8 ./Drivers/CMSIS/system_stm32h5xx.o
                0x08009b58                APBPrescTable
 .rodata.asc2_1206
                0x08009b60      0x474 ./Drivers/Device_Driver/GUI.o
                0x08009b60                asc2_1206
 .rodata.asc2_1608
                0x08009fd4      0x5f0 ./Drivers/Device_Driver/GUI.o
                0x08009fd4                asc2_1608
 .rodata.tfont16
                0x0800a5c4      0x83c ./Drivers/Device_Driver/GUI.o
                0x0800a5c4                tfont16
 .rodata.tfont24
                0x0800ae00      0x206 ./Drivers/Device_Driver/GUI.o
                0x0800ae00                tfont24
 *fill*         0x0800b006        0x2 
 .rodata.tfont32
                0x0800b008      0x208 ./Drivers/Device_Driver/GUI.o
                0x0800b008                tfont32
 .rodata.LL_DMA_CH_OFFSET_TAB
                0x0800b210       0x20 ./Drivers/STM32H5xx_HAL_Driver/stm32h5xx_ll_dma.o
 .rodata.LPUART_PRESCALER_TAB
                0x0800b230       0x18 ./Drivers/STM32H5xx_HAL_Driver/stm32h5xx_ll_lpuart.o
 .rodata.USART_PRESCALER_TAB
                0x0800b248       0x30 ./Drivers/STM32H5xx_HAL_Driver/stm32h5xx_ll_usart.o
                0x0800b278                        . = ALIGN (0x4)

.ARM.extab      0x0800b278        0x0
                0x0800b278                        . = ALIGN (0x4)
 *(.ARM.extab* .gnu.linkonce.armextab.*)
                0x0800b278                        . = ALIGN (0x4)

.ARM            0x0800b278        0x8
                0x0800b278                        . = ALIGN (0x4)
                0x0800b278                        __exidx_start = .
 *(.ARM.exidx*)
 .ARM.exidx     0x0800b278        0x8 D:/ST/STM32CubeIDE_1.16.1/STM32CubeIDE/plugins/com.st.stm32cube.ide.mcu.externaltools.gnu-tools-for-stm32.12.3.rel1.win32_1.0.200.202406191623/tools/bin/../lib/gcc/arm-none-eabi/12.3.1/thumb/v8-m.main+fp/hard\libgcc.a(_udivmoddi4.o)
                0x0800b280                        __exidx_end = .
                0x0800b280                        . = ALIGN (0x4)

.preinit_array  0x0800b280        0x0
                0x0800b280                        . = ALIGN (0x4)
                0x0800b280                        PROVIDE (__preinit_array_start = .)
 *(.preinit_array*)
                0x0800b280                        PROVIDE (__preinit_array_end = .)
                0x0800b280                        . = ALIGN (0x4)

.init_array     0x0800b280        0x4
                0x0800b280                        . = ALIGN (0x4)
                0x0800b280                        PROVIDE (__init_array_start = .)
 *(SORT_BY_NAME(.init_array.*))
 *(.init_array*)
 .init_array    0x0800b280        0x4 D:/ST/STM32CubeIDE_1.16.1/STM32CubeIDE/plugins/com.st.stm32cube.ide.mcu.externaltools.gnu-tools-for-stm32.12.3.rel1.win32_1.0.200.202406191623/tools/bin/../lib/gcc/arm-none-eabi/12.3.1/thumb/v8-m.main+fp/hard/crtbegin.o
                0x0800b284                        PROVIDE (__init_array_end = .)
                0x0800b284                        . = ALIGN (0x4)

.fini_array     0x0800b284        0x4
                0x0800b284                        . = ALIGN (0x4)
                [!provide]                        PROVIDE (__fini_array_start = .)
 *(SORT_BY_NAME(.fini_array.*))
 *(.fini_array*)
 .fini_array    0x0800b284        0x4 D:/ST/STM32CubeIDE_1.16.1/STM32CubeIDE/plugins/com.st.stm32cube.ide.mcu.externaltools.gnu-tools-for-stm32.12.3.rel1.win32_1.0.200.202406191623/tools/bin/../lib/gcc/arm-none-eabi/12.3.1/thumb/v8-m.main+fp/hard/crtbegin.o
                [!provide]                        PROVIDE (__fini_array_end = .)
                0x0800b288                        . = ALIGN (0x4)
                0x0800b288                        _sidata = LOADADDR (.data)

.rel.dyn        0x0800b288        0x0
 .rel.iplt      0x0800b288        0x0 D:/ST/STM32CubeIDE_1.16.1/STM32CubeIDE/plugins/com.st.stm32cube.ide.mcu.externaltools.gnu-tools-for-stm32.12.3.rel1.win32_1.0.200.202406191623/tools/bin/../lib/gcc/arm-none-eabi/12.3.1/thumb/v8-m.main+fp/hard/crtbegin.o

.data           0x20000000        0xc load address 0x0800b288
                0x20000000                        . = ALIGN (0x4)
                0x20000000                        _sdata = .
 *(.data)
 *(.data*)
 .data.SystemCoreClock
                0x20000000        0x4 ./Drivers/CMSIS/system_stm32h5xx.o
                0x20000000                SystemCoreClock
 .data.ulCriticalNesting
                0x20000004        0x4 ./Middlewares/RTOS2/CMSIS/RTOS2/Core/TZ_Non_Supported/port.o
 .data.uxTopUsedPriority
                0x20000008        0x4 ./Middlewares/RTOS2/CMSIS/RTOS2/Core/TZ_Non_Supported/tasks.o
                0x20000008                uxTopUsedPriority
 *(.RamFunc)
 *(.RamFunc*)
                0x2000000c                        . = ALIGN (0x4)
                0x2000000c                        _edata = .

.igot.plt       0x2000000c        0x0 load address 0x0800b294
 .igot.plt      0x2000000c        0x0 D:/ST/STM32CubeIDE_1.16.1/STM32CubeIDE/plugins/com.st.stm32cube.ide.mcu.externaltools.gnu-tools-for-stm32.12.3.rel1.win32_1.0.200.202406191623/tools/bin/../lib/gcc/arm-none-eabi/12.3.1/thumb/v8-m.main+fp/hard/crtbegin.o
                0x2000000c                        . = ALIGN (0x4)

.bss            0x2000000c    0x287e4 load address 0x0800b294
                0x2000000c                        _sbss = .
                0x2000000c                        __bss_start__ = _sbss
 *(.bss)
 .bss           0x2000000c       0x1c D:/ST/STM32CubeIDE_1.16.1/STM32CubeIDE/plugins/com.st.stm32cube.ide.mcu.externaltools.gnu-tools-for-stm32.12.3.rel1.win32_1.0.200.202406191623/tools/bin/../lib/gcc/arm-none-eabi/12.3.1/thumb/v8-m.main+fp/hard/crtbegin.o
 *(.bss*)
 .bss.Str       0x20000028       0x32 ./Application/User/Core/app_freertos.o
                0x20000028                Str
 *fill*         0x2000005a        0x2 
 .bss.defaultTaskHandle
                0x2000005c        0x4 ./Application/User/Core/app_freertos.o
                0x2000005c                defaultTaskHandle
 .bss.myMutex01Handle
                0x20000060        0x4 ./Application/User/Core/app_freertos.o
                0x20000060                myMutex01Handle
 .bss.myTimer01Handle
                0x20000064        0x4 ./Application/User/Core/app_freertos.o
                0x20000064                myTimer01Handle
 .bss.myQueue01Handle
                0x20000068        0x4 ./Application/User/Core/app_freertos.o
                0x20000068                myQueue01Handle
 .bss.General_Buffer
                0x2000006c    0x25800 ./Application/User/Core/main.o
                0x2000006c                General_Buffer
 .bss.RX_Buffer
                0x2002586c      0x3e8 ./Application/User/Core/main.o
                0x2002586c                RX_Buffer
 .bss.lcddev    0x20025c54        0xe ./Drivers/Device_Driver/lcd.o
                0x20025c54                lcddev
 .bss.POINT_COLOR
                0x20025c62        0x2 ./Drivers/Device_Driver/lcd.o
                0x20025c62                POINT_COLOR
 .bss.matrix    0x20025c64       0x1c ./Drivers/Device_Driver/xpt2046.o
                0x20025c64                matrix
 .bss.display   0x20025c80        0x8 ./Drivers/Device_Driver/xpt2046.o
                0x20025c80                display
 .bss.Matrix_Default
                0x20025c88       0x1c ./Drivers/Device_Driver/xpt2046.o
                0x20025c88                Matrix_Default
 .bss.screen.0  0x20025ca4        0x8 ./Drivers/Device_Driver/xpt2046.o
 .bss.KernelState
                0x20025cac        0x4 ./Middlewares/RTOS2/CMSIS/RTOS2/Core/TZ_Non_Supported/cmsis_os2.o
 .bss.Idle_TCB.3
                0x20025cb0       0x5c ./Middlewares/RTOS2/CMSIS/RTOS2/Core/TZ_Non_Supported/cmsis_os2.o
 .bss.Idle_Stack.2
                0x20025d0c      0x200 ./Middlewares/RTOS2/CMSIS/RTOS2/Core/TZ_Non_Supported/cmsis_os2.o
 .bss.Timer_TCB.1
                0x20025f0c       0x5c ./Middlewares/RTOS2/CMSIS/RTOS2/Core/TZ_Non_Supported/cmsis_os2.o
 .bss.Timer_Stack.0
                0x20025f68      0x200 ./Middlewares/RTOS2/CMSIS/RTOS2/Core/TZ_Non_Supported/cmsis_os2.o
 .bss.xQueueRegistry
                0x20026168       0x40 ./Middlewares/RTOS2/CMSIS/RTOS2/Core/TZ_Non_Supported/queue.o
                0x20026168                xQueueRegistry
 .bss.pxCurrentTCB
                0x200261a8        0x4 ./Middlewares/RTOS2/CMSIS/RTOS2/Core/TZ_Non_Supported/tasks.o
                0x200261a8                pxCurrentTCB
 .bss.pxReadyTasksLists
                0x200261ac      0x460 ./Middlewares/RTOS2/CMSIS/RTOS2/Core/TZ_Non_Supported/tasks.o
 .bss.xDelayedTaskList1
                0x2002660c       0x14 ./Middlewares/RTOS2/CMSIS/RTOS2/Core/TZ_Non_Supported/tasks.o
 .bss.xDelayedTaskList2
                0x20026620       0x14 ./Middlewares/RTOS2/CMSIS/RTOS2/Core/TZ_Non_Supported/tasks.o
 .bss.pxDelayedTaskList
                0x20026634        0x4 ./Middlewares/RTOS2/CMSIS/RTOS2/Core/TZ_Non_Supported/tasks.o
 .bss.pxOverflowDelayedTaskList
                0x20026638        0x4 ./Middlewares/RTOS2/CMSIS/RTOS2/Core/TZ_Non_Supported/tasks.o
 .bss.xPendingReadyList
                0x2002663c       0x14 ./Middlewares/RTOS2/CMSIS/RTOS2/Core/TZ_Non_Supported/tasks.o
 .bss.xTasksWaitingTermination
                0x20026650       0x14 ./Middlewares/RTOS2/CMSIS/RTOS2/Core/TZ_Non_Supported/tasks.o
 .bss.uxDeletedTasksWaitingCleanUp
                0x20026664        0x4 ./Middlewares/RTOS2/CMSIS/RTOS2/Core/TZ_Non_Supported/tasks.o
 .bss.xSuspendedTaskList
                0x20026668       0x14 ./Middlewares/RTOS2/CMSIS/RTOS2/Core/TZ_Non_Supported/tasks.o
 .bss.uxCurrentNumberOfTasks
                0x2002667c        0x4 ./Middlewares/RTOS2/CMSIS/RTOS2/Core/TZ_Non_Supported/tasks.o
 .bss.xTickCount
                0x20026680        0x4 ./Middlewares/RTOS2/CMSIS/RTOS2/Core/TZ_Non_Supported/tasks.o
 .bss.uxTopReadyPriority
                0x20026684        0x4 ./Middlewares/RTOS2/CMSIS/RTOS2/Core/TZ_Non_Supported/tasks.o
 .bss.xSchedulerRunning
                0x20026688        0x4 ./Middlewares/RTOS2/CMSIS/RTOS2/Core/TZ_Non_Supported/tasks.o
 .bss.xPendedTicks
                0x2002668c        0x4 ./Middlewares/RTOS2/CMSIS/RTOS2/Core/TZ_Non_Supported/tasks.o
 .bss.xYieldPending
                0x20026690        0x4 ./Middlewares/RTOS2/CMSIS/RTOS2/Core/TZ_Non_Supported/tasks.o
 .bss.xNumOfOverflows
                0x20026694        0x4 ./Middlewares/RTOS2/CMSIS/RTOS2/Core/TZ_Non_Supported/tasks.o
 .bss.uxTaskNumber
                0x20026698        0x4 ./Middlewares/RTOS2/CMSIS/RTOS2/Core/TZ_Non_Supported/tasks.o
 .bss.xNextTaskUnblockTime
                0x2002669c        0x4 ./Middlewares/RTOS2/CMSIS/RTOS2/Core/TZ_Non_Supported/tasks.o
 .bss.xIdleTaskHandle
                0x200266a0        0x4 ./Middlewares/RTOS2/CMSIS/RTOS2/Core/TZ_Non_Supported/tasks.o
 .bss.uxSchedulerSuspended
                0x200266a4        0x4 ./Middlewares/RTOS2/CMSIS/RTOS2/Core/TZ_Non_Supported/tasks.o
 .bss.xActiveTimerList1
                0x200266a8       0x14 ./Middlewares/RTOS2/CMSIS/RTOS2/Core/TZ_Non_Supported/timers.o
 .bss.xActiveTimerList2
                0x200266bc       0x14 ./Middlewares/RTOS2/CMSIS/RTOS2/Core/TZ_Non_Supported/timers.o
 .bss.pxCurrentTimerList
                0x200266d0        0x4 ./Middlewares/RTOS2/CMSIS/RTOS2/Core/TZ_Non_Supported/timers.o
 .bss.pxOverflowTimerList
                0x200266d4        0x4 ./Middlewares/RTOS2/CMSIS/RTOS2/Core/TZ_Non_Supported/timers.o
 .bss.xTimerQueue
                0x200266d8        0x4 ./Middlewares/RTOS2/CMSIS/RTOS2/Core/TZ_Non_Supported/timers.o
 .bss.xTimerTaskHandle
                0x200266dc        0x4 ./Middlewares/RTOS2/CMSIS/RTOS2/Core/TZ_Non_Supported/timers.o
 .bss.xLastTime.2
                0x200266e0        0x4 ./Middlewares/RTOS2/CMSIS/RTOS2/Core/TZ_Non_Supported/timers.o
 .bss.ucStaticTimerQueueStorage.1
                0x200266e4       0xa0 ./Middlewares/RTOS2/CMSIS/RTOS2/Core/TZ_Non_Supported/timers.o
 .bss.xStaticTimerQueue.0
                0x20026784       0x50 ./Middlewares/RTOS2/CMSIS/RTOS2/Core/TZ_Non_Supported/timers.o
 .bss.ucHeap    0x200267d4     0x2000 ./Middlewares/RTOS2/CMSIS/RTOS2/Heap/Heap_4/heap_4.o
 .bss.xStart    0x200287d4        0x8 ./Middlewares/RTOS2/CMSIS/RTOS2/Heap/Heap_4/heap_4.o
 .bss.pxEnd     0x200287dc        0x4 ./Middlewares/RTOS2/CMSIS/RTOS2/Heap/Heap_4/heap_4.o
 .bss.xFreeBytesRemaining
                0x200287e0        0x4 ./Middlewares/RTOS2/CMSIS/RTOS2/Heap/Heap_4/heap_4.o
 .bss.xMinimumEverFreeBytesRemaining
                0x200287e4        0x4 ./Middlewares/RTOS2/CMSIS/RTOS2/Heap/Heap_4/heap_4.o
 .bss.xNumberOfSuccessfulAllocations
                0x200287e8        0x4 ./Middlewares/RTOS2/CMSIS/RTOS2/Heap/Heap_4/heap_4.o
 .bss.xNumberOfSuccessfulFrees
                0x200287ec        0x4 ./Middlewares/RTOS2/CMSIS/RTOS2/Heap/Heap_4/heap_4.o
 *(COMMON)
                0x200287f0                        . = ALIGN (0x4)
                0x200287f0                        _ebss = .
                0x200287f0                        __bss_end__ = _ebss

._user_heap_stack
                0x200287f0      0x600 load address 0x0800b294
                0x200287f0                        . = ALIGN (0x8)
                [!provide]                        PROVIDE (end = .)
                0x200287f0                        PROVIDE (_end = .)
                0x200289f0                        . = (. + _Min_Heap_Size)
 *fill*         0x200287f0      0x200 
                0x20028df0                        . = (. + _Min_Stack_Size)
 *fill*         0x200289f0      0x400 
                0x20028df0                        . = ALIGN (0x8)

/DISCARD/
 libc.a(*)
 libm.a(*)
 libgcc.a(*)

.ARM.attributes
                0x00000000       0x36
 *(.ARM.attributes)
 .ARM.attributes
                0x00000000       0x26 D:/ST/STM32CubeIDE_1.16.1/STM32CubeIDE/plugins/com.st.stm32cube.ide.mcu.externaltools.gnu-tools-for-stm32.12.3.rel1.win32_1.0.200.202406191623/tools/bin/../lib/gcc/arm-none-eabi/12.3.1/thumb/v8-m.main+fp/hard/crti.o
 .ARM.attributes
                0x00000026       0x38 D:/ST/STM32CubeIDE_1.16.1/STM32CubeIDE/plugins/com.st.stm32cube.ide.mcu.externaltools.gnu-tools-for-stm32.12.3.rel1.win32_1.0.200.202406191623/tools/bin/../lib/gcc/arm-none-eabi/12.3.1/thumb/v8-m.main+fp/hard/crtbegin.o
 .ARM.attributes
                0x0000005e       0x3a ./Application/User/Core/app_freertos.o
 .ARM.attributes
                0x00000098       0x3a ./Application/User/Core/main.o
 .ARM.attributes
                0x000000d2       0x3a ./Application/User/Core/stm32h5xx_it.o
 .ARM.attributes
                0x0000010c       0x24 ./Application/User/Startup/startup_stm32h573rivx.o
 .ARM.attributes
                0x00000130       0x3a ./Drivers/CMSIS/system_stm32h5xx.o
 .ARM.attributes
                0x0000016a       0x3a ./Drivers/Device_Driver/GUI.o
 .ARM.attributes
                0x000001a4       0x3a ./Drivers/Device_Driver/SPI.o
 .ARM.attributes
                0x000001de       0x3a ./Drivers/Device_Driver/delay.o
 .ARM.attributes
                0x00000218       0x3a ./Drivers/Device_Driver/lcd.o
 .ARM.attributes
                0x00000252       0x3a ./Drivers/Device_Driver/xpt2046.o
 .ARM.attributes
                0x0000028c       0x3a ./Drivers/STM32H5xx_HAL_Driver/stm32h5xx_ll_dma.o
 .ARM.attributes
                0x000002c6       0x3a ./Drivers/STM32H5xx_HAL_Driver/stm32h5xx_ll_gpio.o
 .ARM.attributes
                0x00000300       0x3a ./Drivers/STM32H5xx_HAL_Driver/stm32h5xx_ll_lpuart.o
 .ARM.attributes
                0x0000033a       0x3a ./Drivers/STM32H5xx_HAL_Driver/stm32h5xx_ll_rcc.o
 .ARM.attributes
                0x00000374       0x3a ./Drivers/STM32H5xx_HAL_Driver/stm32h5xx_ll_spi.o
 .ARM.attributes
                0x000003ae       0x3a ./Drivers/STM32H5xx_HAL_Driver/stm32h5xx_ll_usart.o
 .ARM.attributes
                0x000003e8       0x3a ./Drivers/STM32H5xx_HAL_Driver/stm32h5xx_ll_utils.o
 .ARM.attributes
                0x00000422       0x3a ./Middlewares/RTOS2/CMSIS/RTOS2/Core/TZ_Non_Supported/cmsis_os2.o
 .ARM.attributes
                0x0000045c       0x3a ./Middlewares/RTOS2/CMSIS/RTOS2/Core/TZ_Non_Supported/list.o
 .ARM.attributes
                0x00000496       0x3a ./Middlewares/RTOS2/CMSIS/RTOS2/Core/TZ_Non_Supported/port.o
 .ARM.attributes
                0x000004d0       0x3a ./Middlewares/RTOS2/CMSIS/RTOS2/Core/TZ_Non_Supported/portasm.o
 .ARM.attributes
                0x0000050a       0x3a ./Middlewares/RTOS2/CMSIS/RTOS2/Core/TZ_Non_Supported/queue.o
 .ARM.attributes
                0x00000544       0x3a ./Middlewares/RTOS2/CMSIS/RTOS2/Core/TZ_Non_Supported/tasks.o
 .ARM.attributes
                0x0000057e       0x3a ./Middlewares/RTOS2/CMSIS/RTOS2/Core/TZ_Non_Supported/timers.o
 .ARM.attributes
                0x000005b8       0x3a ./Middlewares/RTOS2/CMSIS/RTOS2/Heap/Heap_4/heap_4.o
 .ARM.attributes
                0x000005f2       0x38 D:/ST/STM32CubeIDE_1.16.1/STM32CubeIDE/plugins/com.st.stm32cube.ide.mcu.externaltools.gnu-tools-for-stm32.12.3.rel1.win32_1.0.200.202406191623/tools/bin/../lib/gcc/arm-none-eabi/12.3.1/../../../../arm-none-eabi/lib/thumb/v8-m.main+fp/hard\libc_nano.a(libc_a-memset.o)
 .ARM.attributes
                0x0000062a       0x38 D:/ST/STM32CubeIDE_1.16.1/STM32CubeIDE/plugins/com.st.stm32cube.ide.mcu.externaltools.gnu-tools-for-stm32.12.3.rel1.win32_1.0.200.202406191623/tools/bin/../lib/gcc/arm-none-eabi/12.3.1/../../../../arm-none-eabi/lib/thumb/v8-m.main+fp/hard\libc_nano.a(libc_a-init.o)
 .ARM.attributes
                0x00000662       0x38 D:/ST/STM32CubeIDE_1.16.1/STM32CubeIDE/plugins/com.st.stm32cube.ide.mcu.externaltools.gnu-tools-for-stm32.12.3.rel1.win32_1.0.200.202406191623/tools/bin/../lib/gcc/arm-none-eabi/12.3.1/../../../../arm-none-eabi/lib/thumb/v8-m.main+fp/hard\libc_nano.a(libc_a-memcpy-stub.o)
 .ARM.attributes
                0x0000069a       0x26 D:/ST/STM32CubeIDE_1.16.1/STM32CubeIDE/plugins/com.st.stm32cube.ide.mcu.externaltools.gnu-tools-for-stm32.12.3.rel1.win32_1.0.200.202406191623/tools/bin/../lib/gcc/arm-none-eabi/12.3.1/thumb/v8-m.main+fp/hard\libgcc.a(_aeabi_uldivmod.o)
 .ARM.attributes
                0x000006c0       0x38 D:/ST/STM32CubeIDE_1.16.1/STM32CubeIDE/plugins/com.st.stm32cube.ide.mcu.externaltools.gnu-tools-for-stm32.12.3.rel1.win32_1.0.200.202406191623/tools/bin/../lib/gcc/arm-none-eabi/12.3.1/thumb/v8-m.main+fp/hard\libgcc.a(_udivmoddi4.o)
 .ARM.attributes
                0x000006f8       0x26 D:/ST/STM32CubeIDE_1.16.1/STM32CubeIDE/plugins/com.st.stm32cube.ide.mcu.externaltools.gnu-tools-for-stm32.12.3.rel1.win32_1.0.200.202406191623/tools/bin/../lib/gcc/arm-none-eabi/12.3.1/thumb/v8-m.main+fp/hard\libgcc.a(_dvmd_tls.o)
 .ARM.attributes
                0x0000071e       0x26 D:/ST/STM32CubeIDE_1.16.1/STM32CubeIDE/plugins/com.st.stm32cube.ide.mcu.externaltools.gnu-tools-for-stm32.12.3.rel1.win32_1.0.200.202406191623/tools/bin/../lib/gcc/arm-none-eabi/12.3.1/thumb/v8-m.main+fp/hard/crtn.o
OUTPUT(Table_Tester_PRS20.elf elf32-littlearm)
LOAD linker stubs
LOAD D:/ST/STM32CubeIDE_1.16.1/STM32CubeIDE/plugins/com.st.stm32cube.ide.mcu.externaltools.gnu-tools-for-stm32.12.3.rel1.win32_1.0.200.202406191623/tools/bin/../lib/gcc/arm-none-eabi/12.3.1/../../../../arm-none-eabi/lib/thumb/v8-m.main+fp/hard\libc.a
LOAD D:/ST/STM32CubeIDE_1.16.1/STM32CubeIDE/plugins/com.st.stm32cube.ide.mcu.externaltools.gnu-tools-for-stm32.12.3.rel1.win32_1.0.200.202406191623/tools/bin/../lib/gcc/arm-none-eabi/12.3.1/../../../../arm-none-eabi/lib/thumb/v8-m.main+fp/hard\libm.a
LOAD D:/ST/STM32CubeIDE_1.16.1/STM32CubeIDE/plugins/com.st.stm32cube.ide.mcu.externaltools.gnu-tools-for-stm32.12.3.rel1.win32_1.0.200.202406191623/tools/bin/../lib/gcc/arm-none-eabi/12.3.1/thumb/v8-m.main+fp/hard\libgcc.a

.debug_info     0x00000000    0x15b6f
 .debug_info    0x00000000      0x8a3 ./Application/User/Core/app_freertos.o
 .debug_info    0x000008a3     0x2f10 ./Application/User/Core/main.o
 .debug_info    0x000037b3      0x5e8 ./Application/User/Core/stm32h5xx_it.o
 .debug_info    0x00003d9b       0x30 ./Application/User/Startup/startup_stm32h573rivx.o
 .debug_info    0x00003dcb      0xd8e ./Drivers/CMSIS/system_stm32h5xx.o
 .debug_info    0x00004b59      0xe0c ./Drivers/Device_Driver/GUI.o
 .debug_info    0x00005965      0x403 ./Drivers/Device_Driver/SPI.o
 .debug_info    0x00005d68      0x1b1 ./Drivers/Device_Driver/delay.o
 .debug_info    0x00005f19      0x50d ./Drivers/Device_Driver/lcd.o
 .debug_info    0x00006426      0xb87 ./Drivers/Device_Driver/xpt2046.o
 .debug_info    0x00006fad     0x13b1 ./Drivers/STM32H5xx_HAL_Driver/stm32h5xx_ll_dma.o
 .debug_info    0x0000835e      0xb0f ./Drivers/STM32H5xx_HAL_Driver/stm32h5xx_ll_gpio.o
 .debug_info    0x00008e6d      0x7b8 ./Drivers/STM32H5xx_HAL_Driver/stm32h5xx_ll_lpuart.o
 .debug_info    0x00009625     0x1418 ./Drivers/STM32H5xx_HAL_Driver/stm32h5xx_ll_rcc.o
 .debug_info    0x0000aa3d      0xa4a ./Drivers/STM32H5xx_HAL_Driver/stm32h5xx_ll_spi.o
 .debug_info    0x0000b487      0x969 ./Drivers/STM32H5xx_HAL_Driver/stm32h5xx_ll_usart.o
 .debug_info    0x0000bdf0     0x1216 ./Drivers/STM32H5xx_HAL_Driver/stm32h5xx_ll_utils.o
 .debug_info    0x0000d006     0x3732 ./Middlewares/RTOS2/CMSIS/RTOS2/Core/TZ_Non_Supported/cmsis_os2.o
 .debug_info    0x00010738      0x2af ./Middlewares/RTOS2/CMSIS/RTOS2/Core/TZ_Non_Supported/list.o
 .debug_info    0x000109e7      0x2eb ./Middlewares/RTOS2/CMSIS/RTOS2/Core/TZ_Non_Supported/port.o
 .debug_info    0x00010cd2      0x14e ./Middlewares/RTOS2/CMSIS/RTOS2/Core/TZ_Non_Supported/portasm.o
 .debug_info    0x00010e20     0x15db ./Middlewares/RTOS2/CMSIS/RTOS2/Core/TZ_Non_Supported/queue.o
 .debug_info    0x000123fb     0x2012 ./Middlewares/RTOS2/CMSIS/RTOS2/Core/TZ_Non_Supported/tasks.o
 .debug_info    0x0001440d     0x12bc ./Middlewares/RTOS2/CMSIS/RTOS2/Core/TZ_Non_Supported/timers.o
 .debug_info    0x000156c9      0x4a6 ./Middlewares/RTOS2/CMSIS/RTOS2/Heap/Heap_4/heap_4.o

.debug_abbrev   0x00000000     0x3606
 .debug_abbrev  0x00000000      0x281 ./Application/User/Core/app_freertos.o
 .debug_abbrev  0x00000281      0x3c6 ./Application/User/Core/main.o
 .debug_abbrev  0x00000647      0x165 ./Application/User/Core/stm32h5xx_it.o
 .debug_abbrev  0x000007ac       0x24 ./Application/User/Startup/startup_stm32h573rivx.o
 .debug_abbrev  0x000007d0      0x13a ./Drivers/CMSIS/system_stm32h5xx.o
 .debug_abbrev  0x0000090a      0x278 ./Drivers/Device_Driver/GUI.o
 .debug_abbrev  0x00000b82      0x189 ./Drivers/Device_Driver/SPI.o
 .debug_abbrev  0x00000d0b      0x10f ./Drivers/Device_Driver/delay.o
 .debug_abbrev  0x00000e1a      0x237 ./Drivers/Device_Driver/lcd.o
 .debug_abbrev  0x00001051      0x2e3 ./Drivers/Device_Driver/xpt2046.o
 .debug_abbrev  0x00001334      0x1d7 ./Drivers/STM32H5xx_HAL_Driver/stm32h5xx_ll_dma.o
 .debug_abbrev  0x0000150b      0x25d ./Drivers/STM32H5xx_HAL_Driver/stm32h5xx_ll_gpio.o
 .debug_abbrev  0x00001768      0x1e3 ./Drivers/STM32H5xx_HAL_Driver/stm32h5xx_ll_lpuart.o
 .debug_abbrev  0x0000194b      0x241 ./Drivers/STM32H5xx_HAL_Driver/stm32h5xx_ll_rcc.o
 .debug_abbrev  0x00001b8c      0x235 ./Drivers/STM32H5xx_HAL_Driver/stm32h5xx_ll_spi.o
 .debug_abbrev  0x00001dc1      0x1fd ./Drivers/STM32H5xx_HAL_Driver/stm32h5xx_ll_usart.o
 .debug_abbrev  0x00001fbe      0x28c ./Drivers/STM32H5xx_HAL_Driver/stm32h5xx_ll_utils.o
 .debug_abbrev  0x0000224a      0x4ed ./Middlewares/RTOS2/CMSIS/RTOS2/Core/TZ_Non_Supported/cmsis_os2.o
 .debug_abbrev  0x00002737       0xf5 ./Middlewares/RTOS2/CMSIS/RTOS2/Core/TZ_Non_Supported/list.o
 .debug_abbrev  0x0000282c      0x1a5 ./Middlewares/RTOS2/CMSIS/RTOS2/Core/TZ_Non_Supported/port.o
 .debug_abbrev  0x000029d1       0xb7 ./Middlewares/RTOS2/CMSIS/RTOS2/Core/TZ_Non_Supported/portasm.o
 .debug_abbrev  0x00002a88      0x326 ./Middlewares/RTOS2/CMSIS/RTOS2/Core/TZ_Non_Supported/queue.o
 .debug_abbrev  0x00002dae      0x32a ./Middlewares/RTOS2/CMSIS/RTOS2/Core/TZ_Non_Supported/tasks.o
 .debug_abbrev  0x000030d8      0x326 ./Middlewares/RTOS2/CMSIS/RTOS2/Core/TZ_Non_Supported/timers.o
 .debug_abbrev  0x000033fe      0x208 ./Middlewares/RTOS2/CMSIS/RTOS2/Heap/Heap_4/heap_4.o

.debug_aranges  0x00000000     0x1718
 .debug_aranges
                0x00000000       0x30 ./Application/User/Core/app_freertos.o
 .debug_aranges
                0x00000030      0x2d8 ./Application/User/Core/main.o
 .debug_aranges
                0x00000308       0xa0 ./Application/User/Core/stm32h5xx_it.o
 .debug_aranges
                0x000003a8       0x28 ./Application/User/Startup/startup_stm32h573rivx.o
 .debug_aranges
                0x000003d0       0x28 ./Drivers/CMSIS/system_stm32h5xx.o
 .debug_aranges
                0x000003f8       0xb8 ./Drivers/Device_Driver/GUI.o
 .debug_aranges
                0x000004b0       0x78 ./Drivers/Device_Driver/SPI.o
 .debug_aranges
                0x00000528       0x38 ./Drivers/Device_Driver/delay.o
 .debug_aranges
                0x00000560       0x90 ./Drivers/Device_Driver/lcd.o
 .debug_aranges
                0x000005f0       0xf0 ./Drivers/Device_Driver/xpt2046.o
 .debug_aranges
                0x000006e0      0x110 ./Drivers/STM32H5xx_HAL_Driver/stm32h5xx_ll_dma.o
 .debug_aranges
                0x000007f0       0x70 ./Drivers/STM32H5xx_HAL_Driver/stm32h5xx_ll_gpio.o
 .debug_aranges
                0x00000860       0x68 ./Drivers/STM32H5xx_HAL_Driver/stm32h5xx_ll_lpuart.o
 .debug_aranges
                0x000008c8      0x328 ./Drivers/STM32H5xx_HAL_Driver/stm32h5xx_ll_rcc.o
 .debug_aranges
                0x00000bf0       0xa0 ./Drivers/STM32H5xx_HAL_Driver/stm32h5xx_ll_spi.o
 .debug_aranges
                0x00000c90       0x98 ./Drivers/STM32H5xx_HAL_Driver/stm32h5xx_ll_usart.o
 .debug_aranges
                0x00000d28      0x168 ./Drivers/STM32H5xx_HAL_Driver/stm32h5xx_ll_utils.o
 .debug_aranges
                0x00000e90      0x2b8 ./Middlewares/RTOS2/CMSIS/RTOS2/Core/TZ_Non_Supported/cmsis_os2.o
 .debug_aranges
                0x00001148       0x40 ./Middlewares/RTOS2/CMSIS/RTOS2/Core/TZ_Non_Supported/list.o
 .debug_aranges
                0x00001188       0x70 ./Middlewares/RTOS2/CMSIS/RTOS2/Core/TZ_Non_Supported/port.o
 .debug_aranges
                0x000011f8       0x60 ./Middlewares/RTOS2/CMSIS/RTOS2/Core/TZ_Non_Supported/portasm.o
 .debug_aranges
                0x00001258      0x158 ./Middlewares/RTOS2/CMSIS/RTOS2/Core/TZ_Non_Supported/queue.o
 .debug_aranges
                0x000013b0      0x208 ./Middlewares/RTOS2/CMSIS/RTOS2/Core/TZ_Non_Supported/tasks.o
 .debug_aranges
                0x000015b8      0x100 ./Middlewares/RTOS2/CMSIS/RTOS2/Core/TZ_Non_Supported/timers.o
 .debug_aranges
                0x000016b8       0x60 ./Middlewares/RTOS2/CMSIS/RTOS2/Heap/Heap_4/heap_4.o

.debug_rnglists