../../Drivers/STM32H5xx_HAL_Driver/Inc/stm32h5xx_ll_usart.h:660:26:LL_USART_IsEnabled	16	static
../../Drivers/STM32H5xx_HAL_Driver/Inc/stm32h5xx_ll_usart.h:1226:22:LL_USART_SetPrescaler	16	static
../../Drivers/STM32H5xx_HAL_Driver/Inc/stm32h5xx_ll_usart.h:1306:22:LL_USART_SetStopBitsLength	16	static
../../Drivers/STM32H5xx_HAL_Driver/Inc/stm32h5xx_ll_usart.h:1731:22:LL_USART_SetHWFlowCtrl	16	static
../../Drivers/STM32H5xx_HAL_Driver/Inc/stm32h5xx_ll_usart.h:1882:22:LL_USART_SetBaudRate	32	static
../../Drivers/STM32H5xx_HAL_Driver/Inc/stm32h5xx_ll_bus.h:1781:22:LL_APB1_GRP1_ForceReset	16	static
../../Drivers/STM32H5xx_HAL_Driver/Inc/stm32h5xx_ll_bus.h:1806:22:LL_APB1_GRP2_ForceReset	16	static
../../Drivers/STM32H5xx_HAL_Driver/Inc/stm32h5xx_ll_bus.h:1868:22:LL_APB1_GRP1_ReleaseReset	16	static
../../Drivers/STM32H5xx_HAL_Driver/Inc/stm32h5xx_ll_bus.h:1893:22:LL_APB1_GRP2_ReleaseReset	16	static
../../Drivers/STM32H5xx_HAL_Driver/Inc/stm32h5xx_ll_bus.h:2333:22:LL_APB2_GRP1_ForceReset	16	static
../../Drivers/STM32H5xx_HAL_Driver/Inc/stm32h5xx_ll_bus.h:2370:22:LL_APB2_GRP1_ReleaseReset	16	static
C:/Users/IRIAF-Jahad/Desktop/Table_Tester/Table_Tester_PRS20/Drivers/STM32H5xx_HAL_Driver/Src/stm32h5xx_ll_usart.c:140:13:LL_USART_DeInit	24	static
C:/Users/IRIAF-Jahad/Desktop/Table_Tester/Table_Tester_PRS20/Drivers/STM32H5xx_HAL_Driver/Src/stm32h5xx_ll_usart.c:283:13:LL_USART_Init	32	static
C:/Users/IRIAF-Jahad/Desktop/Table_Tester/Table_Tester_PRS20/Drivers/STM32H5xx_HAL_Driver/Src/stm32h5xx_ll_usart.c:441:6:LL_USART_StructInit	16	static
C:/Users/IRIAF-Jahad/Desktop/Table_Tester/Table_Tester_PRS20/Drivers/STM32H5xx_HAL_Driver/Src/stm32h5xx_ll_usart.c:468:13:LL_USART_ClockInit	24	static
C:/Users/IRIAF-Jahad/Desktop/Table_Tester/Table_Tester_PRS20/Drivers/STM32H5xx_HAL_Driver/Src/stm32h5xx_ll_usart.c:515:6:LL_USART_ClockStructInit	16	static
