../../Drivers/STM32H5xx_HAL_Driver/Inc/stm32h5xx_ll_gpio.h:894:22:LL_GPIO_SetOutputPin	16	static
../../Drivers/STM32H5xx_HAL_Driver/Inc/stm32h5xx_ll_gpio.h:923:22:LL_GPIO_ResetOutputPin	16	static
../Drivers/Device_Driver/lcd.c:76:6:LCD_WR_REG	16	static
../Drivers/Device_Driver/lcd.c:91:6:LCD_WR_DATA	16	static
../Drivers/Device_Driver/lcd.c:107:6:LCD_WriteReg	16	static
../Drivers/Device_Driver/lcd.c:120:6:LCD_WriteRAM_Prepare	8	static
../Drivers/Device_Driver/lcd.c:132:6:Lcd_WriteData_16Bit	16	static
../Drivers/Device_Driver/lcd.c:150:6:LCD_DrawPoint	16	static
../Drivers/Device_Driver/lcd.c:163:6:LCD_Clear	24	static
../Drivers/Device_Driver/lcd.c:186:6:LCD_GPIOInit	4	static
../Drivers/Device_Driver/lcd.c:209:6:LCD_RESET	8	static
../Drivers/Device_Driver/lcd.c:224:6:LCD_Init	8	static
../Drivers/Device_Driver/lcd.c:339:6:LCD_SetWindows	24	static
../Drivers/Device_Driver/lcd.c:364:6:LCD_SetCursor	16	static
../Drivers/Device_Driver/lcd.c:379:6:LCD_direction	16	static
