../../Drivers/STM32H5xx_HAL_Driver/Inc/stm32h5xx_ll_spi.h:543:22:LL_SPI_Enable	16	static
../../Drivers/STM32H5xx_HAL_Driver/Inc/stm32h5xx_ll_spi.h:555:22:LL_SPI_Disable	16	static
../../Drivers/STM32H5xx_HAL_Driver/Inc/stm32h5xx_ll_spi.h:960:22:LL_SPI_StartMasterTransfer	16	static
../../Drivers/STM32H5xx_HAL_Driver/Inc/stm32h5xx_ll_spi.h:1333:22:LL_SPI_SetDataWidth	16	static
../../Drivers/STM32H5xx_HAL_Driver/Inc/stm32h5xx_ll_spi.h:1645:26:LL_SPI_IsActiveFlag_TXP	16	static
../../Drivers/STM32H5xx_HAL_Driver/Inc/stm32h5xx_ll_spi.h:1755:26:LL_SPI_IsActiveFlag_TXC	16	static
../../Drivers/STM32H5xx_HAL_Driver/Inc/stm32h5xx_ll_spi.h:1803:22:LL_SPI_ClearFlag_EOT	16	static
../../Drivers/STM32H5xx_HAL_Driver/Inc/stm32h5xx_ll_spi.h:2370:22:LL_SPI_TransmitData8	16	static
../../Drivers/STM32H5xx_HAL_Driver/Inc/stm32h5xx_ll_spi.h:2382:22:LL_SPI_TransmitData16	24	static
../Drivers/Device_Driver/SPI.c:66:4:SPI_WriteByte	24	static,ignoring_inline_asm
../Drivers/Device_Driver/SPI.c:118:6:SPI5_Init	4	static
../Drivers/Device_Driver/SPI.c:162:4:SPI_WriteByte_16	24	static,ignoring_inline_asm
