../../Drivers/STM32H5xx_HAL_Driver/Inc/stm32h5xx_ll_gpio.h:813:26:LL_GPIO_IsInputPinSet	16	static
../../Drivers/STM32H5xx_HAL_Driver/Inc/stm32h5xx_ll_gpio.h:894:22:LL_GPIO_SetOutputPin	16	static
../../Drivers/STM32H5xx_HAL_Driver/Inc/stm32h5xx_ll_gpio.h:923:22:LL_GPIO_ResetOutputPin	16	static
../../Drivers/STM32H5xx_HAL_Driver/Inc/stm32h5xx_ll_spi.h:543:22:LL_SPI_Enable	16	static
../../Drivers/STM32H5xx_HAL_Driver/Inc/stm32h5xx_ll_spi.h:555:22:LL_SPI_Disable	16	static
../../Drivers/STM32H5xx_HAL_Driver/Inc/stm32h5xx_ll_spi.h:960:22:LL_SPI_StartMasterTransfer	16	static
../../Drivers/STM32H5xx_HAL_Driver/Inc/stm32h5xx_ll_spi.h:1333:22:LL_SPI_SetDataWidth	16	static
../../Drivers/STM32H5xx_HAL_Driver/Inc/stm32h5xx_ll_spi.h:1634:26:LL_SPI_IsActiveFlag_RXP	16	static
../../Drivers/STM32H5xx_HAL_Driver/Inc/stm32h5xx_ll_spi.h:1645:26:LL_SPI_IsActiveFlag_TXP	16	static
../../Drivers/STM32H5xx_HAL_Driver/Inc/stm32h5xx_ll_spi.h:1755:26:LL_SPI_IsActiveFlag_TXC	16	static
../../Drivers/STM32H5xx_HAL_Driver/Inc/stm32h5xx_ll_spi.h:1803:22:LL_SPI_ClearFlag_EOT	16	static
../../Drivers/STM32H5xx_HAL_Driver/Inc/stm32h5xx_ll_spi.h:2331:25:LL_SPI_ReceiveData8	16	static
../../Drivers/STM32H5xx_HAL_Driver/Inc/stm32h5xx_ll_spi.h:2370:22:LL_SPI_TransmitData8	16	static
../Drivers/Device_Driver/xpt2046.c:38:13:delay_nus	24	static
../Drivers/Device_Driver/xpt2046.c:50:6:xpt2046_init	4	static
../Drivers/Device_Driver/xpt2046.c:107:5:getDisplayPoint	24	static
../Drivers/Device_Driver/xpt2046.c:133:5:perform_calibration	88	static
../Drivers/Device_Driver/xpt2046.c:195:6:ts_calibrate	32	static
../Drivers/Device_Driver/xpt2046.c:267:6:ts_draw_cross	32	static
../Drivers/Device_Driver/xpt2046.c:306:6:ts_draw_point	24	static
../Drivers/Device_Driver/xpt2046.c:340:15:WR_CMD	24	static,ignoring_inline_asm
../Drivers/Device_Driver/xpt2046.c:373:16:RD_AD	16	static
../Drivers/Device_Driver/xpt2046.c:390:16:Read_X	16	static
../Drivers/Device_Driver/xpt2046.c:403:16:Read_Y	16	static
../Drivers/Device_Driver/xpt2046.c:416:6:TP_GetAdXY	24	static
../Drivers/Device_Driver/xpt2046.c:428:13:Read_Value	128	static
../Drivers/Device_Driver/xpt2046.c:511:9:TS_Touched	8	static
