../../Drivers/STM32H5xx_HAL_Driver/Inc/stm32h5xx_ll_gpio.h:865:26:LL_GPIO_IsOutputPinSet	16	static
../../Drivers/STM32H5xx_HAL_Driver/Inc/stm32h5xx_ll_gpio.h:894:22:LL_GPIO_SetOutputPin	16	static
../../Drivers/STM32H5xx_HAL_Driver/Inc/stm32h5xx_ll_gpio.h:923:22:LL_GPIO_ResetOutputPin	16	static
../../Drivers/STM32H5xx_HAL_Driver/Inc/stm32h5xx_ll_crc.h:156:22:LL_CRC_ResetCRCCalculationUnit	16	static
../../Drivers/STM32H5xx_HAL_Driver/Inc/stm32h5xx_ll_crc.h:351:22:LL_CRC_FeedData8	16	static
../../Drivers/STM32H5xx_HAL_Driver/Inc/stm32h5xx_ll_crc.h:374:26:LL_CRC_ReadData16	16	static
../Application/User/Table_Tester/Table_Tester_App.c:94:6:Power27V_Switch	16	static
../Application/User/Table_Tester/Table_Tester_App.c:100:6:Power27V_Status	8	static
../Application/User/Table_Tester/Table_Tester_App.c:105:6:Message_Maker	40	static
