C:/Users/IRIAF-Jahad/Desktop/Table_Tester/Table_Tester_PRS20/Middlewares/ST/STM32_USB_Device_Library/Class/CDC/Src/usbd_cdc_if.c:171:15:CDC_Init_FS	8	static
C:/Users/IRIAF-Jahad/Desktop/Table_Tester/Table_Tester_PRS20/Middlewares/ST/STM32_USB_Device_Library/Class/CDC/Src/usbd_cdc_if.c:195:15:CDC_DeInit_FS	4	static
C:/Users/IRIAF-Jahad/Desktop/Table_Tester/Table_Tester_PRS20/Middlewares/ST/STM32_USB_Device_Library/Class/CDC/Src/usbd_cdc_if.c:215:15:CDC_Control_FS	16	static
C:/Users/IRIAF-Jahad/Desktop/Table_Tester/Table_Tester_PRS20/Middlewares/ST/STM32_USB_Device_Library/Class/CDC/Src/usbd_cdc_if.c:292:15:CDC_Receive_FS	16	static
C:/Users/IRIAF-Jahad/Desktop/Table_Tester/Table_Tester_PRS20/Middlewares/ST/STM32_USB_Device_Library/Class/CDC/Src/usbd_cdc_if.c:311:9:CDC_Transmit_FS	24	static
C:/Users/IRIAF-Jahad/Desktop/Table_Tester/Table_Tester_PRS20/Middlewares/ST/STM32_USB_Device_Library/Class/CDC/Src/usbd_cdc_if.c:338:15:CDC_TransmitCplt_FS	32	static
C:/Users/IRIAF-Jahad/Desktop/Table_Tester/Table_Tester_PRS20/Middlewares/ST/STM32_USB_Device_Library/Class/CDC/Src/usbd_cdc_if.c:368:13:ComPort_Config	4	static
C:/Users/IRIAF-Jahad/Desktop/Table_Tester/Table_Tester_PRS20/Middlewares/ST/STM32_USB_Device_Library/Class/CDC/Src/usbd_cdc_if.c:450:6:TIM_Config	4	static
C:/Users/IRIAF-Jahad/Desktop/Table_Tester/Table_Tester_PRS20/Middlewares/ST/STM32_USB_Device_Library/Class/CDC/Src/usbd_cdc_if.c:527:6:Ali_USB	16	static
