../../Drivers/CMSIS/Include/core_cm33.h:2359:22:__NVIC_SetPriorityGrouping	24	static
../../Drivers/CMSIS/Include/core_cm33.h:2378:26:__NVIC_GetPriorityGrouping	4	static
../../Drivers/CMSIS/Include/core_cm33.h:2390:22:__NVIC_EnableIRQ	16	static,ignoring_inline_asm
../../Drivers/CMSIS/Include/core_cm33.h:2587:22:__NVIC_SetPriority	16	static
../../Drivers/CMSIS/Include/core_cm33.h:2634:26:NVIC_EncodePriority	40	static
../../Drivers/STM32H5xx_HAL_Driver/Inc/stm32h5xx_ll_dma.h:1643:22:LL_DMA_EnableChannel	24	static
../../Drivers/STM32H5xx_HAL_Driver/Inc/stm32h5xx_ll_dma.h:5978:22:LL_DMA_EnableIT_TC	24	static
../../Drivers/STM32H5xx_HAL_Driver/Inc/stm32h5xx_ll_lpuart.h:495:22:LL_LPUART_Enable	16	static
../../Drivers/STM32H5xx_HAL_Driver/Inc/stm32h5xx_ll_lpuart.h:547:22:LL_LPUART_DisableFIFO	16	static
../../Drivers/STM32H5xx_HAL_Driver/Inc/stm32h5xx_ll_lpuart.h:576:22:LL_LPUART_SetTXFIFOThreshold	40	static,ignoring_inline_asm
../../Drivers/STM32H5xx_HAL_Driver/Inc/stm32h5xx_ll_lpuart.h:611:22:LL_LPUART_SetRXFIFOThreshold	40	static,ignoring_inline_asm
../../Drivers/STM32H5xx_HAL_Driver/Inc/stm32h5xx_ll_lpuart.h:1296:22:LL_LPUART_DisableOverrunDetect	16	static
../../Drivers/STM32H5xx_HAL_Driver/Inc/stm32h5xx_ll_rcc.h:1538:22:LL_RCC_HSE_EnableBypass	4	static
../../Drivers/STM32H5xx_HAL_Driver/Inc/stm32h5xx_ll_rcc.h:1558:22:LL_RCC_HSE_Enable	4	static
../../Drivers/STM32H5xx_HAL_Driver/Inc/stm32h5xx_ll_rcc.h:1578:26:LL_RCC_HSE_IsReady	4	static
../../Drivers/STM32H5xx_HAL_Driver/Inc/stm32h5xx_ll_rcc.h:1592:22:LL_RCC_HSE_SetExternalClockType	16	static
../../Drivers/STM32H5xx_HAL_Driver/Inc/stm32h5xx_ll_rcc.h:2164:22:LL_RCC_SetSysClkSource	16	static
../../Drivers/STM32H5xx_HAL_Driver/Inc/stm32h5xx_ll_rcc.h:2178:26:LL_RCC_GetSysClkSource	4	static
../../Drivers/STM32H5xx_HAL_Driver/Inc/stm32h5xx_ll_rcc.h:2198:22:LL_RCC_SetAHBPrescaler	16	static
../../Drivers/STM32H5xx_HAL_Driver/Inc/stm32h5xx_ll_rcc.h:2228:22:LL_RCC_SetAPB1Prescaler	16	static
../../Drivers/STM32H5xx_HAL_Driver/Inc/stm32h5xx_ll_rcc.h:2244:22:LL_RCC_SetAPB2Prescaler	16	static
../../Drivers/STM32H5xx_HAL_Driver/Inc/stm32h5xx_ll_rcc.h:2260:22:LL_RCC_SetAPB3Prescaler	16	static
../../Drivers/STM32H5xx_HAL_Driver/Inc/stm32h5xx_ll_rcc.h:2640:22:LL_RCC_SetClockSource	24	static
../../Drivers/STM32H5xx_HAL_Driver/Inc/stm32h5xx_ll_rcc.h:2696:22:LL_RCC_SetUSARTClockSource	16	static
../../Drivers/STM32H5xx_HAL_Driver/Inc/stm32h5xx_ll_rcc.h:2749:22:LL_RCC_SetUARTClockSource	16	static
../../Drivers/STM32H5xx_HAL_Driver/Inc/stm32h5xx_ll_rcc.h:2769:22:LL_RCC_SetLPUARTClockSource	16	static
../../Drivers/STM32H5xx_HAL_Driver/Inc/stm32h5xx_ll_rcc.h:2878:22:LL_RCC_SetSPIClockSource	16	static
../../Drivers/STM32H5xx_HAL_Driver/Inc/stm32h5xx_ll_rcc.h:4180:22:LL_RCC_PLL1_Enable	4	static
../../Drivers/STM32H5xx_HAL_Driver/Inc/stm32h5xx_ll_rcc.h:4201:26:LL_RCC_PLL1_IsReady	4	static
../../Drivers/STM32H5xx_HAL_Driver/Inc/stm32h5xx_ll_rcc.h:4212:22:LL_RCC_PLL1P_Enable	4	static
../../Drivers/STM32H5xx_HAL_Driver/Inc/stm32h5xx_ll_rcc.h:4339:22:LL_RCC_PLL1_SetSource	16	static
../../Drivers/STM32H5xx_HAL_Driver/Inc/stm32h5xx_ll_rcc.h:4363:22:LL_RCC_PLL1_SetN	16	static
../../Drivers/STM32H5xx_HAL_Driver/Inc/stm32h5xx_ll_rcc.h:4384:22:LL_RCC_PLL1_SetP	16	static
../../Drivers/STM32H5xx_HAL_Driver/Inc/stm32h5xx_ll_rcc.h:4407:22:LL_RCC_PLL1_SetQ	16	static
../../Drivers/STM32H5xx_HAL_Driver/Inc/stm32h5xx_ll_rcc.h:4429:22:LL_RCC_PLL1_SetR	16	static
../../Drivers/STM32H5xx_HAL_Driver/Inc/stm32h5xx_ll_rcc.h:4450:22:LL_RCC_PLL1_SetM	16	static
../../Drivers/STM32H5xx_HAL_Driver/Inc/stm32h5xx_ll_rcc.h:4526:22:LL_RCC_PLL1_SetVCOInputRange	16	static
../../Drivers/STM32H5xx_HAL_Driver/Inc/stm32h5xx_ll_rcc.h:4540:22:LL_RCC_PLL1_SetVCOOutputRange	16	static
../../Drivers/STM32H5xx_HAL_Driver/Inc/stm32h5xx_ll_rcc.h:4558:22:LL_RCC_PLL2_Enable	4	static
../../Drivers/STM32H5xx_HAL_Driver/Inc/stm32h5xx_ll_rcc.h:4578:26:LL_RCC_PLL2_IsReady	4	static
../../Drivers/STM32H5xx_HAL_Driver/Inc/stm32h5xx_ll_rcc.h:4593:22:LL_RCC_PLL2_SetSource	16	static
../../Drivers/STM32H5xx_HAL_Driver/Inc/stm32h5xx_ll_rcc.h:4618:22:LL_RCC_PLL2_SetM	16	static
../../Drivers/STM32H5xx_HAL_Driver/Inc/stm32h5xx_ll_rcc.h:4638:22:LL_RCC_PLL2_SetN	16	static
../../Drivers/STM32H5xx_HAL_Driver/Inc/stm32h5xx_ll_rcc.h:4659:22:LL_RCC_PLL2_SetP	16	static
../../Drivers/STM32H5xx_HAL_Driver/Inc/stm32h5xx_ll_rcc.h:4682:22:LL_RCC_PLL2_SetQ	16	static
../../Drivers/STM32H5xx_HAL_Driver/Inc/stm32h5xx_ll_rcc.h:4704:23:LL_RCC_PLL2_SetR	16	static
../../Drivers/STM32H5xx_HAL_Driver/Inc/stm32h5xx_ll_rcc.h:4725:22:LL_RCC_PLL2P_Enable	4	static
../../Drivers/STM32H5xx_HAL_Driver/Inc/stm32h5xx_ll_rcc.h:4877:22:LL_RCC_PLL2_SetVCOInputRange	16	static
../../Drivers/STM32H5xx_HAL_Driver/Inc/stm32h5xx_ll_rcc.h:4891:22:LL_RCC_PLL2_SetVCOOutputRange	16	static
../../Drivers/STM32H5xx_HAL_Driver/Inc/stm32h5xx_ll_pwr.h:704:22:LL_PWR_SetRegulVoltageScaling	16	static
../../Drivers/STM32H5xx_HAL_Driver/Inc/stm32h5xx_ll_pwr.h:951:22:LL_PWR_DisableUCPDDeadBattery	4	static
../../Drivers/STM32H5xx_HAL_Driver/Inc/stm32h5xx_ll_pwr.h:1534:26:LL_PWR_IsActiveFlag_VOS	4	static
../../Drivers/STM32H5xx_HAL_Driver/Inc/stm32h5xx_ll_bus.h:560:22:LL_AHB1_GRP1_EnableClock	24	static
../../Drivers/STM32H5xx_HAL_Driver/Inc/stm32h5xx_ll_bus.h:889:22:LL_AHB2_GRP1_EnableClock	24	static
../../Drivers/STM32H5xx_HAL_Driver/Inc/stm32h5xx_ll_bus.h:1507:22:LL_APB1_GRP1_EnableClock	24	static
../../Drivers/STM32H5xx_HAL_Driver/Inc/stm32h5xx_ll_bus.h:2216:22:LL_APB2_GRP1_EnableClock	24	static
../../Drivers/STM32H5xx_HAL_Driver/Inc/stm32h5xx_ll_bus.h:2531:22:LL_APB3_GRP1_EnableClock	24	static
../../Drivers/STM32H5xx_HAL_Driver/Inc/stm32h5xx_ll_system.h:1706:22:LL_FLASH_SetLatency	16	static
../../Drivers/STM32H5xx_HAL_Driver/Inc/stm32h5xx_ll_system.h:1732:26:LL_FLASH_GetLatency	4	static
../../Drivers/STM32H5xx_HAL_Driver/Inc/stm32h5xx_ll_spi.h:1048:22:LL_SPI_SetStandard	16	static
../../Drivers/STM32H5xx_HAL_Driver/Inc/stm32h5xx_ll_spi.h:1402:22:LL_SPI_SetFIFOThreshold	16	static
../../Drivers/STM32H5xx_HAL_Driver/Inc/stm32h5xx_ll_spi.h:1591:22:LL_SPI_EnableNSSPulseMgt	16	static
../../Drivers/STM32H5xx_HAL_Driver/Inc/stm32h5xx_ll_usart.h:635:22:LL_USART_Enable	16	static
../../Drivers/STM32H5xx_HAL_Driver/Inc/stm32h5xx_ll_usart.h:686:22:LL_USART_DisableFIFO	16	static
../../Drivers/STM32H5xx_HAL_Driver/Inc/stm32h5xx_ll_usart.h:719:22:LL_USART_SetTXFIFOThreshold	40	static,ignoring_inline_asm
../../Drivers/STM32H5xx_HAL_Driver/Inc/stm32h5xx_ll_usart.h:758:22:LL_USART_SetRXFIFOThreshold	40	static,ignoring_inline_asm
../../Drivers/STM32H5xx_HAL_Driver/Inc/stm32h5xx_ll_usart.h:1804:22:LL_USART_DisableOverrunDetect	16	static
../../Drivers/STM32H5xx_HAL_Driver/Inc/stm32h5xx_ll_usart.h:2674:22:LL_USART_ConfigAsyncMode	16	static
../../Drivers/STM32H5xx_HAL_Driver/Inc/stm32h5xx_ll_usart.h:4117:22:LL_USART_EnableDMAReq_RX	40	static,ignoring_inline_asm
../../Drivers/STM32H5xx_HAL_Driver/Inc/stm32h5xx_ll_usart.h:4220:26:LL_USART_DMA_GetRegAddr	24	static
../../Drivers/STM32H5xx_HAL_Driver/Inc/stm32h5xx_ll_gpio.h:923:22:LL_GPIO_ResetOutputPin	16	static
C:/Users/IRIAF-Jahad/Desktop/Table_Tester/CubeMX/Table_Tester_PRS20/Core/Src/main.c:78:5:main	8	static
C:/Users/IRIAF-Jahad/Desktop/Table_Tester/CubeMX/Table_Tester_PRS20/Core/Src/main.c:161:6:SystemClock_Config	8	static
C:/Users/IRIAF-Jahad/Desktop/Table_Tester/CubeMX/Table_Tester_PRS20/Core/Src/main.c:218:6:PeriphCommonClock_Config	8	static
C:/Users/IRIAF-Jahad/Desktop/Table_Tester/CubeMX/Table_Tester_PRS20/Core/Src/main.c:243:13:MX_GPDMA1_Init	8	static
C:/Users/IRIAF-Jahad/Desktop/Table_Tester/CubeMX/Table_Tester_PRS20/Core/Src/main.c:271:13:MX_LPUART1_UART_Init	64	static
C:/Users/IRIAF-Jahad/Desktop/Table_Tester/CubeMX/Table_Tester_PRS20/Core/Src/main.c:332:13:MX_UART4_Init	64	static
C:/Users/IRIAF-Jahad/Desktop/Table_Tester/CubeMX/Table_Tester_PRS20/Core/Src/main.c:390:13:MX_UART5_Init	64	static
C:/Users/IRIAF-Jahad/Desktop/Table_Tester/CubeMX/Table_Tester_PRS20/Core/Src/main.c:448:13:MX_UART7_Init	64	static
C:/Users/IRIAF-Jahad/Desktop/Table_Tester/CubeMX/Table_Tester_PRS20/Core/Src/main.c:506:13:MX_USART3_UART_Init	216	static
C:/Users/IRIAF-Jahad/Desktop/Table_Tester/CubeMX/Table_Tester_PRS20/Core/Src/main.c:597:13:MX_USART6_UART_Init	64	static
C:/Users/IRIAF-Jahad/Desktop/Table_Tester/CubeMX/Table_Tester_PRS20/Core/Src/main.c:655:13:MX_USART11_UART_Init	64	static
C:/Users/IRIAF-Jahad/Desktop/Table_Tester/CubeMX/Table_Tester_PRS20/Core/Src/main.c:713:13:MX_SPI3_Init	224	static
C:/Users/IRIAF-Jahad/Desktop/Table_Tester/CubeMX/Table_Tester_PRS20/Core/Src/main.c:808:13:MX_SPI6_Init	72	static
C:/Users/IRIAF-Jahad/Desktop/Table_Tester/CubeMX/Table_Tester_PRS20/Core/Src/main.c:866:13:MX_GPIO_Init	32	static
C:/Users/IRIAF-Jahad/Desktop/Table_Tester/CubeMX/Table_Tester_PRS20/Core/Src/main.c:923:6:Error_Handler	4	static,ignoring_inline_asm
