../../Drivers/CMSIS/Include/core_cm33.h:2359:22:__NVIC_SetPriorityGrouping	1
../../Drivers/CMSIS/Include/core_cm33.h:2378:26:__NVIC_GetPriorityGrouping	1
../../Drivers/CMSIS/Include/core_cm33.h:2390:22:__NVIC_EnableIRQ	2
../../Drivers/CMSIS/Include/core_cm33.h:2587:22:__NVIC_SetPriority	2
../../Drivers/CMSIS/Include/core_cm33.h:2634:26:NVIC_EncodePriority	2
../../Drivers/STM32H5xx_HAL_Driver/Inc/stm32h5xx_ll_dma.h:1643:22:LL_DMA_EnableChannel	1
../../Drivers/STM32H5xx_HAL_Driver/Inc/stm32h5xx_ll_dma.h:5978:22:LL_DMA_EnableIT_TC	1
../../Drivers/STM32H5xx_HAL_Driver/Inc/stm32h5xx_ll_lpuart.h:495:22:LL_LPUART_Enable	1
../../Drivers/STM32H5xx_HAL_Driver/Inc/stm32h5xx_ll_lpuart.h:547:22:LL_LPUART_DisableFIFO	1
../../Drivers/STM32H5xx_HAL_Driver/Inc/stm32h5xx_ll_lpuart.h:576:22:LL_LPUART_SetTXFIFOThreshold	2
../../Drivers/STM32H5xx_HAL_Driver/Inc/stm32h5xx_ll_lpuart.h:611:22:LL_LPUART_SetRXFIFOThreshold	2
../../Drivers/STM32H5xx_HAL_Driver/Inc/stm32h5xx_ll_lpuart.h:1296:22:LL_LPUART_DisableOverrunDetect	1
../../Drivers/STM32H5xx_HAL_Driver/Inc/stm32h5xx_ll_lpuart.h:2390:22:LL_LPUART_EnableDMAReq_RX	2
../../Drivers/STM32H5xx_HAL_Driver/Inc/stm32h5xx_ll_lpuart.h:2493:26:LL_LPUART_DMA_GetRegAddr	2
../../Drivers/STM32H5xx_HAL_Driver/Inc/stm32h5xx_ll_rcc.h:1538:22:LL_RCC_HSE_EnableBypass	1
../../Drivers/STM32H5xx_HAL_Driver/Inc/stm32h5xx_ll_rcc.h:1558:22:LL_RCC_HSE_Enable	1
../../Drivers/STM32H5xx_HAL_Driver/Inc/stm32h5xx_ll_rcc.h:1578:26:LL_RCC_HSE_IsReady	2
../../Drivers/STM32H5xx_HAL_Driver/Inc/stm32h5xx_ll_rcc.h:1592:22:LL_RCC_HSE_SetExternalClockType	1
../../Drivers/STM32H5xx_HAL_Driver/Inc/stm32h5xx_ll_rcc.h:2164:22:LL_RCC_SetSysClkSource	1
../../Drivers/STM32H5xx_HAL_Driver/Inc/stm32h5xx_ll_rcc.h:2178:26:LL_RCC_GetSysClkSource	1
../../Drivers/STM32H5xx_HAL_Driver/Inc/stm32h5xx_ll_rcc.h:2198:22:LL_RCC_SetAHBPrescaler	1
../../Drivers/STM32H5xx_HAL_Driver/Inc/stm32h5xx_ll_rcc.h:2228:22:LL_RCC_SetAPB1Prescaler	1
../../Drivers/STM32H5xx_HAL_Driver/Inc/stm32h5xx_ll_rcc.h:2244:22:LL_RCC_SetAPB2Prescaler	1
../../Drivers/STM32H5xx_HAL_Driver/Inc/stm32h5xx_ll_rcc.h:2260:22:LL_RCC_SetAPB3Prescaler	1
../../Drivers/STM32H5xx_HAL_Driver/Inc/stm32h5xx_ll_rcc.h:2640:22:LL_RCC_SetClockSource	1
../../Drivers/STM32H5xx_HAL_Driver/Inc/stm32h5xx_ll_rcc.h:2696:22:LL_RCC_SetUSARTClockSource	1
../../Drivers/STM32H5xx_HAL_Driver/Inc/stm32h5xx_ll_rcc.h:2749:22:LL_RCC_SetUARTClockSource	1
../../Drivers/STM32H5xx_HAL_Driver/Inc/stm32h5xx_ll_rcc.h:2769:22:LL_RCC_SetLPUARTClockSource	1
../../Drivers/STM32H5xx_HAL_Driver/Inc/stm32h5xx_ll_rcc.h:2878:22:LL_RCC_SetSPIClockSource	1
../../Drivers/STM32H5xx_HAL_Driver/Inc/stm32h5xx_ll_rcc.h:4180:22:LL_RCC_PLL1_Enable	1
../../Drivers/STM32H5xx_HAL_Driver/Inc/stm32h5xx_ll_rcc.h:4201:26:LL_RCC_PLL1_IsReady	2
../../Drivers/STM32H5xx_HAL_Driver/Inc/stm32h5xx_ll_rcc.h:4212:22:LL_RCC_PLL1P_Enable	1
../../Drivers/STM32H5xx_HAL_Driver/Inc/stm32h5xx_ll_rcc.h:4339:22:LL_RCC_PLL1_SetSource	1
../../Drivers/STM32H5xx_HAL_Driver/Inc/stm32h5xx_ll_rcc.h:4363:22:LL_RCC_PLL1_SetN	1
../../Drivers/STM32H5xx_HAL_Driver/Inc/stm32h5xx_ll_rcc.h:4384:22:LL_RCC_PLL1_SetP	1
../../Drivers/STM32H5xx_HAL_Driver/Inc/stm32h5xx_ll_rcc.h:4407:22:LL_RCC_PLL1_SetQ	1
../../Drivers/STM32H5xx_HAL_Driver/Inc/stm32h5xx_ll_rcc.h:4429:22:LL_RCC_PLL1_SetR	1
../../Drivers/STM32H5xx_HAL_Driver/Inc/stm32h5xx_ll_rcc.h:4450:22:LL_RCC_PLL1_SetM	1
../../Drivers/STM32H5xx_HAL_Driver/Inc/stm32h5xx_ll_rcc.h:4526:22:LL_RCC_PLL1_SetVCOInputRange	1
../../Drivers/STM32H5xx_HAL_Driver/Inc/stm32h5xx_ll_rcc.h:4540:22:LL_RCC_PLL1_SetVCOOutputRange	1
../../Drivers/STM32H5xx_HAL_Driver/Inc/stm32h5xx_ll_rcc.h:4558:22:LL_RCC_PLL2_Enable	1
../../Drivers/STM32H5xx_HAL_Driver/Inc/stm32h5xx_ll_rcc.h:4578:26:LL_RCC_PLL2_IsReady	2
../../Drivers/STM32H5xx_HAL_Driver/Inc/stm32h5xx_ll_rcc.h:4593:22:LL_RCC_PLL2_SetSource	1
../../Drivers/STM32H5xx_HAL_Driver/Inc/stm32h5xx_ll_rcc.h:4618:22:LL_RCC_PLL2_SetM	1
../../Drivers/STM32H5xx_HAL_Driver/Inc/stm32h5xx_ll_rcc.h:4638:22:LL_RCC_PLL2_SetN	1
../../Drivers/STM32H5xx_HAL_Driver/Inc/stm32h5xx_ll_rcc.h:4659:22:LL_RCC_PLL2_SetP	1
../../Drivers/STM32H5xx_HAL_Driver/Inc/stm32h5xx_ll_rcc.h:4682:22:LL_RCC_PLL2_SetQ	1
../../Drivers/STM32H5xx_HAL_Driver/Inc/stm32h5xx_ll_rcc.h:4704:23:LL_RCC_PLL2_SetR	1
../../Drivers/STM32H5xx_HAL_Driver/Inc/stm32h5xx_ll_rcc.h:4725:22:LL_RCC_PLL2P_Enable	1
../../Drivers/STM32H5xx_HAL_Driver/Inc/stm32h5xx_ll_rcc.h:4877:22:LL_RCC_PLL2_SetVCOInputRange	1
../../Drivers/STM32H5xx_HAL_Driver/Inc/stm32h5xx_ll_rcc.h:4891:22:LL_RCC_PLL2_SetVCOOutputRange	1
../../Drivers/STM32H5xx_HAL_Driver/Inc/stm32h5xx_ll_pwr.h:704:22:LL_PWR_SetRegulVoltageScaling	1
../../Drivers/STM32H5xx_HAL_Driver/Inc/stm32h5xx_ll_pwr.h:951:22:LL_PWR_DisableUCPDDeadBattery	1
../../Drivers/STM32H5xx_HAL_Driver/Inc/stm32h5xx_ll_pwr.h:1534:26:LL_PWR_IsActiveFlag_VOS	2
../../Drivers/STM32H5xx_HAL_Driver/Inc/stm32h5xx_ll_bus.h:560:22:LL_AHB1_GRP1_EnableClock	1
../../Drivers/STM32H5xx_HAL_Driver/Inc/stm32h5xx_ll_bus.h:889:22:LL_AHB2_GRP1_EnableClock	1
../../Drivers/STM32H5xx_HAL_Driver/Inc/stm32h5xx_ll_bus.h:1507:22:LL_APB1_GRP1_EnableClock	1
../../Drivers/STM32H5xx_HAL_Driver/Inc/stm32h5xx_ll_bus.h:2216:22:LL_APB2_GRP1_EnableClock	1
../../Drivers/STM32H5xx_HAL_Driver/Inc/stm32h5xx_ll_bus.h:2531:22:LL_APB3_GRP1_EnableClock	1
../../Drivers/STM32H5xx_HAL_Driver/Inc/stm32h5xx_ll_system.h:1706:22:LL_FLASH_SetLatency	1
../../Drivers/STM32H5xx_HAL_Driver/Inc/stm32h5xx_ll_system.h:1732:26:LL_FLASH_GetLatency	1
../../Drivers/STM32H5xx_HAL_Driver/Inc/stm32h5xx_ll_spi.h:1048:22:LL_SPI_SetStandard	1
../../Drivers/STM32H5xx_HAL_Driver/Inc/stm32h5xx_ll_spi.h:1402:22:LL_SPI_SetFIFOThreshold	1
../../Drivers/STM32H5xx_HAL_Driver/Inc/stm32h5xx_ll_spi.h:1591:22:LL_SPI_EnableNSSPulseMgt	1
../../Drivers/STM32H5xx_HAL_Driver/Inc/stm32h5xx_ll_usart.h:635:22:LL_USART_Enable	1
../../Drivers/STM32H5xx_HAL_Driver/Inc/stm32h5xx_ll_usart.h:686:22:LL_USART_DisableFIFO	1
../../Drivers/STM32H5xx_HAL_Driver/Inc/stm32h5xx_ll_usart.h:719:22:LL_USART_SetTXFIFOThreshold	2
../../Drivers/STM32H5xx_HAL_Driver/Inc/stm32h5xx_ll_usart.h:758:22:LL_USART_SetRXFIFOThreshold	2
../../Drivers/STM32H5xx_HAL_Driver/Inc/stm32h5xx_ll_usart.h:1804:22:LL_USART_DisableOverrunDetect	1
../../Drivers/STM32H5xx_HAL_Driver/Inc/stm32h5xx_ll_usart.h:2674:22:LL_USART_ConfigAsyncMode	1
../../Drivers/STM32H5xx_HAL_Driver/Inc/stm32h5xx_ll_usart.h:4117:22:LL_USART_EnableDMAReq_RX	2
../../Drivers/STM32H5xx_HAL_Driver/Inc/stm32h5xx_ll_usart.h:4220:26:LL_USART_DMA_GetRegAddr	2
../../Drivers/STM32H5xx_HAL_Driver/Inc/stm32h5xx_ll_gpio.h:923:22:LL_GPIO_ResetOutputPin	1
C:/Users/IRIAF-Jahad/Desktop/Table_Tester/Table_Tester_PRS20/Core/Src/main.c:78:5:main	1
C:/Users/IRIAF-Jahad/Desktop/Table_Tester/Table_Tester_PRS20/Core/Src/main.c:161:6:SystemClock_Config	6
C:/Users/IRIAF-Jahad/Desktop/Table_Tester/Table_Tester_PRS20/Core/Src/main.c:218:6:PeriphCommonClock_Config	2
C:/Users/IRIAF-Jahad/Desktop/Table_Tester/Table_Tester_PRS20/Core/Src/main.c:243:13:MX_GPDMA1_Init	1
C:/Users/IRIAF-Jahad/Desktop/Table_Tester/Table_Tester_PRS20/Core/Src/main.c:288:13:MX_LPUART1_UART_Init	1
C:/Users/IRIAF-Jahad/Desktop/Table_Tester/Table_Tester_PRS20/Core/Src/main.c:382:13:MX_UART4_Init	1
C:/Users/IRIAF-Jahad/Desktop/Table_Tester/Table_Tester_PRS20/Core/Src/main.c:473:13:MX_UART5_Init	1
C:/Users/IRIAF-Jahad/Desktop/Table_Tester/Table_Tester_PRS20/Core/Src/main.c:564:13:MX_UART7_Init	1
C:/Users/IRIAF-Jahad/Desktop/Table_Tester/Table_Tester_PRS20/Core/Src/main.c:655:13:MX_USART3_UART_Init	1
C:/Users/IRIAF-Jahad/Desktop/Table_Tester/Table_Tester_PRS20/Core/Src/main.c:746:13:MX_USART6_UART_Init	1
C:/Users/IRIAF-Jahad/Desktop/Table_Tester/Table_Tester_PRS20/Core/Src/main.c:837:13:MX_USART11_UART_Init	1
C:/Users/IRIAF-Jahad/Desktop/Table_Tester/Table_Tester_PRS20/Core/Src/main.c:928:13:MX_SPI3_Init	1
C:/Users/IRIAF-Jahad/Desktop/Table_Tester/Table_Tester_PRS20/Core/Src/main.c:1023:13:MX_SPI6_Init	1
C:/Users/IRIAF-Jahad/Desktop/Table_Tester/Table_Tester_PRS20/Core/Src/main.c:1081:13:MX_GPIO_Init	1
C:/Users/IRIAF-Jahad/Desktop/Table_Tester/Table_Tester_PRS20/Core/Src/main.c:1138:6:Error_Handler	1
