../../Drivers/STM32H5xx_HAL_Driver/Inc/stm32h5xx_ll_dma.h:1643:22:LL_DMA_EnableChannel	24	static
../../Drivers/STM32H5xx_HAL_Driver/Inc/stm32h5xx_ll_dma.h:1665:22:LL_DMA_DisableChannel	24	static
../../Drivers/STM32H5xx_HAL_Driver/Inc/stm32h5xx_ll_dma.h:1733:22:LL_DMA_SuspendChannel	24	static
../../Drivers/STM32H5xx_HAL_Driver/Inc/stm32h5xx_ll_dma.h:4308:22:LL_DMA_SetBlkDataLength	32	static
../../Drivers/STM32H5xx_HAL_Driver/Inc/stm32h5xx_ll_dma.h:4427:22:LL_DMA_SetDestAddress	32	static
../../Drivers/STM32H5xx_HAL_Driver/Inc/stm32h5xx_ll_dma.h:5477:22:LL_DMA_ClearFlag_SUSP	24	static
../../Drivers/STM32H5xx_HAL_Driver/Inc/stm32h5xx_ll_dma.h:5565:22:LL_DMA_ClearFlag_HT	24	static
../../Drivers/STM32H5xx_HAL_Driver/Inc/stm32h5xx_ll_dma.h:5587:22:LL_DMA_ClearFlag_TC	24	static
../../Drivers/STM32H5xx_HAL_Driver/Inc/stm32h5xx_ll_dma.h:5978:22:LL_DMA_EnableIT_TC	24	static
../../Drivers/STM32H5xx_HAL_Driver/Inc/stm32h5xx_ll_dma.h:6132:22:LL_DMA_DisableIT_TC	24	static
C:/Users/IRIAF-Jahad/Desktop/Table_Tester/Table_Tester_PRS20/Core/Src/stm32h5xx_it.c:71:6:NMI_Handler	4	static
C:/Users/IRIAF-Jahad/Desktop/Table_Tester/Table_Tester_PRS20/Core/Src/stm32h5xx_it.c:86:6:HardFault_Handler	4	static
C:/Users/IRIAF-Jahad/Desktop/Table_Tester/Table_Tester_PRS20/Core/Src/stm32h5xx_it.c:101:6:MemManage_Handler	4	static
C:/Users/IRIAF-Jahad/Desktop/Table_Tester/Table_Tester_PRS20/Core/Src/stm32h5xx_it.c:116:6:BusFault_Handler	4	static
C:/Users/IRIAF-Jahad/Desktop/Table_Tester/Table_Tester_PRS20/Core/Src/stm32h5xx_it.c:131:6:UsageFault_Handler	4	static
C:/Users/IRIAF-Jahad/Desktop/Table_Tester/Table_Tester_PRS20/Core/Src/stm32h5xx_it.c:146:6:DebugMon_Handler	4	static
C:/Users/IRIAF-Jahad/Desktop/Table_Tester/Table_Tester_PRS20/Core/Src/stm32h5xx_it.c:166:6:GPDMA1_Channel0_IRQHandler	8	static
