../../Drivers/STM32H5xx_HAL_Driver/Inc/stm32h5xx_ll_dma.h:1643:22:LL_DMA_EnableChannel	24	static
../../Drivers/STM32H5xx_HAL_Driver/Inc/stm32h5xx_ll_dma.h:1665:22:LL_DMA_DisableChannel	24	static
../../Drivers/STM32H5xx_HAL_Driver/Inc/stm32h5xx_ll_dma.h:1733:22:LL_DMA_SuspendChannel	24	static
../../Drivers/STM32H5xx_HAL_Driver/Inc/stm32h5xx_ll_dma.h:4308:22:LL_DMA_SetBlkDataLength	32	static
../../Drivers/STM32H5xx_HAL_Driver/Inc/stm32h5xx_ll_dma.h:4427:22:LL_DMA_SetDestAddress	32	static
../../Drivers/STM32H5xx_HAL_Driver/Inc/stm32h5xx_ll_dma.h:5477:22:LL_DMA_ClearFlag_SUSP	24	static
../../Drivers/STM32H5xx_HAL_Driver/Inc/stm32h5xx_ll_dma.h:5565:22:LL_DMA_ClearFlag_HT	24	static
../../Drivers/STM32H5xx_HAL_Driver/Inc/stm32h5xx_ll_dma.h:5587:22:LL_DMA_ClearFlag_TC	24	static
../../Drivers/STM32H5xx_HAL_Driver/Inc/stm32h5xx_ll_dma.h:5978:22:LL_DMA_EnableIT_TC	24	static
../../Drivers/STM32H5xx_HAL_Driver/Inc/stm32h5xx_ll_dma.h:6132:22:LL_DMA_DisableIT_TC	24	static
C:/Users/IRIAF-Jahad/Desktop/Table_Tester/Table_Tester_PRS20/Core/Src/stm32h5xx_it.c:72:6:NMI_Handler	4	static
C:/Users/IRIAF-Jahad/Desktop/Table_Tester/Table_Tester_PRS20/Core/Src/stm32h5xx_it.c:87:6:HardFault_Handler	4	static
C:/Users/IRIAF-Jahad/Desktop/Table_Tester/Table_Tester_PRS20/Core/Src/stm32h5xx_it.c:102:6:MemManage_Handler	4	static
C:/Users/IRIAF-Jahad/Desktop/Table_Tester/Table_Tester_PRS20/Core/Src/stm32h5xx_it.c:117:6:BusFault_Handler	4	static
C:/Users/IRIAF-Jahad/Desktop/Table_Tester/Table_Tester_PRS20/Core/Src/stm32h5xx_it.c:132:6:UsageFault_Handler	4	static
C:/Users/IRIAF-Jahad/Desktop/Table_Tester/Table_Tester_PRS20/Core/Src/stm32h5xx_it.c:147:6:DebugMon_Handler	4	static
C:/Users/IRIAF-Jahad/Desktop/Table_Tester/Table_Tester_PRS20/Core/Src/stm32h5xx_it.c:169:6:GPDMA1_Channel0_IRQHandler	8	static
C:/Users/IRIAF-Jahad/Desktop/Table_Tester/Table_Tester_PRS20/Core/Src/stm32h5xx_it.c:201:6:GPDMA1_Channel1_IRQHandler	8	static
C:/Users/IRIAF-Jahad/Desktop/Table_Tester/Table_Tester_PRS20/Core/Src/stm32h5xx_it.c:219:6:GPDMA1_Channel2_IRQHandler	8	static
C:/Users/IRIAF-Jahad/Desktop/Table_Tester/Table_Tester_PRS20/Core/Src/stm32h5xx_it.c:237:6:GPDMA1_Channel3_IRQHandler	8	static
C:/Users/IRIAF-Jahad/Desktop/Table_Tester/Table_Tester_PRS20/Core/Src/stm32h5xx_it.c:255:6:GPDMA1_Channel4_IRQHandler	8	static
C:/Users/IRIAF-Jahad/Desktop/Table_Tester/Table_Tester_PRS20/Core/Src/stm32h5xx_it.c:273:6:GPDMA1_Channel5_IRQHandler	8	static
C:/Users/IRIAF-Jahad/Desktop/Table_Tester/Table_Tester_PRS20/Core/Src/stm32h5xx_it.c:291:6:GPDMA1_Channel6_IRQHandler	8	static
C:/Users/IRIAF-Jahad/Desktop/Table_Tester/Table_Tester_PRS20/Core/Src/stm32h5xx_it.c:312:6:USB_DRD_FS_IRQHandler	8	static
C:/Users/IRIAF-Jahad/Desktop/Table_Tester/Table_Tester_PRS20/Core/Src/stm32h5xx_it.c:326:6:UCPD1_IRQHandler	4	static
